Attacks:
- Target:
    Name: Basic Target
    Target: Enemy, Self, Ally
  Ability: Strength
  Effects:
  - Target:
      Name: See Other
    EffectType: Harmful
    Modifiers:
    - Name: Damage
      Damage: 1[W] + STR
      DamageTypes: []
  Modifiers:
  - Name: RequiredHitForNextAttack
- Target:
    Name: Basic Target
    Target: Enemy, Self, Ally
  Ability: Strength
  Effects:
  - Target:
      Name: See Other
    EffectType: Harmful
    Modifiers:
    - Name: Damage
      Damage: 1[W] + STR
      DamageTypes: []
  Modifiers:
  - Name: Multiattack
Modifiers:
- Name: Duration
  Duration: EndOfUserNextTurn
- Name: Power Source
  PowerSource: Martial
Effects:
- Target:
    Name: Basic Target
    Target: Self, Ally
  EffectType: Beneficial
  Modifiers:
  - Name: Boost
    Boosts:
    - Name: Attack
      Amount: STR
      Limit: Target
