Usage: Encounter
Tool: Weapon
ToolRange: Melee
Attacks:
- WeaponDice: 1
  Ability: Strength
  DamageTypes:
  - Normal
  Effects: []
  Modifiers:
  - Name: RequiredHitForNextAttack
  - Abilities:
    - Strength
    Name: Ability Modifier Damage
- WeaponDice: 1
  Ability: Strength
  DamageTypes:
  - Normal
  Effects: []
  Modifiers:
  - Name: RequiresPreviousHit
  - Abilities:
    - Strength
    Name: Ability Modifier Damage
Modifiers:
- PowerSource: Martial
  Name: Power Source
Effects:
- Target:
    Target: Self
    Name: Basic Target
  EffectType: Beneficial
  Modifiers:
  - Boosts:
    - Amount: STR
      Limit: NextAttack
      Name: Attack
    Name: Boost
