Usage: AtWill
Tool: Weapon
ToolRange: Range
Attacks:
- Ability: Strength
  Effects:
  - Target:
      Name: TwoHits
    EffectType: Harmful
    Modifiers:
    - Damage: 1[W]
      DamageTypes:
      - Normal
      Name: Damage
  Modifiers: []
Modifiers:
- PowerSource: Martial
  Name: Power Source
Effects: []
