- PowerInfo:
    Usage: Daily
    ToolType: Weapon
    ToolRange: Melee
    Level: 1
    Abilities:
    - Strength
    - Dexterity
  PowerProfile:
    Attacks:
    - Target:
        Name: Multiple
        Target: Enemy, Self, Ally
        Size: 7
        Type: Burst
      Ability: Strength
      Effects:
      - Target:
          Name: See Other
        EffectType: Harmful
        Modifiers:
        - Name: Damage
          Damage: 1[W] + STR
          DamageTypes: []
      Modifiers: []
    - Target:
        Name: Basic Target
        Target: Enemy, Self, Ally
      Ability: Strength
      Effects:
      - Target:
          Name: See Other
        EffectType: Harmful
        Modifiers:
        - Name: Damage
          Damage: 1[W] + STR
          DamageTypes: []
      Modifiers: []
    Modifiers:
    - Name: Power Source
      PowerSource: Martial
    Effects:
    - Target:
        Name: Basic Target
        Target: Self
      EffectType: Beneficial
      Modifiers:
      - Name: Skirmish Movement
        Movement:
        - Name: Extra Movement
          Amount: DEX
          MovementType: Move
- Name: Unknown
  TypeInfo: Weapon Attack 1
  FlavorText: ''
  PowerUsage: Daily
  Keywords:
  - Martial
  - Weapon
  ActionType: Standard Action
  AttackType: Close
  AttackTypeDetails: burst 3
  Target: Each creature
  Attack: STR vs. AC
  RulesText:
  - Label: Hit
    Text: 1[W] + STR damage.
  - Label: Secondary Target
    Text: One creature
  - Label: Secondary Attack
    Text: STR vs. AC
  - Label: Secondary Hit
    Text: 1[W] + STR damage.
  - Label: Effect
    Text: You may move DEX squares.
- Fields:
    Flavor Text: ''
    Name: Unknown
