Attacks:
- Target:
    Name: Basic Target
    Target: Enemy, Self, Ally
  Ability: Strength
  Effects:
  - Target:
      Name: See Other
    EffectType: Harmful
    Modifiers:
    - Name: Damage
      Damage: d4 + STR
      DamageTypes:
      - Radiant
  Modifiers:
  - Name: Non-Armor Defense
    Defense: Fortitude
  - Name: To-Hit Bonus to Current Attack
    Amount: +4
Modifiers:
- Name: Power Source
  PowerSource: Arcane
- Name: Increase Damage by Level
Effects: []
