- Level: 1
  PowerProfile:
    Usage: AtWill
    Tool: Implement
    ToolRange: Range
    Attacks:
    - Target:
        Target: Enemy, Self, Ally
        Size: 1
        Type: Blast
        Name: Multiple
      Ability: Wisdom
      Effects:
      - Target:
          Name: See Other
        EffectType: Harmful
        Modifiers:
        - Damage: d4 + WIS
          DamageTypes: []
          Name: Damage
      Modifiers:
      - Defense: Fortitude
        Name: Non-Armor Defense
      - Amount: +4
        Name: To-Hit Bonus to Current Attack
    Modifiers:
    - PowerSource: Arcane
      Name: Power Source
    Effects: []
- Level: 1
  PowerProfile:
    Usage: AtWill
    Tool: Implement
    ToolRange: Range
    Attacks:
    - Target:
        Target: Enemy, Self, Ally
        Size: 1
        Type: Blast
        Name: Multiple
      Ability: Wisdom
      Effects:
      - Target:
          Name: See Other
        EffectType: Harmful
        Modifiers:
        - Damage: d4 + WIS
          DamageTypes: []
          Name: Damage
      Modifiers:
      - Defense: Reflex
        Name: Non-Armor Defense
    Modifiers:
    - PowerSource: Arcane
      Name: Power Source
    Effects:
    - Target:
        Target: Self
        Name: Basic Target
      EffectType: Beneficial
      Modifiers:
      - Movement:
        - Amount: +4
          Name: Shift
        Name: Skirmish Movement
- Level: 1
  PowerProfile:
    Usage: AtWill
    Tool: Implement
    ToolRange: Range
    Attacks:
    - Target:
        Target: Enemy, Self, Ally
        Size: 1
        Type: Blast
        Name: Multiple
      Ability: Wisdom
      Effects:
      - Target:
          Name: See Other
        EffectType: Harmful
        Modifiers:
        - Damage: d4 + WIS
          DamageTypes: []
          Name: Damage
      Modifiers:
      - Defense: Fortitude
        Name: Non-Armor Defense
    - Target:
        Target: Enemy, Self, Ally
        Size: 1
        Type: Blast
        Name: Multiple
      Ability: Wisdom
      Effects:
      - Target:
          Name: See Other
        EffectType: Harmful
        Modifiers:
        - Damage: d4 + WIS
          DamageTypes: []
          Name: Damage
      Modifiers:
      - Defense: Will
        Name: Non-Armor Defense
    Modifiers:
    - PowerSource: Arcane
      Name: Power Source
    Effects: []
- Level: 1
  PowerProfile:
    Usage: AtWill
    Tool: Implement
    ToolRange: Range
    Attacks:
    - Target:
        Target: Enemy, Self, Ally
        Size: 1
        Type: Blast
        Name: Multiple
      Ability: Wisdom
      Effects:
      - Target:
          Name: See Other
        EffectType: Harmful
        Modifiers:
        - Damage: d4 + WIS
          DamageTypes: []
          Name: Damage
      Modifiers:
      - Name: RequiredHitForNextAttack
      - Defense: Fortitude
        Name: Non-Armor Defense
    - Target:
        Target: Enemy, Self, Ally
        Size: 1
        Type: Blast
        Name: Multiple
      Ability: Wisdom
      Effects:
      - Target:
          Name: See Other
        EffectType: Harmful
        Modifiers:
        - Damage: d4 + WIS
          DamageTypes: []
          Name: Damage
        - Effects:
          - Mode: Push
            Amount: +1
            Name: Slide Opponent
          Name: MovementControl
      Modifiers:
      - Name: RequiresPreviousHit
      - Defense: Fortitude
        Name: Non-Armor Defense
    Modifiers:
    - PowerSource: Arcane
      Name: Power Source
    Effects: []
- Level: 1
  PowerProfile:
    Usage: Encounter
    Tool: Implement
    ToolRange: Range
    Attacks:
    - Target:
        Target: Enemy, Self, Ally
        Size: 3
        Type: Burst
        Name: Multiple
      Ability: Wisdom
      Effects:
      - Target:
          Name: See Other
        EffectType: Harmful
        Modifiers:
        - Damage: d4 + WIS
          DamageTypes: []
          Name: Damage
      Modifiers:
      - Amount: +2
        Name: To-Hit Bonus to Current Attack
      - Defense: Will
        Name: Non-Armor Defense
    Modifiers:
    - PowerSource: Arcane
      Name: Power Source
    Effects: []
- Level: 1
  PowerProfile:
    Usage: Encounter
    Tool: Implement
    ToolRange: Range
    Attacks:
    - Target:
        Target: Enemy, Self, Ally
        Size: 1
        Type: Blast
        Name: Multiple
      Ability: Wisdom
      Effects:
      - Target:
          Name: See Other
        EffectType: Harmful
        Modifiers:
        - Damage: 3d4 + WIS
          DamageTypes: []
          Name: Damage
      Modifiers:
      - Defense: Will
        Name: Non-Armor Defense
    Modifiers:
    - Duration: SaveEnds
      Name: Duration
    - PowerSource: Arcane
      Name: Power Source
    Effects:
    - Target:
        Name: See Other
      EffectType: Harmful
      Modifiers:
      - Conditions:
        - Name: Marked
        Name: Condition
- Level: 1
  PowerProfile:
    Usage: Encounter
    Tool: Implement
    ToolRange: Range
    Attacks:
    - Target:
        Target: Enemy, Self, Ally
        Size: 1
        Type: Blast
        Name: Multiple
      Ability: Wisdom
      Effects:
      - Target:
          Name: See Other
        EffectType: Harmful
        Modifiers:
        - Damage: d4 + WIS
          DamageTypes: []
          Name: Damage
      Modifiers:
      - Defense: Fortitude
        Name: Non-Armor Defense
    - Target:
        Target: Enemy, Self, Ally
        Size: 1
        Type: Blast
        Name: Multiple
      Ability: Wisdom
      Effects:
      - Target:
          Name: See Other
        EffectType: Harmful
        Modifiers:
        - Damage: d4 + WIS
          DamageTypes: []
          Name: Damage
      Modifiers:
      - Defense: Will
        Name: Non-Armor Defense
    Modifiers:
    - Trigger: YouOrAllyAttacked
      Name: OpportunityAction
    - PowerSource: Arcane
      Name: Power Source
    Effects: []
- Level: 1
  PowerProfile:
    Usage: Encounter
    Tool: Implement
    ToolRange: Range
    Attacks:
    - Target:
        Target: Enemy, Self, Ally
        Size: 3
        Type: Area
        Name: Multiple
      Ability: Wisdom
      Effects:
      - Target:
          Name: See Other
        EffectType: Harmful
        Modifiers:
        - Damage: d4 + WIS
          DamageTypes: []
          Name: Damage
      Modifiers:
      - Defense: Reflex
        Name: Non-Armor Defense
    Modifiers:
    - PowerSource: Arcane
      Name: Power Source
    Effects:
    - Target:
        Target: Self
        Name: Basic Target
      EffectType: Beneficial
      Modifiers:
      - Movement:
        - Amount: +4
          Name: Shift
        Name: Skirmish Movement
- Level: 1
  PowerProfile:
    Usage: Daily
    Tool: Implement
    ToolRange: Range
    Attacks:
    - Target:
        Target: Enemy, Self, Ally
        Size: 1
        Type: Blast
        Name: Multiple
      Ability: Wisdom
      Effects:
      - Target:
          Name: See Other
        EffectType: Harmful
        Modifiers:
        - Damage: 3d4 + WIS
          DamageTypes: []
          Name: Damage
        - Effects:
          - Mode: Slide
            Amount: +2
            Name: Slide Opponent
          Name: MovementControl
      Modifiers:
      - Defense: Will
        Name: Non-Armor Defense
    Modifiers:
    - Trigger: YouOrAllyAttacked
      Name: OpportunityAction
    - PowerSource: Arcane
      Name: Power Source
    Effects: []
- Level: 1
  PowerProfile:
    Usage: Daily
    Tool: Implement
    ToolRange: Range
    Attacks:
    - Target:
        Target: Enemy, Self, Ally
        Size: 1
        Type: Blast
        Name: Multiple
      Ability: Wisdom
      Effects:
      - Target:
          Name: See Other
        EffectType: Harmful
        Modifiers:
        - Damage: 3d4 + WIS
          DamageTypes: []
          Name: Damage
      Modifiers:
      - Defense: Reflex
        Name: Non-Armor Defense
    - Target:
        Target: Enemy, Self, Ally
        Size: 1
        Type: Blast
        Name: Multiple
      Ability: Wisdom
      Effects:
      - Target:
          Name: See Other
        EffectType: Harmful
        Modifiers:
        - Damage: 3d4 + WIS
          DamageTypes: []
          Name: Damage
      Modifiers:
      - Defense: Fortitude
        Name: Non-Armor Defense
    Modifiers:
    - PowerSource: Arcane
      Name: Power Source
    Effects:
    - Target:
        Target: Self
        Name: Basic Target
      EffectType: Beneficial
      Modifiers:
      - Movement:
        - Amount: WIS
          Name: Shift
        Name: Skirmish Movement
- Level: 1
  PowerProfile:
    Usage: Daily
    Tool: Implement
    ToolRange: Range
    Attacks:
    - Target:
        Target: Enemy, Self, Ally
        Size: 2
        Type: Blast
        Name: Multiple
      Ability: Wisdom
      Effects:
      - Target:
          Name: See Other
        EffectType: Harmful
        Modifiers:
        - Damage: 2d8 + WIS
          DamageTypes: []
          Name: Damage
      Modifiers:
      - Amount: +2
        Name: To-Hit Bonus to Current Attack
      - Defense: Reflex
        Name: Non-Armor Defense
    Modifiers:
    - PowerSource: Arcane
      Name: Power Source
    Effects:
    - Target:
        Target: Self
        Name: Basic Target
      EffectType: Beneficial
      Modifiers:
      - Boosts:
        - Amount: WIS
          Name: Temporary Hit Points
        Name: Boost
- Level: 1
  PowerProfile:
    Usage: Daily
    Tool: Implement
    ToolRange: Range
    Attacks:
    - Target:
        Name: TwoHits
      Ability: Wisdom
      Effects:
      - Target:
          Name: See Other
        EffectType: Harmful
        Modifiers:
        - Damage: d6 + WIS
          DamageTypes: []
          Name: Damage
      Modifiers:
      - Defense: Reflex
        Name: Non-Armor Defense
    Modifiers:
    - Duration: SaveEnds
      Name: Duration
    - PowerSource: Arcane
      Name: Power Source
    Effects:
    - Target:
        Target: Ally
        Name: Basic Target
      EffectType: Beneficial
      Modifiers:
      - Effects:
        - Name: Prone
        Name: MovementControl
    - Target:
        Name: See Other
      EffectType: Harmful
      Modifiers:
      - Conditions:
        - Name: Deafened
        Name: Condition
- Level: 3
  PowerProfile:
    Usage: Encounter
    Tool: Implement
    ToolRange: Range
    Attacks:
    - Target:
        Target: Enemy, Self, Ally
        Size: 3
        Type: Area
        Name: Multiple
      Ability: Wisdom
      Effects:
      - Target:
          Name: See Other
        EffectType: Harmful
        Modifiers:
        - Damage: d4 + WIS
          DamageTypes: []
          Name: Damage
      Modifiers:
      - Defense: Reflex
        Name: Non-Armor Defense
    Modifiers:
    - Trigger: ACreatureMovesAdjacent
      Name: OpportunityAction
    - PowerSource: Arcane
      Name: Power Source
    Effects: []
- Level: 3
  PowerProfile:
    Usage: Encounter
    Tool: Implement
    ToolRange: Range
    Attacks:
    - Target:
        Target: Enemy, Self, Ally
        Size: 1
        Type: Blast
        Name: Multiple
      Ability: Wisdom
      Effects:
      - Target:
          Name: See Other
        EffectType: Harmful
        Modifiers:
        - Damage: 3d4 + WIS
          DamageTypes: []
          Name: Damage
      Modifiers:
      - Defense: Reflex
        Name: Non-Armor Defense
    Modifiers:
    - PowerSource: Arcane
      Name: Power Source
    Effects:
    - Target:
        Target: Self
        Name: Basic Target
      EffectType: Beneficial
      Modifiers:
      - Movement:
        - Name: Shift
        Name: Skirmish Movement
- Level: 3
  PowerProfile:
    Usage: Encounter
    Tool: Implement
    ToolRange: Range
    Attacks:
    - Target:
        Target: Enemy, Self, Ally
        Size: 1
        Type: Blast
        Name: Multiple
      Ability: Wisdom
      Effects:
      - Target:
          Name: See Other
        EffectType: Harmful
        Modifiers:
        - Damage: d4 + WIS
          DamageTypes: []
          Name: Damage
      Modifiers:
      - Name: RequiredHitForNextAttack
      - Defense: Reflex
        Name: Non-Armor Defense
    - Target:
        Target: Enemy, Self, Ally
        Size: 1
        Type: Blast
        Name: Multiple
      Ability: Wisdom
      Effects:
      - Target:
          Name: See Other
        EffectType: Harmful
        Modifiers:
        - Damage: d4 + WIS
          DamageTypes: []
          Name: Damage
      Modifiers:
      - Name: RequiresPreviousHit
      - Name: RequiredHitForNextAttack
      - Defense: Fortitude
        Name: Non-Armor Defense
    - Target:
        Target: Enemy, Self, Ally
        Size: 1
        Type: Blast
        Name: Multiple
      Ability: Wisdom
      Effects:
      - Target:
          Name: See Other
        EffectType: Harmful
        Modifiers:
        - Damage: d4 + WIS
          DamageTypes: []
          Name: Damage
        - Conditions:
          - Name: Dazed
          - Name: Slowed
          Name: Condition
      Modifiers:
      - Name: RequiresPreviousHit
      - Defense: Will
        Name: Non-Armor Defense
    Modifiers:
    - Duration: EndOfUserNextTurn
      Name: Duration
    - PowerSource: Arcane
      Name: Power Source
    Effects: []
- Level: 3
  PowerProfile:
    Usage: Encounter
    Tool: Implement
    ToolRange: Range
    Attacks:
    - Target:
        Target: Enemy, Self, Ally
        Size: 1
        Type: Blast
        Name: Multiple
      Ability: Wisdom
      Effects:
      - Target:
          Name: See Other
        EffectType: Harmful
        Modifiers:
        - Damage: d4 + WIS
          DamageTypes: []
          Name: Damage
      Modifiers:
      - Defense: Fortitude
        Name: Non-Armor Defense
    - Target:
        Target: Enemy, Self, Ally
        Size: 1
        Type: Blast
        Name: Multiple
      Ability: Wisdom
      Effects:
      - Target:
          Name: See Other
        EffectType: Harmful
        Modifiers:
        - Damage: d4 + WIS
          DamageTypes: []
          Name: Damage
      Modifiers:
      - Defense: Reflex
        Name: Non-Armor Defense
      - Amount: +4
        Name: To-Hit Bonus to Current Attack
    Modifiers:
    - PowerSource: Arcane
      Name: Power Source
    Effects: []
- Level: 5
  PowerProfile:
    Usage: Daily
    Tool: Implement
    ToolRange: Range
    Attacks:
    - Target:
        Target: Enemy, Self, Ally
        Size: 1
        Type: Blast
        Name: Multiple
      Ability: Wisdom
      Effects:
      - Target:
          Name: See Other
        EffectType: Harmful
        Modifiers:
        - Conditions:
          - Name: Weakened
          Name: Condition
        - Damage: 3d8 + WIS
          DamageTypes: []
          Name: Damage
      Modifiers:
      - Defense: Will
        Name: Non-Armor Defense
    Modifiers:
    - Duration: SaveEnds
      Name: Duration
    - PowerSource: Arcane
      Name: Power Source
    Effects:
    - Target:
        Target: Self, Ally
        Name: Basic Target
      EffectType: Beneficial
      Modifiers:
      - Effects:
        - Mode: Push
          Amount: +1
          Name: Slide Opponent
        Name: MovementControl
- Level: 5
  PowerProfile:
    Usage: Daily
    Tool: Implement
    ToolRange: Range
    Attacks:
    - Target:
        Target: Enemy, Self, Ally
        Size: 1
        Type: Blast
        Name: Multiple
      Ability: Wisdom
      Effects:
      - Target:
          Name: See Other
        EffectType: Harmful
        Modifiers:
        - Damage: 3d4 + WIS
          DamageTypes: []
          Name: Damage
        - Conditions:
          - Defense: Will
            Name: Defense Penalty
          - Amount: 5
            Name: Ongoing
          Name: Condition
      Modifiers:
      - Defense: Will
        Name: Non-Armor Defense
    Modifiers:
    - Duration: SaveEnds
      Name: Duration
    - PowerSource: Arcane
      Name: Power Source
    Effects:
    - Target:
        Target: Self
        Name: Basic Target
      EffectType: Beneficial
      Modifiers:
      - Movement:
        - Amount: WIS
          Name: Shift
        Name: Skirmish Movement
- Level: 5
  PowerProfile:
    Usage: Daily
    Tool: Implement
    ToolRange: Range
    Attacks:
    - Target:
        Target: Enemy, Self, Ally
        Size: 1
        Type: Blast
        Name: Multiple
      Ability: Wisdom
      Effects:
      - Target:
          Name: See Other
        EffectType: Harmful
        Modifiers:
        - Damage: 3d4 + WIS
          DamageTypes: []
          Name: Damage
      Modifiers:
      - Defense: Will
        Name: Non-Armor Defense
      - Amount: +8
        Name: To-Hit Bonus to Current Attack
    Modifiers:
    - Duration: SaveEnds
      Name: Duration
    - PowerSource: Arcane
      Name: Power Source
    Effects:
    - Target:
        Name: See Other
      EffectType: Harmful
      Modifiers:
      - Conditions:
        - Name: Slowed
        AfterEffect:
          Condition:
            Name: Immobilized
          AfterFailedSave: true
        Name: Condition
- Level: 5
  PowerProfile:
    Usage: Daily
    Tool: Implement
    ToolRange: Range
    Attacks:
    - Target:
        Target: Enemy, Self, Ally
        Size: 2
        Type: Blast
        Name: Multiple
      Ability: Wisdom
      Effects:
      - Target:
          Name: See Other
        EffectType: Harmful
        Modifiers:
        - Damage: 3d4 + WIS
          DamageTypes: []
          Name: Damage
        - Effects:
          - Name: Prone
          Name: MovementControl
      Modifiers:
      - Defense: Fortitude
        Name: Non-Armor Defense
    Modifiers:
    - PowerSource: Arcane
      Name: Power Source
    Effects:
    - Target:
        Target: Self
        Name: Basic Target
      EffectType: Beneficial
      Modifiers:
      - Boosts:
        - Name: Healing Surge
        Name: Boost
- Level: 7
  PowerProfile:
    Usage: Encounter
    Tool: Implement
    ToolRange: Range
    Attacks:
    - Target:
        Target: Enemy, Self, Ally
        Size: 1
        Type: Blast
        Name: Multiple
      Ability: Wisdom
      Effects:
      - Target:
          Name: See Other
        EffectType: Harmful
        Modifiers:
        - Damage: d4 + WIS
          DamageTypes: []
          Name: Damage
      Modifiers:
      - Defense: Fortitude
        Name: Non-Armor Defense
    - Target:
        Target: Enemy, Self, Ally
        Size: 2
        Type: Blast
        Name: Multiple
      Ability: Wisdom
      Effects:
      - Target:
          Name: See Other
        EffectType: Harmful
        Modifiers:
        - Damage: d4 + WIS
          DamageTypes: []
          Name: Damage
      Modifiers:
      - Defense: Will
        Name: Non-Armor Defense
    Modifiers:
    - PowerSource: Arcane
      Name: Power Source
    Effects:
    - Target:
        Target: Self
        Name: Basic Target
      EffectType: Beneficial
      Modifiers:
      - Movement:
        - Amount: WIS
          Name: Shift
        Name: Skirmish Movement
- Level: 7
  PowerProfile:
    Usage: Encounter
    Tool: Implement
    ToolRange: Range
    Attacks:
    - Target:
        Target: Enemy, Self, Ally
        Size: 1
        Type: Blast
        Name: Multiple
      Ability: Wisdom
      Effects:
      - Target:
          Name: See Other
        EffectType: Harmful
        Modifiers:
        - Conditions:
          - Name: Dazed
          AfterEffect:
            Condition:
              Name: Stunned
            AfterFailedSave: true
          Name: Condition
        - Damage: d10 + WIS
          DamageTypes: []
          Name: Damage
      Modifiers:
      - Defense: Fortitude
        Name: Non-Armor Defense
    Modifiers:
    - Duration: SaveEnds
      Name: Duration
    - PowerSource: Arcane
      Name: Power Source
    Effects: []
- Level: 7
  PowerProfile:
    Usage: Encounter
    Tool: Implement
    ToolRange: Range
    Attacks:
    - Target:
        Target: Enemy, Self, Ally
        Size: 1
        Type: Blast
        Name: Multiple
      Ability: Wisdom
      Effects:
      - Target:
          Name: See Other
        EffectType: Harmful
        Modifiers:
        - Damage: d4 + WIS
          DamageTypes: []
          Name: Damage
        - Conditions:
          - Defense: ArmorClass
            Name: Defense Penalty
          Name: Condition
      Modifiers:
      - Defense: Reflex
        Name: Non-Armor Defense
    Modifiers:
    - Duration: EndOfEncounter
      Name: Duration
    - PowerSource: Arcane
      Name: Power Source
    Effects: []
- Level: 7
  PowerProfile:
    Usage: Encounter
    Tool: Implement
    ToolRange: Range
    Attacks:
    - Target:
        Target: Enemy, Self, Ally
        Size: 1
        Type: Blast
        Name: Multiple
      Ability: Wisdom
      Effects:
      - Target:
          Name: See Other
        EffectType: Harmful
        Modifiers:
        - Damage: d4 + WIS
          DamageTypes: []
          Name: Damage
      Modifiers:
      - Name: RequiredHitForNextAttack
      - Defense: Fortitude
        Name: Non-Armor Defense
    - Target:
        Target: Enemy, Self, Ally
        Size: 1
        Type: Blast
        Name: Multiple
      Ability: Wisdom
      Effects:
      - Target:
          Name: See Other
        EffectType: Harmful
        Modifiers:
        - Damage: d4 + WIS
          DamageTypes: []
          Name: Damage
        - Conditions:
          - Name: Deafened
          Name: Condition
      Modifiers:
      - Name: RequiresPreviousHit
      - Defense: Fortitude
        Name: Non-Armor Defense
    Modifiers:
    - Duration: EndOfEncounter
      Name: Duration
    - PowerSource: Arcane
      Name: Power Source
    Effects: []
- Level: 9
  PowerProfile:
    Usage: Daily
    Tool: Implement
    ToolRange: Range
    Attacks:
    - Target:
        Target: Enemy, Self, Ally
        Size: 1
        Type: Blast
        Name: Multiple
      Ability: Wisdom
      Effects:
      - Target:
          Name: See Other
        EffectType: Harmful
        Modifiers:
        - Damage: 7d6 + WIS
          DamageTypes: []
          Name: Damage
      Modifiers:
      - Amount: +2
        Name: To-Hit Bonus to Current Attack
      - Defense: Reflex
        Name: Non-Armor Defense
    Modifiers:
    - PowerSource: Arcane
      Name: Power Source
    Effects:
    - Target:
        Target: Self, Ally
        Name: Basic Target
      EffectType: Beneficial
      Modifiers:
      - Boosts:
        - Amount: +4
          Limit: Target
          Name: Attack
        Name: Boost
- Level: 9
  PowerProfile:
    Usage: Daily
    Tool: Implement
    ToolRange: Range
    Attacks:
    - Target:
        Target: Enemy, Self, Ally
        Size: 1
        Type: Blast
        Name: Multiple
      Ability: Wisdom
      Effects:
      - Target:
          Name: See Other
        EffectType: Harmful
        Modifiers:
        - Damage: 3d8 + WIS
          DamageTypes: []
          Name: Damage
      Modifiers:
      - Defense: Fortitude
        Name: Non-Armor Defense
    Modifiers:
    - Trigger: YouOrAllyAttacked
      Name: OpportunityAction
    - PowerSource: Arcane
      Name: Power Source
    Effects: []
- Level: 9
  PowerProfile:
    Usage: Daily
    Tool: Implement
    ToolRange: Range
    Attacks:
    - Target:
        Target: Enemy, Self, Ally
        Size: 1
        Type: Blast
        Name: Multiple
      Ability: Wisdom
      Effects:
      - Target:
          Name: See Other
        EffectType: Harmful
        Modifiers:
        - Damage: 4d6 + WIS
          DamageTypes: []
          Name: Damage
      Modifiers:
      - Name: RequiredHitForNextAttack
      - Defense: Reflex
        Name: Non-Armor Defense
    - Target:
        Target: Enemy, Self, Ally
        Size: 1
        Type: Blast
        Name: Multiple
      Ability: Wisdom
      Effects:
      - Target:
          Name: See Other
        EffectType: Harmful
        Modifiers:
        - Damage: 4d6
          DamageTypes: []
          Name: Damage
      Modifiers:
      - Name: RequiresPreviousHit
      - Name: RequiredHitForNextAttack
      - Defense: Reflex
        Name: Non-Armor Defense
    - Target:
        Target: Enemy, Self, Ally
        Size: 1
        Type: Blast
        Name: Multiple
      Ability: Wisdom
      Effects:
      - Target:
          Name: See Other
        EffectType: Harmful
        Modifiers:
        - Damage: 4d6
          DamageTypes: []
          Name: Damage
      Modifiers:
      - Name: RequiresPreviousHit
      - Defense: Fortitude
        Name: Non-Armor Defense
    Modifiers:
    - PowerSource: Arcane
      Name: Power Source
    Effects: []
- Level: 9
  PowerProfile:
    Usage: Daily
    Tool: Implement
    ToolRange: Range
    Attacks:
    - Target:
        Target: Enemy, Self, Ally
        Size: 1
        Type: Blast
        Name: Multiple
      Ability: Wisdom
      Effects:
      - Target:
          Name: See Other
        EffectType: Harmful
        Modifiers:
        - Damage: 3d8 + WIS
          DamageTypes: []
          Name: Damage
        - Effects:
          - Name: Prone
          - Mode: Slide
            Amount: +2
            Name: Slide Opponent
          Name: MovementControl
      Modifiers:
      - Defense: Fortitude
        Name: Non-Armor Defense
    Modifiers:
    - Duration: EndOfEncounter
      Name: Duration
    - PowerSource: Arcane
      Name: Power Source
    Effects:
    - Target:
        Name: See Other
      EffectType: Harmful
      Modifiers:
      - Conditions:
        - Name: Slowed
        AfterEffect:
          Condition:
            Name: Immobilized
          AfterFailedSave: true
        Name: Condition
- Level: 11
  PowerProfile:
    Usage: Encounter
    Tool: Implement
    ToolRange: Range
    Attacks:
    - Target:
        Target: Enemy, Self, Ally
        Size: 1
        Type: Blast
        Name: Multiple
      Ability: Wisdom
      Effects:
      - Target:
          Name: See Other
        EffectType: Harmful
        Modifiers:
        - Damage: 3d4 + WIS
          DamageTypes: []
          Name: Damage
      Modifiers:
      - Defense: Will
        Name: Non-Armor Defense
      - Amount: +8
        Name: To-Hit Bonus to Current Attack
    Modifiers:
    - PowerSource: Arcane
      Name: Power Source
    Effects: []
- Level: 11
  PowerProfile:
    Usage: Encounter
    Tool: Implement
    ToolRange: Range
    Attacks:
    - Target:
        Name: UpToThreeTargets
      Ability: Wisdom
      Effects:
      - Target:
          Name: See Other
        EffectType: Harmful
        Modifiers:
        - Damage: d4 + WIS
          DamageTypes: []
          Name: Damage
      Modifiers:
      - Defense: Fortitude
        Name: Non-Armor Defense
    Modifiers:
    - Duration: SaveEnds
      Name: Duration
    - PowerSource: Arcane
      Name: Power Source
    Effects:
    - Target:
        Name: See Other
      EffectType: Harmful
      Modifiers:
      - Conditions:
        - Name: Slowed
        AfterEffect:
          Condition:
            Name: Immobilized
          AfterFailedSave: true
        Name: Condition
- Level: 11
  PowerProfile:
    Usage: Encounter
    Tool: Implement
    ToolRange: Range
    Attacks:
    - Target:
        Target: Enemy, Self, Ally
        Size: 2
        Type: Blast
        Name: Multiple
      Ability: Wisdom
      Effects:
      - Target:
          Name: See Other
        EffectType: Harmful
        Modifiers:
        - Damage: 4d4 + WIS
          DamageTypes: []
          Name: Damage
      Modifiers:
      - Defense: Will
        Name: Non-Armor Defense
    Modifiers:
    - PowerSource: Arcane
      Name: Power Source
    Effects:
    - Target:
        Target: Self
        Name: Basic Target
      EffectType: Beneficial
      Modifiers:
      - Movement:
        - Amount: WIS
          Name: Shift
        Name: Skirmish Movement
- Level: 11
  PowerProfile:
    Usage: Encounter
    Tool: Implement
    ToolRange: Range
    Attacks:
    - Target:
        Target: Enemy, Self, Ally
        Size: 1
        Type: Blast
        Name: Multiple
      Ability: Wisdom
      Effects:
      - Target:
          Name: See Other
        EffectType: Harmful
        Modifiers:
        - Damage: 3d8 + WIS
          DamageTypes: []
          Name: Damage
      Modifiers:
      - Defense: Will
        Name: Non-Armor Defense
    Modifiers:
    - Duration: SaveEnds
      Name: Duration
    - PowerSource: Arcane
      Name: Power Source
    Effects:
    - Target:
        Name: See Other
      EffectType: Harmful
      Modifiers:
      - Conditions:
        - Name: Marked
        Name: Condition
- Level: 13
  PowerProfile:
    Usage: Encounter
    Tool: Implement
    ToolRange: Range
    Attacks:
    - Target:
        Target: Enemy, Self, Ally
        Size: 3
        Type: Area
        Name: Multiple
      Ability: Wisdom
      Effects:
      - Target:
          Name: See Other
        EffectType: Harmful
        Modifiers:
        - Damage: d4 + WIS
          DamageTypes: []
          Name: Damage
      Modifiers:
      - Defense: Will
        Name: Non-Armor Defense
      - Amount: +4
        Name: To-Hit Bonus to Current Attack
    Modifiers:
    - PowerSource: Arcane
      Name: Power Source
    Effects: []
- Level: 13
  PowerProfile:
    Usage: Encounter
    Tool: Implement
    ToolRange: Range
    Attacks:
    - Target:
        Target: Enemy, Self, Ally
        Size: 1
        Type: Blast
        Name: Multiple
      Ability: Wisdom
      Effects:
      - Target:
          Name: See Other
        EffectType: Harmful
        Modifiers:
        - Damage: d4 + WIS
          DamageTypes: []
          Name: Damage
      Modifiers:
      - Name: RequiredHitForNextAttack
      - Defense: Fortitude
        Name: Non-Armor Defense
    - Target:
        Target: Enemy, Self, Ally
        Size: 1
        Type: Blast
        Name: Multiple
      Ability: Wisdom
      Effects:
      - Target:
          Name: See Other
        EffectType: Harmful
        Modifiers:
        - Damage: d4 + WIS
          DamageTypes: []
          Name: Damage
        - Conditions:
          - Defense: Will
            Name: Defense Penalty
          - Name: Restrained
          - Name: Weakened
          Name: Condition
      Modifiers:
      - Name: RequiresPreviousHit
      - Defense: Will
        Name: Non-Armor Defense
    Modifiers:
    - Duration: EndOfUserNextTurn
      Name: Duration
    - PowerSource: Arcane
      Name: Power Source
    Effects: []
- Level: 13
  PowerProfile:
    Usage: Encounter
    Tool: Implement
    ToolRange: Range
    Attacks:
    - Target:
        Target: Enemy, Self, Ally
        Size: 2
        Type: Blast
        Name: Multiple
      Ability: Wisdom
      Effects:
      - Target:
          Name: See Other
        EffectType: Harmful
        Modifiers:
        - Damage: d4 + WIS
          DamageTypes: []
          Name: Damage
      Modifiers:
      - Defense: Will
        Name: Non-Armor Defense
    - Target:
        Target: Enemy, Self, Ally
        Size: 2
        Type: Blast
        Name: Multiple
      Ability: Wisdom
      Effects:
      - Target:
          Name: See Other
        EffectType: Harmful
        Modifiers:
        - Damage: d4 + WIS
          DamageTypes: []
          Name: Damage
      Modifiers:
      - Defense: Will
        Name: Non-Armor Defense
    Modifiers:
    - PowerSource: Arcane
      Name: Power Source
    Effects:
    - Target:
        Target: Self
        Name: Basic Target
      EffectType: Beneficial
      Modifiers:
      - Movement:
        - Amount: WIS + 2
          Name: Shift
        Name: Skirmish Movement
- Level: 13
  PowerProfile:
    Usage: Encounter
    Tool: Implement
    ToolRange: Range
    Attacks:
    - Target:
        Target: Enemy, Self, Ally
        Size: 3
        Type: Blast
        Name: Multiple
      Ability: Wisdom
      Effects:
      - Target:
          Name: See Other
        EffectType: Harmful
        Modifiers:
        - Damage: d4 + WIS
          DamageTypes: []
          Name: Damage
      Modifiers:
      - Defense: Reflex
        Name: Non-Armor Defense
    Modifiers:
    - PowerSource: Arcane
      Name: Power Source
    Effects:
    - Target:
        Target: Self, Ally
        Name: Basic Target
      EffectType: Beneficial
      Modifiers:
      - Boosts:
        - Name: Healing Surge
        - Amount: WIS + 2
          Name: Temporary Hit Points
        Name: Boost
- Level: 15
  PowerProfile:
    Usage: Daily
    Tool: Implement
    ToolRange: Range
    Attacks:
    - Target:
        Name: UpToThreeTargets
      Ability: Wisdom
      Effects:
      - Target:
          Name: See Other
        EffectType: Harmful
        Modifiers:
        - Damage: 12d4 + WIS
          DamageTypes: []
          Name: Damage
      Modifiers:
      - Defense: Will
        Name: Non-Armor Defense
    Modifiers:
    - PowerSource: Arcane
      Name: Power Source
    Effects: []
- Level: 15
  PowerProfile:
    Usage: Daily
    Tool: Implement
    ToolRange: Range
    Attacks:
    - Target:
        Target: Enemy, Self, Ally
        Size: 1
        Type: Blast
        Name: Multiple
      Ability: Wisdom
      Effects:
      - Target:
          Name: See Other
        EffectType: Harmful
        Modifiers:
        - Damage: 4d8 + WIS
          DamageTypes: []
          Name: Damage
      Modifiers:
      - Defense: Reflex
        Name: Non-Armor Defense
    Modifiers:
    - Trigger: ACreatureMovesAdjacent
      Name: OpportunityAction
    - PowerSource: Arcane
      Name: Power Source
    Effects: []
- Level: 15
  PowerProfile:
    Usage: Daily
    Tool: Implement
    ToolRange: Range
    Attacks:
    - Target:
        Target: Enemy, Self, Ally
        Size: 1
        Type: Blast
        Name: Multiple
      Ability: Wisdom
      Effects:
      - Target:
          Name: See Other
        EffectType: Harmful
        Modifiers:
        - Damage: 3d4 + WIS
          DamageTypes: []
          Name: Damage
        - Conditions:
          - Name: Dominated
          AfterEffect:
            Condition:
              Name: Dazed
            AfterFailedSave: false
          Name: Condition
      Modifiers:
      - Defense: Will
        Name: Non-Armor Defense
    Modifiers:
    - Duration: SaveEnds
      Name: Duration
    - PowerSource: Arcane
      Name: Power Source
    Effects:
    - Target:
        Target: Self
        Name: Basic Target
      EffectType: Beneficial
      Modifiers:
      - Effects:
        - Mode: Slide
          Amount: +1
          Name: Slide Opponent
        Name: MovementControl
- Level: 15
  PowerProfile:
    Usage: Daily
    Tool: Implement
    ToolRange: Range
    Attacks:
    - Target:
        Target: Enemy, Self, Ally
        Size: 1
        Type: Blast
        Name: Multiple
      Ability: Wisdom
      Effects:
      - Target:
          Name: See Other
        EffectType: Harmful
        Modifiers:
        - Damage: 12d4 + WIS
          DamageTypes: []
          Name: Damage
        - Conditions:
          - Name: Grants Combat Advantage
          AfterEffect:
            Condition:
              Name: Dazed
            AfterFailedSave: true
          Name: Condition
      Modifiers:
      - Defense: Reflex
        Name: Non-Armor Defense
    Modifiers:
    - Duration: SaveEnds
      Name: Duration
    - PowerSource: Arcane
      Name: Power Source
    Effects:
    - Target:
        Target: Self
        Name: Basic Target
      EffectType: Beneficial
      Modifiers:
      - Movement:
        - Amount: WIS
          Name: Shift
        Name: Skirmish Movement
- Level: 17
  PowerProfile:
    Usage: Encounter
    Tool: Implement
    ToolRange: Range
    Attacks:
    - Target:
        Target: Enemy, Self, Ally
        Size: 2
        Type: Blast
        Name: Multiple
      Ability: Wisdom
      Effects:
      - Target:
          Name: See Other
        EffectType: Harmful
        Modifiers:
        - Damage: d6 + WIS
          DamageTypes: []
          Name: Damage
        - Conditions:
          - Name: Dazed
          AfterEffect:
            Condition:
              Name: Surprised
            AfterFailedSave: true
          Name: Condition
      Modifiers:
      - Defense: Will
        Name: Non-Armor Defense
    Modifiers:
    - Duration: EndOfEncounter
      Name: Duration
    - PowerSource: Arcane
      Name: Power Source
    Effects: []
- Level: 17
  PowerProfile:
    Usage: Encounter
    Tool: Implement
    ToolRange: Range
    Attacks:
    - Target:
        Target: Enemy, Self, Ally
        Size: 4
        Type: Wall
        Name: Multiple
      Ability: Wisdom
      Effects:
      - Target:
          Name: See Other
        EffectType: Harmful
        Modifiers:
        - Damage: d6 + WIS
          DamageTypes: []
          Name: Damage
      Modifiers:
      - Defense: Reflex
        Name: Non-Armor Defense
    Modifiers:
    - PowerSource: Arcane
      Name: Power Source
    Effects:
    - Target:
        Target: Self
        Name: Basic Target
      EffectType: Beneficial
      Modifiers:
      - Movement:
        - Amount: +4
          Name: Shift
        Name: Skirmish Movement
- Level: 17
  PowerProfile:
    Usage: Encounter
    Tool: Implement
    ToolRange: Range
    Attacks:
    - Target:
        Target: Enemy, Self, Ally
        Size: 1
        Type: Blast
        Name: Multiple
      Ability: Wisdom
      Effects:
      - Target:
          Name: See Other
        EffectType: Harmful
        Modifiers:
        - Damage: d4 + WIS
          DamageTypes: []
          Name: Damage
      Modifiers:
      - Defense: Reflex
        Name: Non-Armor Defense
    - Target:
        Target: Enemy, Self, Ally
        Size: 1
        Type: Blast
        Name: Multiple
      Ability: Wisdom
      Effects:
      - Target:
          Name: See Other
        EffectType: Harmful
        Modifiers:
        - Damage: d4 + WIS
          DamageTypes: []
          Name: Damage
      Modifiers:
      - Defense: Will
        Name: Non-Armor Defense
    - Target:
        Target: Enemy, Self, Ally
        Size: 1
        Type: Blast
        Name: Multiple
      Ability: Wisdom
      Effects:
      - Target:
          Name: See Other
        EffectType: Harmful
        Modifiers:
        - Damage: d4 + WIS
          DamageTypes: []
          Name: Damage
      Modifiers:
      - Defense: Reflex
        Name: Non-Armor Defense
      - Amount: +4
        Name: To-Hit Bonus to Current Attack
    Modifiers:
    - PowerSource: Arcane
      Name: Power Source
    Effects: []
- Level: 17
  PowerProfile:
    Usage: Encounter
    Tool: Implement
    ToolRange: Range
    Attacks:
    - Target:
        Name: TwoHits
      Ability: Wisdom
      Effects:
      - Target:
          Name: See Other
        EffectType: Harmful
        Modifiers:
        - Damage: d10 + WIS
          DamageTypes: []
          Name: Damage
      Modifiers:
      - Defense: Fortitude
        Name: Non-Armor Defense
    Modifiers:
    - PowerSource: Arcane
      Name: Power Source
    Effects:
    - Target:
        Target: Self, Ally
        Name: Basic Target
      EffectType: Beneficial
      Modifiers:
      - Boosts:
        - Amount: WIS
          Name: Temporary Hit Points
        Name: Boost
- Level: 19
  PowerProfile:
    Usage: Daily
    Tool: Implement
    ToolRange: Range
    Attacks:
    - Target:
        Target: Enemy, Self, Ally
        Size: 1
        Type: Blast
        Name: Multiple
      Ability: Wisdom
      Effects:
      - Target:
          Name: See Other
        EffectType: Harmful
        Modifiers:
        - Damage: 10d6 + WIS
          DamageTypes: []
          Name: Damage
      Modifiers:
      - Defense: Will
        Name: Non-Armor Defense
      - Amount: +2
        Name: To-Hit Bonus to Current Attack
    Modifiers:
    - PowerSource: Arcane
      Name: Power Source
    Effects:
    - Target:
        Target: Self, Ally
        Name: Basic Target
      EffectType: Beneficial
      Modifiers:
      - Boosts:
        - Amount: WIS + 2
          Defense: Will
          Name: Defense
        Name: Boost
- Level: 19
  PowerProfile:
    Usage: Daily
    Tool: Implement
    ToolRange: Range
    Attacks:
    - Target:
        Target: Enemy, Self, Ally
        Size: 1
        Type: Blast
        Name: Multiple
      Ability: Wisdom
      Effects:
      - Target:
          Name: See Other
        EffectType: Harmful
        Modifiers:
        - Damage: 5d10 + WIS
          DamageTypes: []
          Name: Damage
        - Conditions:
          - Name: Slowed
          - Name: Deafened
          Name: Condition
      Modifiers:
      - Defense: Reflex
        Name: Non-Armor Defense
    Modifiers:
    - Duration: SaveEnds
      Name: Duration
    - PowerSource: Arcane
      Name: Power Source
    Effects:
    - Target:
        Target: Self
        Name: Basic Target
      EffectType: Beneficial
      Modifiers:
      - Movement:
        - Amount: +4
          Name: Shift
        Name: Skirmish Movement
- Level: 19
  PowerProfile:
    Usage: Daily
    Tool: Implement
    ToolRange: Range
    Attacks:
    - Target:
        Name: UpToThreeTargets
      Ability: Wisdom
      Effects:
      - Target:
          Name: See Other
        EffectType: Harmful
        Modifiers:
        - Damage: 12d4 + WIS
          DamageTypes: []
          Name: Damage
      Modifiers:
      - Defense: Reflex
        Name: Non-Armor Defense
    Modifiers:
    - PowerSource: Arcane
      Name: Power Source
    Effects:
    - Target:
        Target: Self
        Name: Basic Target
      EffectType: Beneficial
      Modifiers:
      - Boosts:
        - Amount: WIS
          Limit: Target
          Name: Attack
        - Amount: +2
          Defense: Will
          Name: Defense
        Name: Boost
- Level: 19
  PowerProfile:
    Usage: Daily
    Tool: Implement
    ToolRange: Range
    Attacks:
    - Target:
        Target: Enemy, Self, Ally
        Size: 1
        Type: Blast
        Name: Multiple
      Ability: Wisdom
      Effects:
      - Target:
          Name: See Other
        EffectType: Harmful
        Modifiers:
        - Damage: 12d4 + WIS
          DamageTypes: []
          Name: Damage
      Modifiers:
      - Amount: +2
        Name: To-Hit Bonus to Current Attack
      - Defense: Reflex
        Name: Non-Armor Defense
    Modifiers:
    - PowerSource: Arcane
      Name: Power Source
    Effects:
    - Target:
        Target: Self
        Name: Basic Target
      EffectType: Beneficial
      Modifiers:
      - Effects:
        - Name: Prone
        - Mode: Pull
          Amount: +2
          Name: Slide Opponent
        Name: MovementControl
- Level: 20
  PowerProfile:
    Usage: Daily
    Tool: Implement
    ToolRange: Range
    Attacks:
    - Target:
        Target: Enemy, Self, Ally
        Size: 1
        Type: Blast
        Name: Multiple
      Ability: Wisdom
      Effects:
      - Target:
          Name: See Other
        EffectType: Harmful
        Modifiers:
        - Damage: 7d6 + WIS
          DamageTypes: []
          Name: Damage
        - Conditions:
          - Defense: ArmorClass
            Name: Defense Penalty
          - Name: Stunned
          Name: Condition
      Modifiers:
      - Amount: +2
        Name: To-Hit Bonus to Current Attack
      - Defense: Fortitude
        Name: Non-Armor Defense
    Modifiers:
    - Duration: SaveEnds
      Name: Duration
    - PowerSource: Arcane
      Name: Power Source
    Effects: []
- Level: 20
  PowerProfile:
    Usage: Daily
    Tool: Implement
    ToolRange: Range
    Attacks:
    - Target:
        Target: Enemy, Self, Ally
        Size: 1
        Type: Blast
        Name: Multiple
      Ability: Wisdom
      Effects:
      - Target:
          Name: See Other
        EffectType: Harmful
        Modifiers:
        - Damage: 3d8 + WIS
          DamageTypes: []
          Name: Damage
        - Conditions:
          - Name: Slowed
          AfterEffect:
            Condition:
              Name: Restrained
            AfterFailedSave: true
          Name: Condition
        - Effects:
          - Name: Prone
          - Mode: Push
            Amount: WIS + 2
            Name: Slide Opponent
          Name: MovementControl
      Modifiers:
      - Defense: Reflex
        Name: Non-Armor Defense
    Modifiers:
    - Duration: SaveEnds
      Name: Duration
    - PowerSource: Arcane
      Name: Power Source
    Effects: []
- Level: 20
  PowerProfile:
    Usage: Daily
    Tool: Implement
    ToolRange: Range
    Attacks:
    - Target:
        Target: Enemy, Self, Ally
        Size: 1
        Type: Blast
        Name: Multiple
      Ability: Wisdom
      Effects:
      - Target:
          Name: See Other
        EffectType: Harmful
        Modifiers:
        - Damage: 12d4 + WIS
          DamageTypes: []
          Name: Damage
      Modifiers:
      - Defense: Will
        Name: Non-Armor Defense
    Modifiers:
    - Duration: EndOfEncounter
      Name: Duration
    - PowerSource: Arcane
      Name: Power Source
    Effects:
    - Target:
        Target: Self
        Name: Basic Target
      EffectType: Beneficial
      Modifiers:
      - Movement:
        - Amount: WIS
          Name: Shift
        Name: Skirmish Movement
      - Boosts:
        - Amount: +2
          Defense: Fortitude
          Name: Defense
        Name: Boost
- Level: 20
  PowerProfile:
    Usage: Daily
    Tool: Implement
    ToolRange: Range
    Attacks:
    - Target:
        Name: TwoHits
      Ability: Wisdom
      Effects:
      - Target:
          Name: See Other
        EffectType: Harmful
        Modifiers:
        - Damage: 5d6 + WIS
          DamageTypes: []
          Name: Damage
      Modifiers:
      - Defense: Fortitude
        Name: Non-Armor Defense
    Modifiers:
    - PowerSource: Arcane
      Name: Power Source
    Effects:
    - Target:
        Target: Self, Ally
        Name: Basic Target
      EffectType: Beneficial
      Modifiers:
      - Boosts:
        - Amount: WIS
          Name: Temporary Hit Points
        Name: Boost
      - Effects:
        - Mode: Slide
          Amount: +1
          Name: Slide Opponent
        Name: MovementControl
- Level: 23
  PowerProfile:
    Usage: Encounter
    Tool: Implement
    ToolRange: Range
    Attacks:
    - Target:
        Target: Enemy, Self, Ally
        Size: 3
        Type: Burst
        Name: Multiple
      Ability: Wisdom
      Effects:
      - Target:
          Name: See Other
        EffectType: Harmful
        Modifiers:
        - Damage: d6 + WIS
          DamageTypes: []
          Name: Damage
      Modifiers:
      - Defense: Reflex
        Name: Non-Armor Defense
    Modifiers:
    - Duration: EndOfEncounter
      Name: Duration
    - PowerSource: Arcane
      Name: Power Source
    Effects:
    - Target:
        Name: See Other
      EffectType: Harmful
      Modifiers:
      - Conditions:
        - Name: Slowed
        AfterEffect:
          Condition:
            Name: Restrained
          AfterFailedSave: true
        Name: Condition
- Level: 23
  PowerProfile:
    Usage: Encounter
    Tool: Implement
    ToolRange: Range
    Attacks:
    - Target:
        Target: Enemy, Self, Ally
        Size: 1
        Type: Blast
        Name: Multiple
      Ability: Wisdom
      Effects:
      - Target:
          Name: See Other
        EffectType: Harmful
        Modifiers:
        - Damage: 3d8 + WIS
          DamageTypes: []
          Name: Damage
      Modifiers:
      - Defense: Fortitude
        Name: Non-Armor Defense
      - Amount: +8
        Name: To-Hit Bonus to Current Attack
    Modifiers:
    - PowerSource: Arcane
      Name: Power Source
    Effects: []
- Level: 23
  PowerProfile:
    Usage: Encounter
    Tool: Implement
    ToolRange: Range
    Attacks:
    - Target:
        Target: Enemy, Self, Ally
        Size: 1
        Type: Blast
        Name: Multiple
      Ability: Wisdom
      Effects:
      - Target:
          Name: See Other
        EffectType: Harmful
        Modifiers:
        - Damage: 2d10 + WIS
          DamageTypes: []
          Name: Damage
        - Conditions:
          - Name: Dazed
          AfterEffect:
            Condition:
              Name: Unconscious
            AfterFailedSave: true
          Name: Condition
      Modifiers:
      - Defense: Fortitude
        Name: Non-Armor Defense
    Modifiers:
    - Duration: SaveEnds
      Name: Duration
    - PowerSource: Arcane
      Name: Power Source
    Effects: []
- Level: 23
  PowerProfile:
    Usage: Encounter
    Tool: Implement
    ToolRange: Range
    Attacks:
    - Target:
        Target: Enemy, Self, Ally
        Size: 2
        Type: Blast
        Name: Multiple
      Ability: Wisdom
      Effects:
      - Target:
          Name: See Other
        EffectType: Harmful
        Modifiers:
        - Damage: 3d8 + WIS
          DamageTypes: []
          Name: Damage
      Modifiers:
      - Defense: Will
        Name: Non-Armor Defense
    Modifiers:
    - PowerSource: Arcane
      Name: Power Source
    Effects:
    - Target:
        Target: Self
        Name: Basic Target
      EffectType: Beneficial
      Modifiers:
      - Movement:
        - Amount: WIS
          Name: Shift
        Name: Skirmish Movement
- Level: 25
  PowerProfile:
    Usage: Daily
    Tool: Implement
    ToolRange: Range
    Attacks:
    - Target:
        Name: TwoHits
      Ability: Wisdom
      Effects:
      - Target:
          Name: See Other
        EffectType: Harmful
        Modifiers:
        - Damage: 6d4 + WIS
          DamageTypes: []
          Name: Damage
        - Conditions:
          - Defense: Fortitude
            Name: Defense Penalty
          Name: Condition
      Modifiers:
      - Defense: Will
        Name: Non-Armor Defense
    Modifiers:
    - Duration: SaveEnds
      Name: Duration
    - PowerSource: Arcane
      Name: Power Source
    Effects:
    - Target:
        Target: Self, Ally
        Name: Basic Target
      EffectType: Beneficial
      Modifiers:
      - Boosts:
        - Amount: +2
          Limit: Target
          Name: Attack
        Name: Boost
- Level: 25
  PowerProfile:
    Usage: Daily
    Tool: Implement
    ToolRange: Range
    Attacks:
    - Target:
        Target: Enemy, Self, Ally
        Size: 2
        Type: Blast
        Name: Multiple
      Ability: Wisdom
      Effects:
      - Target:
          Name: See Other
        EffectType: Harmful
        Modifiers:
        - Damage: 7d6 + WIS
          DamageTypes: []
          Name: Damage
      Modifiers:
      - Defense: Reflex
        Name: Non-Armor Defense
    Modifiers:
    - PowerSource: Arcane
      Name: Power Source
    Effects:
    - Target:
        Target: Self
        Name: Basic Target
      EffectType: Beneficial
      Modifiers:
      - Movement:
        - Amount: WIS + 2
          Name: Shift
        Name: Skirmish Movement
    - Target:
        Target: Ally
        Name: Basic Target
      EffectType: Beneficial
      Modifiers:
      - Boosts:
        - Amount: +2
          Name: Defense
        Name: Boost
- Level: 25
  PowerProfile:
    Usage: Daily
    Tool: Implement
    ToolRange: Range
    Attacks:
    - Target:
        Target: Enemy, Self, Ally
        Size: 1
        Type: Blast
        Name: Multiple
      Ability: Wisdom
      Effects:
      - Target:
          Name: See Other
        EffectType: Harmful
        Modifiers:
        - Damage: 4d8 + WIS
          DamageTypes: []
          Name: Damage
        - Effects:
          - Mode: Pull
            Amount: +1
            Name: Slide Opponent
          Name: MovementControl
      Modifiers:
      - Defense: Will
        Name: Non-Armor Defense
    Modifiers:
    - Duration: SaveEnds
      Name: Duration
    - PowerSource: Arcane
      Name: Power Source
    Effects:
    - Target:
        Name: See Other
      EffectType: Harmful
      Modifiers:
      - Conditions:
        - Name: Stunned
        AfterEffect:
          Condition:
            Name: Dying
          AfterFailedSave: true
        Name: Condition
- Level: 25
  PowerProfile:
    Usage: Daily
    Tool: Implement
    ToolRange: Range
    Attacks:
    - Target:
        Target: Enemy, Self, Ally
        Size: 1
        Type: Blast
        Name: Multiple
      Ability: Wisdom
      Effects:
      - Target:
          Name: See Other
        EffectType: Harmful
        Modifiers:
        - Damage: 10d6 + WIS
          DamageTypes: []
          Name: Damage
        - Conditions:
          - Name: Deafened
          Name: Condition
      Modifiers:
      - Defense: Fortitude
        Name: Non-Armor Defense
    Modifiers:
    - Duration: EndOfEncounter
      Name: Duration
    - PowerSource: Arcane
      Name: Power Source
    Effects:
    - Target:
        Target: Ally
        Name: Basic Target
      EffectType: Beneficial
      Modifiers:
      - Effects:
        - Mode: Push
          Amount: +1
          Name: Slide Opponent
        Name: MovementControl
- Level: 27
  PowerProfile:
    Usage: Encounter
    Tool: Implement
    ToolRange: Range
    Attacks:
    - Target:
        Name: TwoHits
      Ability: Wisdom
      Effects:
      - Target:
          Name: See Other
        EffectType: Harmful
        Modifiers:
        - Damage: 2d8 + WIS
          DamageTypes: []
          Name: Damage
      Modifiers:
      - Defense: Will
        Name: Non-Armor Defense
    Modifiers:
    - PowerSource: Arcane
      Name: Power Source
    Effects:
    - Target:
        Target: Self
        Name: Basic Target
      EffectType: Beneficial
      Modifiers:
      - Boosts:
        - Amount: WIS
          Limit: NextAttack
          Name: Attack
        Name: Boost
- Level: 27
  PowerProfile:
    Usage: Encounter
    Tool: Implement
    ToolRange: Range
    Attacks:
    - Target:
        Target: Enemy, Self, Ally
        Size: 2
        Type: Blast
        Name: Multiple
      Ability: Wisdom
      Effects:
      - Target:
          Name: See Other
        EffectType: Harmful
        Modifiers:
        - Damage: 3d4 + WIS
          DamageTypes: []
          Name: Damage
      Modifiers:
      - Defense: Reflex
        Name: Non-Armor Defense
    Modifiers:
    - PowerSource: Arcane
      Name: Power Source
    Effects:
    - Target:
        Target: Self
        Name: Basic Target
      EffectType: Beneficial
      Modifiers:
      - Movement:
        - Amount: +8
          Name: Shift
        Name: Skirmish Movement
- Level: 27
  PowerProfile:
    Usage: Encounter
    Tool: Implement
    ToolRange: Range
    Attacks:
    - Target:
        Target: Enemy, Self, Ally
        Size: 1
        Type: Blast
        Name: Multiple
      Ability: Wisdom
      Effects:
      - Target:
          Name: See Other
        EffectType: Harmful
        Modifiers:
        - Damage: 3d4 + WIS
          DamageTypes: []
          Name: Damage
      Modifiers:
      - Defense: Fortitude
        Name: Non-Armor Defense
    Modifiers:
    - Duration: SaveEnds
      Name: Duration
    - PowerSource: Arcane
      Name: Power Source
    Effects:
    - Target:
        Name: See Other
      EffectType: Harmful
      Modifiers:
      - Conditions:
        - Name: Surprised
        AfterEffect:
          Condition:
            Name: Grants Combat Advantage
          AfterFailedSave: false
        Name: Condition
- Level: 27
  PowerProfile:
    Usage: Encounter
    Tool: Implement
    ToolRange: Range
    Attacks:
    - Target:
        Target: Enemy, Self, Ally
        Size: 1
        Type: Blast
        Name: Multiple
      Ability: Wisdom
      Effects:
      - Target:
          Name: See Other
        EffectType: Harmful
        Modifiers:
        - Damage: 3d8 + WIS
          DamageTypes: []
          Name: Damage
      Modifiers:
      - Defense: Will
        Name: Non-Armor Defense
    Modifiers:
    - Trigger: YouOrAllyAttacked
      Name: OpportunityAction
    - PowerSource: Arcane
      Name: Power Source
    Effects: []
- Level: 29
  PowerProfile:
    Usage: Daily
    Tool: Implement
    ToolRange: Range
    Attacks:
    - Target:
        Target: Enemy, Self, Ally
        Size: 1
        Type: Blast
        Name: Multiple
      Ability: Wisdom
      Effects:
      - Target:
          Name: See Other
        EffectType: Harmful
        Modifiers:
        - Damage: 3d8 + WIS
          DamageTypes: []
          Name: Damage
        - Conditions:
          - Name: Surprised
          AfterEffect:
            Condition:
              Name: Stunned
            AfterFailedSave: true
          Name: Condition
      Modifiers:
      - Defense: Fortitude
        Name: Non-Armor Defense
    Modifiers:
    - Trigger: YouOrAllyAttacked
      Name: OpportunityAction
    - Duration: SaveEnds
      Name: Duration
    - PowerSource: Arcane
      Name: Power Source
    Effects: []
- Level: 29
  PowerProfile:
    Usage: Daily
    Tool: Implement
    ToolRange: Range
    Attacks:
    - Target:
        Target: Enemy, Self, Ally
        Size: 1
        Type: Blast
        Name: Multiple
      Ability: Wisdom
      Effects:
      - Target:
          Name: See Other
        EffectType: Harmful
        Modifiers:
        - Damage: 4d8 + WIS
          DamageTypes: []
          Name: Damage
        - Conditions:
          - Defense: Will
            Name: Defense Penalty
          Name: Condition
      Modifiers:
      - Name: RequiredHitForNextAttack
      - Defense: Will
        Name: Non-Armor Defense
    - Target:
        Target: Enemy, Self, Ally
        Size: 1
        Type: Blast
        Name: Multiple
      Ability: Wisdom
      Effects:
      - Target:
          Name: See Other
        EffectType: Harmful
        Modifiers:
        - Damage: 4d8 + WIS
          DamageTypes: []
          Name: Damage
      Modifiers:
      - Name: RequiresPreviousHit
      - Name: RequiredHitForNextAttack
      - Defense: Will
        Name: Non-Armor Defense
    - Target:
        Target: Enemy, Self, Ally
        Size: 1
        Type: Blast
        Name: Multiple
      Ability: Wisdom
      Effects:
      - Target:
          Name: See Other
        EffectType: Harmful
        Modifiers:
        - Damage: 4d8 + WIS
          DamageTypes: []
          Name: Damage
      Modifiers:
      - Name: RequiresPreviousHit
      - Defense: Will
        Name: Non-Armor Defense
    Modifiers:
    - Duration: SaveEnds
      Name: Duration
    - PowerSource: Arcane
      Name: Power Source
    Effects: []
- Level: 29
  PowerProfile:
    Usage: Daily
    Tool: Implement
    ToolRange: Range
    Attacks:
    - Target:
        Target: Enemy, Self, Ally
        Size: 1
        Type: Blast
        Name: Multiple
      Ability: Wisdom
      Effects:
      - Target:
          Name: See Other
        EffectType: Harmful
        Modifiers:
        - Damage: 6d10 + WIS
          DamageTypes: []
          Name: Damage
        - Conditions:
          - Defense: Will
            Name: Defense Penalty
          Name: Condition
      Modifiers:
      - Defense: Reflex
        Name: Non-Armor Defense
    Modifiers:
    - Duration: SaveEnds
      Name: Duration
    - PowerSource: Arcane
      Name: Power Source
    Effects:
    - Target:
        Name: See Other
      EffectType: Harmful
      Modifiers:
      - Conditions:
        - Name: Surprised
        AfterEffect:
          Condition:
            Name: Grants Combat Advantage
          AfterFailedSave: false
        Name: Condition
- Level: 29
  PowerProfile:
    Usage: Daily
    Tool: Implement
    ToolRange: Range
    Attacks:
    - Target:
        Target: Enemy, Self, Ally
        Size: 1
        Type: Blast
        Name: Multiple
      Ability: Wisdom
      Effects:
      - Target:
          Name: See Other
        EffectType: Harmful
        Modifiers:
        - Damage: 6d4 + WIS
          DamageTypes: []
          Name: Damage
      Modifiers:
      - Defense: Reflex
        Name: Non-Armor Defense
    - Target:
        Target: Enemy, Self, Ally
        Size: 1
        Type: Blast
        Name: Multiple
      Ability: Wisdom
      Effects:
      - Target:
          Name: See Other
        EffectType: Harmful
        Modifiers:
        - Damage: 6d4 + WIS
          DamageTypes: []
          Name: Damage
      Modifiers:
      - Defense: Will
        Name: Non-Armor Defense
      - Amount: +4
        Name: To-Hit Bonus to Current Attack
    Modifiers:
    - Duration: SaveEnds
      Name: Duration
    - PowerSource: Arcane
      Name: Power Source
    Effects:
    - Target:
        Name: See Other
      EffectType: Harmful
      Modifiers:
      - Conditions:
        - Name: Blinded
        AfterEffect:
          Condition:
            Name: Grants Combat Advantage
          AfterFailedSave: false
        Name: Condition
