- Level: 1
  PowerProfile:
    Usage: AtWill
    Tool: Weapon
    ToolRange: Melee
    Attacks:
    - WeaponDice: 1
      Ability: Strength
      DamageTypes:
      - Normal
      Effects: []
      Modifiers:
      - Abilities:
        - Strength
        Name: Ability Modifier Damage
      - Amount: +2
        Name: To-Hit Bonus to Current Attack
    Modifiers:
    - PowerSource: Martial
      Name: Power Source
    Effects: []
- Level: 1
  PowerProfile:
    Usage: AtWill
    Tool: Weapon
    ToolRange: Melee
    Attacks:
    - WeaponDice: 1
      Ability: Strength
      DamageTypes:
      - Normal
      Effects:
      - Target: Self
        Modifiers:
        - Movement:
          - Amount: STR
            Name: Shift
          Name: Skirmish Movement
      Modifiers:
      - Abilities:
        - Strength
        Name: Ability Modifier Damage
    Modifiers:
    - PowerSource: Martial
      Name: Power Source
    Effects: []
- Level: 1
  PowerProfile:
    Usage: AtWill
    Tool: Weapon
    ToolRange: Melee
    Attacks:
    - WeaponDice: 1
      Ability: Strength
      DamageTypes:
      - Normal
      Effects:
      - Target: Enemy
        Modifiers:
        - Conditions:
          - Name: Dazed
          Name: Condition
      Modifiers:
      - Abilities:
        - Strength
        Name: Ability Modifier Damage
    Modifiers:
    - Duration: EndOfUserNextTurn
      Name: Duration
    - PowerSource: Martial
      Name: Power Source
    Effects: []
- Level: 1
  PowerProfile:
    Usage: AtWill
    Tool: Weapon
    ToolRange: Melee
    Attacks:
    - WeaponDice: 1
      Ability: Strength
      DamageTypes:
      - Normal
      Effects: []
      Modifiers:
      - Name: TwoHits
    Modifiers:
    - PowerSource: Martial
      Name: Power Source
    Effects: []
- Level: 1
  PowerProfile:
    Usage: Encounter
    Tool: Weapon
    ToolRange: Melee
    Attacks:
    - WeaponDice: 2
      Ability: Strength
      DamageTypes:
      - Normal
      Effects:
      - Target: Self
        Modifiers:
        - Movement:
          - Amount: +2
            Name: Shift
          Name: Skirmish Movement
      Modifiers:
      - Abilities:
        - Strength
        Name: Ability Modifier Damage
    Modifiers:
    - PowerSource: Martial
      Name: Power Source
    Effects: []
- Level: 1
  PowerProfile:
    Usage: Encounter
    Tool: Weapon
    ToolRange: Melee
    Attacks:
    - WeaponDice: 2
      Ability: Strength
      DamageTypes:
      - Normal
      Effects:
      - Target: Enemy
        Modifiers:
        - Conditions:
          - Name: Dazed
          Name: Condition
      Modifiers:
      - Abilities:
        - Strength
        Name: Ability Modifier Damage
    Modifiers:
    - Duration: EndOfUserNextTurn
      Name: Duration
    - PowerSource: Martial
      Name: Power Source
    Effects: []
- Level: 1
  PowerProfile:
    Usage: Encounter
    Tool: Weapon
    ToolRange: Melee
    Attacks:
    - WeaponDice: 2
      Ability: Strength
      DamageTypes:
      - Normal
      Effects: []
      Modifiers:
      - Abilities:
        - Strength
        Name: Ability Modifier Damage
    Modifiers:
    - PowerSource: Martial
      Name: Power Source
    Effects: []
- Level: 1
  PowerProfile:
    Usage: Encounter
    Tool: Weapon
    ToolRange: Melee
    Attacks:
    - WeaponDice: 1
      Ability: Strength
      DamageTypes:
      - Normal
      Effects: []
      Modifiers:
      - Name: TwoHits
      - Abilities:
        - Strength
        Name: Ability Modifier Damage
    Modifiers:
    - PowerSource: Martial
      Name: Power Source
    Effects: []
- Level: 1
  PowerProfile:
    Usage: Daily
    Tool: Weapon
    ToolRange: Melee
    Attacks:
    - WeaponDice: 2
      Ability: Strength
      DamageTypes:
      - Normal
      Effects:
      - Target: Enemy
        Modifiers:
        - Conditions:
          - Name: Dazed
          Name: Condition
      - Target: Self
        Modifiers:
        - Boosts:
          - Name: Healing Surge
          Name: Boost
      Modifiers:
      - Abilities:
        - Strength
        Name: Ability Modifier Damage
    Modifiers:
    - Duration: SaveEnds
      Name: Duration
    - PowerSource: Martial
      Name: Power Source
    Effects: []
- Level: 1
  PowerProfile:
    Usage: Daily
    Tool: Weapon
    ToolRange: Melee
    Attacks:
    - WeaponDice: 1
      Ability: Strength
      DamageTypes:
      - Normal
      Effects: []
      Modifiers:
      - Defense: Fortitude
        Name: Non-Armor Defense
      - Abilities:
        - Strength
        - Dexterity
        Name: Ability Modifier Damage
    Modifiers:
    - Name: OpportunityAction
    - PowerSource: Martial
      Name: Power Source
    Effects: []
- Level: 1
  PowerProfile:
    Usage: Daily
    Tool: Weapon
    ToolRange: Melee
    Attacks:
    - WeaponDice: 2
      Ability: Strength
      DamageTypes:
      - Normal
      Effects: []
      Modifiers:
      - Abilities:
        - Strength
        Name: Ability Modifier Damage
    Modifiers:
    - Name: OpportunityAction
    - PowerSource: Martial
      Name: Power Source
    Effects:
    - Target: Self
      Modifiers:
      - Movement:
        - Amount: STR
          Name: Shift
        Name: Skirmish Movement
- Level: 1
  PowerProfile:
    Usage: Daily
    Tool: Weapon
    ToolRange: Melee
    Attacks:
    - WeaponDice: 1
      Ability: Strength
      DamageTypes:
      - Normal
      Effects:
      - Target: Self
        Modifiers:
        - Movement:
          - Amount: STR
            Name: Shift
          Name: Skirmish Movement
      Modifiers:
      - Abilities:
        - Strength
        - Dexterity
        Name: Ability Modifier Damage
    Modifiers:
    - PowerSource: Martial
      Name: Power Source
    Effects:
    - Target: Self
      Modifiers:
      - Boosts:
        - Amount: DEX + 2
          Name: Attack
        Name: Boost
- Level: 3
  PowerProfile:
    Usage: Encounter
    Tool: Weapon
    ToolRange: Melee
    Attacks:
    - WeaponDice: 1
      Ability: Strength
      DamageTypes:
      - Normal
      Effects: []
      Modifiers:
      - Abilities:
        - Strength
        - Dexterity
        Name: Ability Modifier Damage
    Modifiers:
    - Name: OpportunityAction
    - PowerSource: Martial
      Name: Power Source
    Effects: []
- Level: 3
  PowerProfile:
    Usage: Encounter
    Tool: Weapon
    ToolRange: Melee
    Attacks:
    - WeaponDice: 2
      Ability: Strength
      DamageTypes:
      - Normal
      Effects:
      - Target: Self
        Modifiers:
        - Movement:
          - Amount: STR
            Name: Shift
          Name: Skirmish Movement
      Modifiers:
      - Abilities:
        - Strength
        Name: Ability Modifier Damage
    Modifiers:
    - PowerSource: Martial
      Name: Power Source
    Effects: []
- Level: 3
  PowerProfile:
    Usage: Encounter
    Tool: Weapon
    ToolRange: Melee
    Attacks:
    - WeaponDice: 2
      Ability: Strength
      DamageTypes:
      - Normal
      Effects: []
      Modifiers:
      - Abilities:
        - Strength
        Name: Ability Modifier Damage
      - Defense: Fortitude
        Name: Non-Armor Defense
    Modifiers:
    - PowerSource: Martial
      Name: Power Source
    Effects: []
- Level: 3
  PowerProfile:
    Usage: Encounter
    Tool: Weapon
    ToolRange: Melee
    Attacks:
    - WeaponDice: 1
      Ability: Strength
      DamageTypes:
      - Normal
      Effects:
      - Target: Enemy
        Modifiers:
        - Conditions:
          - Name: Immobilized
          - Name: Dazed
          Name: Condition
      Modifiers:
      - Abilities:
        - Strength
        Name: Ability Modifier Damage
    Modifiers:
    - Duration: EndOfUserNextTurn
      Name: Duration
    - PowerSource: Martial
      Name: Power Source
    Effects: []
- Level: 5
  PowerProfile:
    Usage: Daily
    Tool: Weapon
    ToolRange: Melee
    Attacks:
    - WeaponDice: 3
      Ability: Strength
      DamageTypes:
      - Normal
      Effects: []
      Modifiers:
      - Name: RequiredHitForNextAttack
      - Abilities:
        - Strength
        Name: Ability Modifier Damage
    - WeaponDice: 3
      Ability: Strength
      DamageTypes:
      - Normal
      Effects: []
      Modifiers:
      - Name: RequiresPreviousHit
    Modifiers:
    - PowerSource: Martial
      Name: Power Source
    Effects: []
- Level: 5
  PowerProfile:
    Usage: Daily
    Tool: Weapon
    ToolRange: Melee
    Attacks:
    - WeaponDice: 2
      Ability: Strength
      DamageTypes:
      - Normal
      Effects:
      - Target: Self
        Modifiers:
        - Boosts:
          - Amount: DEX
            Name: Temporary Hit Points
          - Name: Extra Saving Throw
          Name: Boost
      Modifiers:
      - Abilities:
        - Strength
        - Dexterity
        Name: Ability Modifier Damage
    Modifiers:
    - PowerSource: Martial
      Name: Power Source
    Effects:
    - Target: Self
      Modifiers:
      - Movement:
        - Amount: +4
          Name: Shift
        Name: Skirmish Movement
- Level: 5
  PowerProfile:
    Usage: Daily
    Tool: Weapon
    ToolRange: Melee
    Attacks:
    - WeaponDice: 2
      Ability: Strength
      DamageTypes:
      - Normal
      Effects:
      - Target: Enemy
        Modifiers:
        - Conditions:
          - Name: Slowed
          Name: Condition
      - Target: Self, Ally
        Modifiers:
        - Boosts:
          - Name: Extra Saving Throw
          - Amount: STR
            Name: Regeneration
          Name: Boost
      Modifiers:
      - Abilities:
        - Strength
        Name: Ability Modifier Damage
    Modifiers:
    - Duration: SaveEnds
      Name: Duration
    - PowerSource: Martial
      Name: Power Source
    Effects: []
- Level: 5
  PowerProfile:
    Usage: Daily
    Tool: Weapon
    ToolRange: Melee
    Attacks:
    - WeaponDice: 5
      Ability: Strength
      DamageTypes:
      - Normal
      Effects: []
      Modifiers:
      - Abilities:
        - Strength
        Name: Ability Modifier Damage
    Modifiers:
    - PowerSource: Martial
      Name: Power Source
    Effects: []
- Level: 7
  PowerProfile:
    Usage: Encounter
    Tool: Weapon
    ToolRange: Melee
    Attacks:
    - WeaponDice: 1
      Ability: Strength
      DamageTypes:
      - Normal
      Effects: []
      Modifiers:
      - Name: UpToThreeTargets
      - Abilities:
        - Strength
        Name: Ability Modifier Damage
    Modifiers:
    - PowerSource: Martial
      Name: Power Source
    Effects: []
- Level: 7
  PowerProfile:
    Usage: Encounter
    Tool: Weapon
    ToolRange: Melee
    Attacks:
    - WeaponDice: 2
      Ability: Strength
      DamageTypes:
      - Normal
      Effects: []
      Modifiers:
      - Abilities:
        - Strength
        Name: Ability Modifier Damage
      - Defense: Will
        Name: Non-Armor Defense
    Modifiers:
    - PowerSource: Martial
      Name: Power Source
    Effects: []
- Level: 7
  PowerProfile:
    Usage: Encounter
    Tool: Weapon
    ToolRange: Melee
    Attacks:
    - WeaponDice: 1
      Ability: Strength
      DamageTypes:
      - Normal
      Effects: []
      Modifiers:
      - Name: RequiredHitForNextAttack
      - Abilities:
        - Strength
        Name: Ability Modifier Damage
    - WeaponDice: 1
      Ability: Strength
      DamageTypes:
      - Normal
      Effects: []
      Modifiers:
      - Name: RequiresPreviousHit
      - Name: RequiredHitForNextAttack
    - WeaponDice: 1
      Ability: Strength
      DamageTypes:
      - Normal
      Effects: []
      Modifiers:
      - Name: RequiresPreviousHit
    Modifiers:
    - PowerSource: Martial
      Name: Power Source
    Effects: []
- Level: 7
  PowerProfile:
    Usage: Encounter
    Tool: Weapon
    ToolRange: Melee
    Attacks:
    - WeaponDice: 1
      Ability: Strength
      DamageTypes:
      - Normal
      Effects: []
      Modifiers:
      - Abilities:
        - Strength
        - Dexterity
        Name: Ability Modifier Damage
    Modifiers:
    - PowerSource: Martial
      Name: Power Source
    Effects:
    - Target: Self
      Modifiers:
      - Movement:
        - Name: Shift
        Name: Skirmish Movement
- Level: 9
  PowerProfile:
    Usage: Daily
    Tool: Weapon
    ToolRange: Melee
    Attacks:
    - WeaponDice: 3
      Ability: Strength
      DamageTypes:
      - Normal
      Effects:
      - Target: Enemy
        Modifiers:
        - Conditions:
          - Name: Blinded
          - Name: Dazed
          - Name: Slowed
          Name: Condition
      - Target: Ally
        Modifiers:
        - Boosts:
          - Amount: DEX + 2
            Defense: Fortitude
            Name: Defense
          Name: Boost
      Modifiers:
      - Abilities:
        - Strength
        Name: Ability Modifier Damage
    Modifiers:
    - PowerSource: Martial
      Name: Power Source
    Effects: []
- Level: 9
  PowerProfile:
    Usage: Daily
    Tool: Weapon
    ToolRange: Melee
    Attacks:
    - WeaponDice: 4
      Ability: Strength
      DamageTypes:
      - Normal
      Effects:
      - Target: Ally
        Modifiers:
        - Boosts:
          - Name: Healing Surge
          - Amount: STR
            Name: Temporary Hit Points
          Name: Boost
      Modifiers:
      - Abilities:
        - Strength
        Name: Ability Modifier Damage
      - Defense: Will
        Name: Non-Armor Defense
    Modifiers:
    - PowerSource: Martial
      Name: Power Source
    Effects: []
- Level: 9
  PowerProfile:
    Usage: Daily
    Tool: Weapon
    ToolRange: Melee
    Attacks:
    - WeaponDice: 6
      Ability: Strength
      DamageTypes:
      - Normal
      Effects: []
      Modifiers:
      - Abilities:
        - Strength
        Name: Ability Modifier Damage
    Modifiers:
    - PowerSource: Martial
      Name: Power Source
    Effects: []
- Level: 9
  PowerProfile:
    Usage: Daily
    Tool: Weapon
    ToolRange: Melee
    Attacks:
    - WeaponDice: 3
      Ability: Strength
      DamageTypes:
      - Normal
      Effects:
      - Target: Self
        Modifiers:
        - Movement:
          - Amount: DEX + 2
            Name: Shift
          Name: Skirmish Movement
        - Boosts:
          - Amount: DEX
            Name: Attack
          Name: Boost
      Modifiers:
      - Abilities:
        - Strength
        - Dexterity
        Name: Ability Modifier Damage
    Modifiers:
    - PowerSource: Martial
      Name: Power Source
    Effects: []
- Level: 11
  PowerProfile:
    Usage: Encounter
    Tool: Weapon
    ToolRange: Melee
    Attacks:
    - WeaponDice: 2
      Ability: Strength
      DamageTypes:
      - Normal
      Effects: []
      Modifiers:
      - Defense: Will
        Name: Non-Armor Defense
      - Abilities:
        - Strength
        - Dexterity
        Name: Ability Modifier Damage
    Modifiers:
    - PowerSource: Martial
      Name: Power Source
    Effects: []
- Level: 11
  PowerProfile:
    Usage: Encounter
    Tool: Weapon
    ToolRange: Melee
    Attacks:
    - WeaponDice: 3
      Ability: Strength
      DamageTypes:
      - Normal
      Effects: []
      Modifiers:
      - Abilities:
        - Strength
        Name: Ability Modifier Damage
    Modifiers:
    - PowerSource: Martial
      Name: Power Source
    Effects: []
- Level: 11
  PowerProfile:
    Usage: Encounter
    Tool: Weapon
    ToolRange: Melee
    Attacks:
    - WeaponDice: 2
      Ability: Strength
      DamageTypes:
      - Normal
      Effects:
      - Target: Enemy
        Modifiers:
        - Conditions:
          - Name: Blinded
          - Name: Slowed
          Name: Condition
      Modifiers:
      - Abilities:
        - Strength
        Name: Ability Modifier Damage
    Modifiers:
    - Duration: EndOfUserNextTurn
      Name: Duration
    - PowerSource: Martial
      Name: Power Source
    Effects: []
- Level: 11
  PowerProfile:
    Usage: Encounter
    Tool: Weapon
    ToolRange: Melee
    Attacks:
    - WeaponDice: 2
      Ability: Strength
      DamageTypes:
      - Normal
      Effects: []
      Modifiers:
      - Name: RequiredHitForNextAttack
      - Abilities:
        - Strength
        Name: Ability Modifier Damage
    - WeaponDice: 2
      Ability: Strength
      DamageTypes:
      - Normal
      Effects: []
      Modifiers:
      - Name: RequiresPreviousHit
    Modifiers:
    - PowerSource: Martial
      Name: Power Source
    Effects: []
- Level: 13
  PowerProfile:
    Usage: Encounter
    Tool: Weapon
    ToolRange: Melee
    Attacks:
    - WeaponDice: 2
      Ability: Strength
      DamageTypes:
      - Normal
      Effects:
      - Target: Self
        Modifiers:
        - Movement:
          - Amount: STR
            Name: Shift
          Name: Skirmish Movement
      Modifiers:
      - Abilities:
        - Strength
        - Dexterity
        Name: Ability Modifier Damage
    Modifiers:
    - PowerSource: Martial
      Name: Power Source
    Effects: []
- Level: 13
  PowerProfile:
    Usage: Encounter
    Tool: Weapon
    ToolRange: Melee
    Attacks:
    - WeaponDice: 2
      Ability: Strength
      DamageTypes:
      - Normal
      Effects:
      - Target: Enemy
        Modifiers:
        - Conditions:
          - Name: Immobilized
          - Name: Dazed
          Name: Condition
      Modifiers:
      - Abilities:
        - Strength
        Name: Ability Modifier Damage
    Modifiers:
    - Duration: EndOfUserNextTurn
      Name: Duration
    - PowerSource: Martial
      Name: Power Source
    Effects: []
- Level: 13
  PowerProfile:
    Usage: Encounter
    Tool: Weapon
    ToolRange: Melee
    Attacks:
    - WeaponDice: 2
      Ability: Strength
      DamageTypes:
      - Normal
      Effects: []
      Modifiers:
      - Defense: Reflex
        Name: Non-Armor Defense
      - Abilities:
        - Strength
        - Dexterity
        Name: Ability Modifier Damage
    Modifiers:
    - PowerSource: Martial
      Name: Power Source
    Effects: []
- Level: 13
  PowerProfile:
    Usage: Encounter
    Tool: Weapon
    ToolRange: Melee
    Attacks:
    - WeaponDice: 3
      Ability: Strength
      DamageTypes:
      - Normal
      Effects:
      - Target: Enemy
        Modifiers:
        - Conditions:
          - Name: Dazed
          Name: Condition
      Modifiers:
      - Abilities:
        - Strength
        Name: Ability Modifier Damage
    Modifiers:
    - Duration: EndOfUserNextTurn
      Name: Duration
    - PowerSource: Martial
      Name: Power Source
    Effects: []
- Level: 15
  PowerProfile:
    Usage: Daily
    Tool: Weapon
    ToolRange: Melee
    Attacks:
    - WeaponDice: 7
      Ability: Strength
      DamageTypes:
      - Normal
      Effects: []
      Modifiers:
      - Abilities:
        - Strength
        Name: Ability Modifier Damage
    Modifiers:
    - PowerSource: Martial
      Name: Power Source
    Effects: []
- Level: 15
  PowerProfile:
    Usage: Daily
    Tool: Weapon
    ToolRange: Melee
    Attacks:
    - WeaponDice: 5
      Ability: Strength
      DamageTypes:
      - Normal
      Effects: []
      Modifiers:
      - Name: UpToThreeTargets
      - Abilities:
        - Strength
        Name: Ability Modifier Damage
    Modifiers:
    - PowerSource: Martial
      Name: Power Source
    Effects:
    - Target: Self, Ally
      Modifiers:
      - Boosts:
        - Amount: +2
          Defense: Fortitude
          Name: Defense
        Name: Boost
- Level: 15
  PowerProfile:
    Usage: Daily
    Tool: Weapon
    ToolRange: Melee
    Attacks:
    - WeaponDice: 5
      Ability: Strength
      DamageTypes:
      - Normal
      Effects:
      - Target: Enemy
        Modifiers:
        - Conditions:
          - Name: Slowed
          Name: Condition
      - Target: Ally
        Modifiers:
        - Boosts:
          - Amount: DEX
            Name: Regeneration
          Name: Boost
      Modifiers:
      - Abilities:
        - Strength
        Name: Ability Modifier Damage
    Modifiers:
    - Duration: SaveEnds
      Name: Duration
    - PowerSource: Martial
      Name: Power Source
    Effects: []
- Level: 15
  PowerProfile:
    Usage: Daily
    Tool: Weapon
    ToolRange: Melee
    Attacks:
    - WeaponDice: 2
      Ability: Strength
      DamageTypes:
      - Normal
      Effects: []
      Modifiers:
      - Amount: DEX
        Name: To-Hit Bonus to Current Attack
      - Abilities:
        - Strength
        - Dexterity
        Name: Ability Modifier Damage
    Modifiers:
    - Duration: EndOfEncounter
      Name: Duration
    - PowerSource: Martial
      Name: Power Source
    Effects:
    - Target: Ally
      Modifiers:
      - Boosts:
        - Amount: DEX
          Name: Attack
        Name: Boost
- Level: 17
  PowerProfile:
    Usage: Encounter
    Tool: Weapon
    ToolRange: Melee
    Attacks:
    - WeaponDice: 2
      Ability: Strength
      DamageTypes:
      - Normal
      Effects:
      - Target: Enemy
        Modifiers:
        - Conditions:
          - Name: Blinded
          - Name: Dazed
          Name: Condition
      Modifiers:
      - Abilities:
        - Strength
        Name: Ability Modifier Damage
    Modifiers:
    - Duration: EndOfUserNextTurn
      Name: Duration
    - PowerSource: Martial
      Name: Power Source
    Effects: []
- Level: 17
  PowerProfile:
    Usage: Encounter
    Tool: Weapon
    ToolRange: Melee
    Attacks:
    - WeaponDice: 2
      Ability: Strength
      DamageTypes:
      - Normal
      Effects: []
      Modifiers:
      - Name: RequiredHitForNextAttack
    - WeaponDice: 2
      Ability: Strength
      DamageTypes:
      - Normal
      Effects:
      - Target: Ally
        Modifiers:
        - Boosts:
          - Amount: DEX
            Name: Temporary Hit Points
          Name: Boost
      Modifiers:
      - Name: RequiresPreviousHit
      - Abilities:
        - Strength
        Name: Ability Modifier Damage
    Modifiers:
    - PowerSource: Martial
      Name: Power Source
    Effects: []
- Level: 17
  PowerProfile:
    Usage: Encounter
    Tool: Weapon
    ToolRange: Melee
    Attacks:
    - WeaponDice: 2
      Ability: Strength
      DamageTypes:
      - Normal
      Effects: []
      Modifiers:
      - Amount: DEX + 2
        Name: To-Hit Bonus to Current Attack
      - Abilities:
        - Strength
        - Dexterity
        Name: Ability Modifier Damage
    Modifiers:
    - PowerSource: Martial
      Name: Power Source
    Effects: []
- Level: 17
  PowerProfile:
    Usage: Encounter
    Tool: Weapon
    ToolRange: Melee
    Attacks:
    - WeaponDice: 2
      Ability: Strength
      DamageTypes:
      - Normal
      Effects:
      - Target: Self
        Modifiers:
        - Movement:
          - Name: Shift
          Name: Skirmish Movement
      Modifiers:
      - Abilities:
        - Strength
        - Dexterity
        Name: Ability Modifier Damage
    Modifiers:
    - PowerSource: Martial
      Name: Power Source
    Effects: []
- Level: 19
  PowerProfile:
    Usage: Daily
    Tool: Weapon
    ToolRange: Melee
    Attacks:
    - WeaponDice: 8
      Ability: Strength
      DamageTypes:
      - Normal
      Effects: []
      Modifiers:
      - Abilities:
        - Strength
        Name: Ability Modifier Damage
    Modifiers:
    - PowerSource: Martial
      Name: Power Source
    Effects: []
- Level: 19
  PowerProfile:
    Usage: Daily
    Tool: Weapon
    ToolRange: Melee
    Attacks:
    - WeaponDice: 6
      Ability: Strength
      DamageTypes:
      - Normal
      Effects: []
      Modifiers:
      - Defense: Will
        Name: Non-Armor Defense
      - Abilities:
        - Strength
        - Dexterity
        Name: Ability Modifier Damage
    Modifiers:
    - PowerSource: Martial
      Name: Power Source
    Effects:
    - Target: Self
      Modifiers:
      - Movement:
        - Amount: STR
          Name: Shift
        Name: Skirmish Movement
- Level: 19
  PowerProfile:
    Usage: Daily
    Tool: Weapon
    ToolRange: Melee
    Attacks:
    - WeaponDice: 7
      Ability: Strength
      DamageTypes:
      - Normal
      Effects: []
      Modifiers:
      - Name: UpToThreeTargets
    Modifiers:
    - PowerSource: Martial
      Name: Power Source
    Effects: []
- Level: 19
  PowerProfile:
    Usage: Daily
    Tool: Weapon
    ToolRange: Melee
    Attacks:
    - WeaponDice: 6
      Ability: Strength
      DamageTypes:
      - Normal
      Effects: []
      Modifiers:
      - Abilities:
        - Strength
        Name: Ability Modifier Damage
      - Amount: +2
        Name: To-Hit Bonus to Current Attack
    Modifiers:
    - PowerSource: Martial
      Name: Power Source
    Effects:
    - Target: Self
      Modifiers:
      - Boosts:
        - Amount: DEX
          Name: Temporary Hit Points
        - Name: Extra Saving Throw
        Name: Boost
- Level: 20
  PowerProfile:
    Usage: Daily
    Tool: Weapon
    ToolRange: Melee
    Attacks:
    - WeaponDice: 4
      Ability: Strength
      DamageTypes:
      - Normal
      Effects:
      - Target: Enemy
        Modifiers:
        - Conditions:
          - Name: Dazed
          Name: Condition
      - Target: Self
        Modifiers:
        - Movement:
          - Amount: DEX + 2
            Name: Shift
          Name: Skirmish Movement
      Modifiers:
      - Abilities:
        - Strength
        - Dexterity
        Name: Ability Modifier Damage
    Modifiers:
    - Duration: EndOfEncounter
      Name: Duration
    - PowerSource: Martial
      Name: Power Source
    Effects: []
- Level: 20
  PowerProfile:
    Usage: Daily
    Tool: Weapon
    ToolRange: Melee
    Attacks:
    - WeaponDice: 5
      Ability: Strength
      DamageTypes:
      - Normal
      Effects:
      - Target: Enemy
        Modifiers:
        - Conditions:
          - Name: Weakened
          Name: Condition
        - Effects:
          - Mode: Slide
            Amount: +2
            Name: Slide Opponent
          Name: MovementControl
      Modifiers:
      - Abilities:
        - Strength
        Name: Ability Modifier Damage
    Modifiers:
    - Duration: SaveEnds
      Name: Duration
    - PowerSource: Martial
      Name: Power Source
    Effects: []
- Level: 20
  PowerProfile:
    Usage: Daily
    Tool: Weapon
    ToolRange: Melee
    Attacks:
    - WeaponDice: 5
      Ability: Strength
      DamageTypes:
      - Normal
      Effects:
      - Target: Ally
        Modifiers:
        - Boosts:
          - Amount: DEX
            Name: Temporary Hit Points
          - Name: Healing Surge
          - Name: Extra Saving Throw
          Name: Boost
      Modifiers:
      - Abilities:
        - Strength
        Name: Ability Modifier Damage
      - Defense: Will
        Name: Non-Armor Defense
    Modifiers:
    - PowerSource: Martial
      Name: Power Source
    Effects: []
- Level: 20
  PowerProfile:
    Usage: Daily
    Tool: Weapon
    ToolRange: Melee
    Attacks:
    - WeaponDice: 2
      Ability: Strength
      DamageTypes:
      - Normal
      Effects:
      - Target: Enemy
        Modifiers:
        - Conditions:
          - Name: Dazed
          Name: Condition
      Modifiers:
      - Name: RequiredHitForNextAttack
      - Abilities:
        - Strength
        Name: Ability Modifier Damage
    - WeaponDice: 2
      Ability: Strength
      DamageTypes:
      - Normal
      Effects:
      - Target: Self
        Modifiers:
        - Boosts:
          - Amount: DEX
            Name: Temporary Hit Points
          - Name: Extra Saving Throw
          - Amount: STR
            Name: Regeneration
          Name: Boost
      Modifiers:
      - Name: RequiresPreviousHit
      - Abilities:
        - Strength
        Name: Ability Modifier Damage
    Modifiers:
    - Duration: EndOfEncounter
      Name: Duration
    - PowerSource: Martial
      Name: Power Source
    Effects: []
- Level: 23
  PowerProfile:
    Usage: Encounter
    Tool: Weapon
    ToolRange: Melee
    Attacks:
    - WeaponDice: 4
      Ability: Strength
      DamageTypes:
      - Normal
      Effects:
      - Target: Self
        Modifiers:
        - Movement:
          - Amount: STR
            Name: Shift
          Name: Skirmish Movement
      Modifiers:
      - Abilities:
        - Strength
        Name: Ability Modifier Damage
    Modifiers:
    - PowerSource: Martial
      Name: Power Source
    Effects: []
- Level: 23
  PowerProfile:
    Usage: Encounter
    Tool: Weapon
    ToolRange: Melee
    Attacks:
    - WeaponDice: 1
      Ability: Strength
      DamageTypes:
      - Normal
      Effects:
      - Target: Enemy
        Modifiers:
        - Conditions:
          - Name: Blinded
          - Name: Immobilized
          - Name: Weakened
          Name: Condition
      Modifiers:
      - Abilities:
        - Strength
        - Dexterity
        Name: Ability Modifier Damage
    Modifiers:
    - Duration: EndOfUserNextTurn
      Name: Duration
    - PowerSource: Martial
      Name: Power Source
    Effects: []
- Level: 23
  PowerProfile:
    Usage: Encounter
    Tool: Weapon
    ToolRange: Melee
    Attacks:
    - WeaponDice: 4
      Ability: Strength
      DamageTypes:
      - Normal
      Effects: []
      Modifiers:
      - Abilities:
        - Strength
        Name: Ability Modifier Damage
    Modifiers:
    - PowerSource: Martial
      Name: Power Source
    Effects: []
- Level: 23
  PowerProfile:
    Usage: Encounter
    Tool: Weapon
    ToolRange: Melee
    Attacks:
    - WeaponDice: 4
      Ability: Strength
      DamageTypes:
      - Normal
      Effects: []
      Modifiers:
      - Abilities:
        - Strength
        Name: Ability Modifier Damage
      - Amount: DEX
        Name: To-Hit Bonus to Current Attack
    Modifiers:
    - PowerSource: Martial
      Name: Power Source
    Effects: []
- Level: 25
  PowerProfile:
    Usage: Daily
    Tool: Weapon
    ToolRange: Melee
    Attacks:
    - WeaponDice: 9
      Ability: Strength
      DamageTypes:
      - Normal
      Effects: []
      Modifiers:
      - Abilities:
        - Strength
        Name: Ability Modifier Damage
    Modifiers:
    - PowerSource: Martial
      Name: Power Source
    Effects: []
- Level: 25
  PowerProfile:
    Usage: Daily
    Tool: Weapon
    ToolRange: Melee
    Attacks:
    - WeaponDice: 6
      Ability: Strength
      DamageTypes:
      - Normal
      Effects:
      - Target: Self
        Modifiers:
        - Boosts:
          - Amount: STR
            Name: Temporary Hit Points
          - Name: Extra Saving Throw
          - Name: Healing Surge
          Name: Boost
      Modifiers:
      - Abilities:
        - Strength
        Name: Ability Modifier Damage
      - Defense: Reflex
        Name: Non-Armor Defense
    Modifiers:
    - PowerSource: Martial
      Name: Power Source
    Effects: []
- Level: 25
  PowerProfile:
    Usage: Daily
    Tool: Weapon
    ToolRange: Melee
    Attacks:
    - WeaponDice: 7
      Ability: Strength
      DamageTypes:
      - Normal
      Effects:
      - Target: Ally
        Modifiers:
        - Boosts:
          - Amount: +2
            Defense: Will
            Name: Defense
          Name: Boost
      Modifiers:
      - Name: UpToThreeTargets
      - Abilities:
        - Strength
        Name: Ability Modifier Damage
    Modifiers:
    - PowerSource: Martial
      Name: Power Source
    Effects: []
- Level: 25
  PowerProfile:
    Usage: Daily
    Tool: Weapon
    ToolRange: Melee
    Attacks:
    - WeaponDice: 6
      Ability: Strength
      DamageTypes:
      - Normal
      Effects:
      - Target: Self
        Modifiers:
        - Movement:
          - Amount: STR
            Name: Shift
          Name: Skirmish Movement
      Modifiers:
      - Abilities:
        - Strength
        Name: Ability Modifier Damage
    Modifiers:
    - PowerSource: Martial
      Name: Power Source
    Effects:
    - Target: Self
      Modifiers:
      - Boosts:
        - Name: Healing Surge
        - Amount: STR
          Name: Temporary Hit Points
        - Name: Extra Saving Throw
        Name: Boost
- Level: 27
  PowerProfile:
    Usage: Encounter
    Tool: Weapon
    ToolRange: Melee
    Attacks:
    - WeaponDice: 4
      Ability: Strength
      DamageTypes:
      - Normal
      Effects: []
      Modifiers:
      - Abilities:
        - Strength
        Name: Ability Modifier Damage
      - Defense: Reflex
        Name: Non-Armor Defense
    Modifiers:
    - PowerSource: Martial
      Name: Power Source
    Effects: []
- Level: 27
  PowerProfile:
    Usage: Encounter
    Tool: Weapon
    ToolRange: Melee
    Attacks:
    - WeaponDice: 2
      Ability: Strength
      DamageTypes:
      - Normal
      Effects: []
      Modifiers:
      - Name: RequiredHitForNextAttack
    - WeaponDice: 2
      Ability: Strength
      DamageTypes:
      - Normal
      Effects: []
      Modifiers:
      - Name: RequiresPreviousHit
      - Name: RequiredHitForNextAttack
    - WeaponDice: 2
      Ability: Strength
      DamageTypes:
      - Normal
      Effects: []
      Modifiers:
      - Name: RequiresPreviousHit
      - Abilities:
        - Strength
        Name: Ability Modifier Damage
    Modifiers:
    - PowerSource: Martial
      Name: Power Source
    Effects: []
- Level: 27
  PowerProfile:
    Usage: Encounter
    Tool: Weapon
    ToolRange: Melee
    Attacks:
    - WeaponDice: 1
      Ability: Strength
      DamageTypes:
      - Normal
      Effects:
      - Target: Enemy
        Modifiers:
        - Conditions:
          - Name: Blinded
          - Name: Dazed
          Name: Condition
      Modifiers:
      - Abilities:
        - Strength
        - Dexterity
        Name: Ability Modifier Damage
    Modifiers:
    - Duration: SaveEnds
      Name: Duration
    - PowerSource: Martial
      Name: Power Source
    Effects: []
- Level: 27
  PowerProfile:
    Usage: Encounter
    Tool: Weapon
    ToolRange: Melee
    Attacks:
    - WeaponDice: 3
      Ability: Strength
      DamageTypes:
      - Normal
      Effects:
      - Target: Self
        Modifiers:
        - Movement:
          - Name: Shift
          Name: Skirmish Movement
      Modifiers:
      - Abilities:
        - Strength
        - Dexterity
        Name: Ability Modifier Damage
    Modifiers:
    - PowerSource: Martial
      Name: Power Source
    Effects: []
- Level: 29
  PowerProfile:
    Usage: Daily
    Tool: Weapon
    ToolRange: Melee
    Attacks:
    - WeaponDice: 10
      Ability: Strength
      DamageTypes:
      - Normal
      Effects: []
      Modifiers:
      - Abilities:
        - Strength
        Name: Ability Modifier Damage
    Modifiers:
    - PowerSource: Martial
      Name: Power Source
    Effects: []
- Level: 29
  PowerProfile:
    Usage: Daily
    Tool: Weapon
    ToolRange: Melee
    Attacks:
    - WeaponDice: 8
      Ability: Strength
      DamageTypes:
      - Normal
      Effects:
      - Target: Self, Ally
        Modifiers:
        - Boosts:
          - Amount: STR
            Limit: Target
            Name: Attack
          Name: Boost
      Modifiers:
      - Name: UpToThreeTargets
      - Abilities:
        - Strength
        Name: Ability Modifier Damage
    Modifiers:
    - PowerSource: Martial
      Name: Power Source
    Effects: []
- Level: 29
  PowerProfile:
    Usage: Daily
    Tool: Weapon
    ToolRange: Melee
    Attacks:
    - WeaponDice: 4
      Ability: Strength
      DamageTypes:
      - Normal
      Effects:
      - Target: Enemy
        Modifiers:
        - Conditions:
          - Name: Weakened
          - Name: Dazed
          Name: Condition
      Modifiers:
      - Abilities:
        - Strength
        Name: Ability Modifier Damage
    Modifiers:
    - Duration: SaveEnds
      Name: Duration
    - PowerSource: Martial
      Name: Power Source
    Effects:
    - Target: Self, Ally
      Modifiers:
      - Boosts:
        - Name: Extra Saving Throw
        - Amount: +4
          Name: Temporary Hit Points
        - Amount: STR
          Name: Regeneration
        Name: Boost
- Level: 29
  PowerProfile:
    Usage: Daily
    Tool: Weapon
    ToolRange: Melee
    Attacks:
    - WeaponDice: 8
      Ability: Strength
      DamageTypes:
      - Normal
      Effects: []
      Modifiers:
      - Defense: Will
        Name: Non-Armor Defense
      - Abilities:
        - Strength
        - Dexterity
        Name: Ability Modifier Damage
    Modifiers:
    - PowerSource: Martial
      Name: Power Source
    Effects:
    - Target: Self
      Modifiers:
      - Movement:
        - Name: Shift
        Name: Skirmish Movement
