- PowerInfo:
    Usage: AtWill
    ToolType: Implement
    ToolRange: Range
    Level: 1
    Abilities:
    - Strength
    - Dexterity
  PowerProfile:
    Attacks:
    - Target:
        Target: Enemy, Self, Ally
        Size: 2
        Type: Blast
        Name: Multiple
      Ability: Strength
      Effects:
      - Target:
          Name: See Other
        EffectType: Harmful
        Modifiers:
        - Damage: d4 + STR
          DamageTypes:
          - Radiant
          Name: Damage
      Modifiers:
      - Defense: Fortitude
        Name: Non-Armor Defense
    Modifiers:
    - Name: Is Basic Attack
    - PowerSource: Arcane
      Name: Power Source
    Effects: []
- Name: Unknown
  TypeInfo: Implement Attack 1
  PowerUsage: At-Will
  Keywords:
  - Arcane
  - Implement
  ActionType: Standard Action
  AttackType: Close
  AttackTypeDetails: blast 2
  Target: Each creature
  Attack: STR vs. Fortitude
  RulesText:
  - Label: Hit
    Text: d4 + STR radiant damage.
  - Label: Special
    Text: This power counts as a ranged basic attack. When a power allows you to make a ranged basic attack, you can use this power.
