- PowerInfo:
    Usage: Encounter
    ToolType: Weapon
    ToolRange: Melee
    Level: 1
    Abilities:
    - Strength
    - Dexterity
    PossibleRestrictions:
    - the target is bloodied
    - you are dual wielding
    - you are bloodied
    - you have combat advantage against the target
  PowerProfile:
    Attacks:
    - Target:
        Name: Basic Target
        Target: Enemy, Self, Ally
      Ability: Strength
      Effects:
      - Target:
          Name: See Other
        EffectType: Harmful
        Modifiers:
        - Name: Damage
          Damage: 1[W] + STR
          DamageTypes: []
      Modifiers: []
    Modifiers:
    - Name: Minor Action
    - Name: Power Source
      PowerSource: Martial
    Effects: []
- Name: Unknown
  TypeInfo: Weapon Attack 1
  FlavorText: ''
  PowerUsage: Encounter
  Keywords:
  - Martial
  - Weapon
  ActionType: Bonus Action
  AttackType: Melee
  AttackTypeDetails: weapon
  Target: One creature
  Attack: STR vs. AC
  RulesText:
  - Label: Hit
    Text: 1[W] + STR damage.
- Fields:
    Flavor Text: ''
    Name: Unknown
