- Level: 19
  Usage: Daily
  Tool: Weapon
  ToolRange: Melee
  PowerSource: Martial
  Attacks:
  - WeaponDice: 1
    Ability: Strength
    DamageTypes:
    - Normal
    Modifiers:
    - Conditions:
      - Name: Blinded
      - Name: Dazed
      - Name: Immobilized
      Name: Condition
    - Amount: +8
      Name: To-Hit Bonus to Current Attack
    - Effects:
      - Name: Prone
      - Mode: Pull
        Amount: +2
        Name: Slide Opponent
      Name: MovementControl
    - Abilities:
      - Strength
      - Dexterity
      Name: Ability Modifier Damage
  Modifiers:
  - Duration: EndOfUserNextTurn
    Name: Duration
- Name: Unknown
  TypeInfo: Weapon Attack 19
  PowerUsage: Daily
  Keywords:
  - Martial
  - Weapon
  ActionType: Standard Action
  AttackType: Melee
  AttackTypeDetails: weapon
  Target: One creature
  Attack: STR + 8 vs. AC
  RulesText:
  - Label: Hit
    Text: 1[W] + STR + DEX damage, the target is blinded, dazed, and immobilized until the end of your next turn, you pull the target +2 squares, and the target is knocked prone.
