- Level: 1
  PowerProfile:
    Usage: AtWill
    Tool: Weapon
    ToolRange: Melee
    Attacks:
    - WeaponDice: 1
      Ability: Strength
      DamageTypes:
      - Normal
      Effects: []
      Modifiers:
      - Abilities:
        - Strength
        Name: Ability Modifier Damage
      - Amount: +2
        Name: To-Hit Bonus to Current Attack
    Modifiers:
    - PowerSource: Martial
      Name: Power Source
- Level: 1
  PowerProfile:
    Usage: AtWill
    Tool: Weapon
    ToolRange: Melee
    Attacks:
    - WeaponDice: 1
      Ability: Strength
      DamageTypes:
      - Normal
      Effects:
      - Target: Self
        Modifiers:
        - Movement:
          - Amount: STR
            Name: Shift
          Name: Skirmish Movement
      Modifiers:
      - Abilities:
        - Strength
        Name: Ability Modifier Damage
    Modifiers:
    - PowerSource: Martial
      Name: Power Source
- Level: 1
  PowerProfile:
    Usage: AtWill
    Tool: Weapon
    ToolRange: Melee
    Attacks:
    - WeaponDice: 1
      Ability: Strength
      DamageTypes:
      - Normal
      Effects:
      - Target: Enemy
        Modifiers:
        - Conditions:
          - Name: Dazed
          Name: Condition
      Modifiers:
      - Abilities:
        - Strength
        Name: Ability Modifier Damage
    Modifiers:
    - PowerSource: Martial
      Name: Power Source
- Level: 1
  PowerProfile:
    Usage: AtWill
    Tool: Weapon
    ToolRange: Melee
    Attacks:
    - WeaponDice: 1
      Ability: Strength
      DamageTypes:
      - Normal
      Effects: []
      Modifiers:
      - Name: RequiredHitForNextAttack
    - WeaponDice: 1
      Ability: Strength
      DamageTypes:
      - Normal
      Effects: []
      Modifiers:
      - Name: RequiresPreviousHit
      - Abilities:
        - Strength
        Name: Ability Modifier Damage
    Modifiers:
    - PowerSource: Martial
      Name: Power Source
- Level: 1
  PowerProfile:
    Usage: Encounter
    Tool: Weapon
    ToolRange: Melee
    Attacks:
    - WeaponDice: 1
      Ability: Strength
      DamageTypes:
      - Normal
      Effects:
      - Target: Self, Ally
        Modifiers:
        - Boosts:
          - Amount: STR
            Limit: Target
            Name: Attack
          Name: Boost
      Modifiers:
      - Abilities:
        - Strength
        Name: Ability Modifier Damage
    Modifiers:
    - Name: OpportunityAction
    - PowerSource: Martial
      Name: Power Source
- Level: 1
  PowerProfile:
    Usage: Encounter
    Tool: Weapon
    ToolRange: Melee
    Attacks:
    - WeaponDice: 1
      Ability: Strength
      DamageTypes:
      - Normal
      Effects:
      - Target: Self
        Modifiers:
        - Movement:
          - Amount: STR
            Name: Shift
          Name: Skirmish Movement
        - Boosts:
          - Amount: DEX
            Limit: NextAttack
            Name: Attack
          Name: Boost
      Modifiers:
      - Abilities:
        - Strength
        Name: Ability Modifier Damage
      - Amount: DEX
        Name: To-Hit Bonus to Current Attack
    Modifiers:
    - PowerSource: Martial
      Name: Power Source
- Level: 1
  PowerProfile:
    Usage: Encounter
    Tool: Weapon
    ToolRange: Melee
    Attacks:
    - WeaponDice: 1
      Ability: Strength
      DamageTypes:
      - Normal
      Effects: []
      Modifiers:
      - Name: TwoHits
      - Abilities:
        - Strength
        Name: Ability Modifier Damage
    Modifiers:
    - PowerSource: Martial
      Name: Power Source
- Level: 1
  PowerProfile:
    Usage: Encounter
    Tool: Weapon
    ToolRange: Melee
    Attacks:
    - WeaponDice: 2
      Ability: Strength
      DamageTypes:
      - Normal
      Effects:
      - Target: Enemy
        Modifiers:
        - Conditions:
          - Name: Dazed
          Name: Condition
      Modifiers:
      - Abilities:
        - Strength
        Name: Ability Modifier Damage
    Modifiers:
    - PowerSource: Martial
      Name: Power Source
- Level: 1
  PowerProfile:
    Usage: Daily
    Tool: Weapon
    ToolRange: Melee
    Attacks:
    - WeaponDice: 2
      Ability: Strength
      DamageTypes:
      - Normal
      Effects: []
      Modifiers:
      - Abilities:
        - Strength
        Name: Ability Modifier Damage
      - Defense: Reflex
        Name: Non-Armor Defense
    Modifiers:
    - Name: OpportunityAction
    - PowerSource: Martial
      Name: Power Source
- Level: 1
  PowerProfile:
    Usage: Daily
    Tool: Weapon
    ToolRange: Melee
    Attacks:
    - WeaponDice: 1
      Ability: Strength
      DamageTypes:
      - Normal
      Effects:
      - Target: Enemy
        Modifiers:
        - Conditions:
          - Name: Weakened
          Name: Condition
      - Target: Self
        Modifiers:
        - Boosts:
          - Amount: STR
            Limit: NextAttack
            Name: Attack
          Name: Boost
      Modifiers:
      - Abilities:
        - Strength
        Name: Ability Modifier Damage
    Modifiers:
    - Name: OpportunityAction
    - PowerSource: Martial
      Name: Power Source
- Level: 1
  PowerProfile:
    Usage: Daily
    Tool: Weapon
    ToolRange: Melee
    Attacks:
    - WeaponDice: 2
      Ability: Strength
      DamageTypes:
      - Normal
      Effects: []
      Modifiers:
      - Name: RequiredHitForNextAttack
      - Abilities:
        - Strength
        Name: Ability Modifier Damage
    - WeaponDice: 2
      Ability: Strength
      DamageTypes:
      - Normal
      Effects: []
      Modifiers:
      - Name: RequiresPreviousHit
      - Abilities:
        - Strength
        Name: Ability Modifier Damage
      - Amount: +2
        Name: To-Hit Bonus to Current Attack
    Modifiers:
    - PowerSource: Martial
      Name: Power Source
- Level: 1
  PowerProfile:
    Usage: Daily
    Tool: Weapon
    ToolRange: Melee
    Attacks:
    - WeaponDice: 1
      Ability: Strength
      DamageTypes:
      - Normal
      Effects:
      - Target: Enemy
        Modifiers:
        - Conditions:
          - Name: Dazed
          Name: Condition
      - Target: Self
        Modifiers:
        - Movement:
          - Amount: +2
            Name: Shift
          Name: Skirmish Movement
      - Target: Ally
        Modifiers:
        - Boosts:
          - Name: Extra Saving Throw
          - Amount: +2
            Defense: Fortitude
            Name: Defense
          - Amount: +2
            Name: Temporary Hit Points
          Name: Boost
      Modifiers:
      - Abilities:
        - Strength
        Name: Ability Modifier Damage
    Modifiers:
    - PowerSource: Martial
      Name: Power Source
- Level: 3
  PowerProfile:
    Usage: Encounter
    Tool: Weapon
    ToolRange: Melee
    Attacks:
    - WeaponDice: 1
      Ability: Strength
      DamageTypes:
      - Normal
      Effects:
      - Target: Enemy
        Modifiers:
        - Effects:
          - Mode: Push
            Amount: +1
            Name: Slide Opponent
          Name: MovementControl
      - Target: Self, Ally
        Modifiers:
        - Boosts:
          - Amount: +2
            Name: Temporary Hit Points
          Name: Boost
      Modifiers:
      - Abilities:
        - Strength
        Name: Ability Modifier Damage
      - Amount: DEX
        Name: To-Hit Bonus to Current Attack
    Modifiers:
    - PowerSource: Martial
      Name: Power Source
- Level: 3
  PowerProfile:
    Usage: Encounter
    Tool: Weapon
    ToolRange: Melee
    Attacks:
    - WeaponDice: 1
      Ability: Strength
      DamageTypes:
      - Normal
      Effects:
      - Target: Self
        Modifiers:
        - Boosts:
          - Amount: +2
            Defense: ArmorClass
            Name: Defense
          Name: Boost
      Modifiers:
      - Name: RequiredHitForNextAttack
      - Abilities:
        - Strength
        Name: Ability Modifier Damage
    - WeaponDice: 1
      Ability: Strength
      DamageTypes:
      - Normal
      Effects: []
      Modifiers:
      - Name: RequiresPreviousHit
      - Abilities:
        - Strength
        Name: Ability Modifier Damage
    Modifiers:
    - PowerSource: Martial
      Name: Power Source
- Level: 3
  PowerProfile:
    Usage: Encounter
    Tool: Weapon
    ToolRange: Melee
    Attacks:
    - WeaponDice: 2
      Ability: Strength
      DamageTypes:
      - Normal
      Effects: []
      Modifiers:
      - Abilities:
        - Strength
        Name: Ability Modifier Damage
    Modifiers:
    - PowerSource: Martial
      Name: Power Source
- Level: 3
  PowerProfile:
    Usage: Encounter
    Tool: Weapon
    ToolRange: Melee
    Attacks:
    - WeaponDice: 1
      Ability: Strength
      DamageTypes:
      - Normal
      Effects:
      - Target: Enemy
        Modifiers:
        - Conditions:
          - Name: Dazed
          Name: Condition
      - Target: Self
        Modifiers:
        - Movement:
          - Amount: +2
            Name: Shift
          Name: Skirmish Movement
        - Boosts:
          - Amount: DEX
            Name: Temporary Hit Points
          Name: Boost
      Modifiers:
      - Abilities:
        - Strength
        Name: Ability Modifier Damage
    Modifiers:
    - PowerSource: Martial
      Name: Power Source
- Level: 5
  PowerProfile:
    Usage: Daily
    Tool: Weapon
    ToolRange: Melee
    Attacks:
    - WeaponDice: 3
      Ability: Strength
      DamageTypes:
      - Normal
      Effects:
      - Target: Enemy
        Modifiers:
        - Conditions:
          - Name: Blinded
          Name: Condition
      - Target: Self
        Modifiers:
        - Movement:
          - Amount: +2
            Name: Shift
          Name: Skirmish Movement
      - Target: Ally
        Modifiers:
        - Boosts:
          - Amount: STR
            Limit: Target
            Name: Attack
          Name: Boost
      Modifiers:
      - Abilities:
        - Strength
        Name: Ability Modifier Damage
    Modifiers:
    - PowerSource: Martial
      Name: Power Source
- Level: 5
  PowerProfile:
    Usage: Daily
    Tool: Weapon
    ToolRange: Melee
    Attacks:
    - WeaponDice: 2
      Ability: Strength
      DamageTypes:
      - Normal
      Effects: []
      Modifiers:
      - Name: RequiredHitForNextAttack
      - Abilities:
        - Strength
        Name: Ability Modifier Damage
    - WeaponDice: 2
      Ability: Strength
      DamageTypes:
      - Normal
      Effects:
      - Target: Enemy
        Modifiers:
        - Conditions:
          - Name: Dazed
          - Name: Blinded
          Name: Condition
      - Target: Self, Ally
        Modifiers:
        - Boosts:
          - Amount: STR
            Limit: NextAttack
            Name: Attack
          Name: Boost
      Modifiers:
      - Name: RequiresPreviousHit
      - Abilities:
        - Strength
        Name: Ability Modifier Damage
    Modifiers:
    - PowerSource: Martial
      Name: Power Source
- Level: 5
  PowerProfile:
    Usage: Daily
    Tool: Weapon
    ToolRange: Melee
    Attacks:
    - WeaponDice: 3
      Ability: Strength
      DamageTypes:
      - Normal
      Effects:
      - Target: Enemy
        Modifiers:
        - Conditions:
          - Name: Blinded
          Name: Condition
      - Target: Self
        Modifiers:
        - Boosts:
          - Amount: DEX
            Limit: Target
            Name: Attack
          - Amount: +2
            Defense: Reflex
            Name: Defense
          Name: Boost
      Modifiers:
      - Abilities:
        - Strength
        Name: Ability Modifier Damage
    Modifiers:
    - PowerSource: Martial
      Name: Power Source
- Level: 5
  PowerProfile:
    Usage: Daily
    Tool: Weapon
    ToolRange: Melee
    Attacks:
    - WeaponDice: 2
      Ability: Strength
      DamageTypes:
      - Normal
      Effects:
      - Target: Self, Ally
        Modifiers:
        - Boosts:
          - Amount: +2
            Defense: ArmorClass
            Name: Defense
          Name: Boost
      Modifiers:
      - Abilities:
        - Strength
        Name: Ability Modifier Damage
    Modifiers:
    - Name: OpportunityAction
    - PowerSource: Martial
      Name: Power Source
- Level: 7
  PowerProfile:
    Usage: Encounter
    Tool: Weapon
    ToolRange: Melee
    Attacks:
    - WeaponDice: 2
      Ability: Strength
      DamageTypes:
      - Normal
      Effects:
      - Target: Self
        Modifiers:
        - Movement:
          - Amount: STR
            Name: Shift
          Name: Skirmish Movement
      Modifiers:
      - Abilities:
        - Strength
        Name: Ability Modifier Damage
    Modifiers:
    - PowerSource: Martial
      Name: Power Source
- Level: 7
  PowerProfile:
    Usage: Encounter
    Tool: Weapon
    ToolRange: Melee
    Attacks:
    - WeaponDice: 1
      Ability: Strength
      DamageTypes:
      - Normal
      Effects:
      - Target: Enemy
        Modifiers:
        - Conditions:
          - Name: Dazed
          Name: Condition
      - Target: Self, Ally
        Modifiers:
        - Boosts:
          - Amount: +2
            Name: Attack
          Name: Boost
      Modifiers:
      - Abilities:
        - Strength
        Name: Ability Modifier Damage
    Modifiers:
    - PowerSource: Martial
      Name: Power Source
- Level: 7
  PowerProfile:
    Usage: Encounter
    Tool: Weapon
    ToolRange: Melee
    Attacks:
    - WeaponDice: 1
      Ability: Strength
      DamageTypes:
      - Normal
      Effects:
      - Target: Ally
        Modifiers:
        - Boosts:
          - Amount: STR
            Limit: NextAttack
            Name: Attack
          Name: Boost
      Modifiers:
      - Abilities:
        - Strength
        Name: Ability Modifier Damage
    Modifiers:
    - Name: OpportunityAction
    - PowerSource: Martial
      Name: Power Source
- Level: 7
  PowerProfile:
    Usage: Encounter
    Tool: Weapon
    ToolRange: Melee
    Attacks:
    - WeaponDice: 2
      Ability: Strength
      DamageTypes:
      - Normal
      Effects: []
      Modifiers:
      - Abilities:
        - Strength
        Name: Ability Modifier Damage
      - Defense: Fortitude
        Name: Non-Armor Defense
    Modifiers:
    - PowerSource: Martial
      Name: Power Source
- Level: 9
  PowerProfile:
    Usage: Daily
    Tool: Weapon
    ToolRange: Melee
    Attacks:
    - WeaponDice: 4
      Ability: Strength
      DamageTypes:
      - Normal
      Effects:
      - Target: Enemy
        Modifiers:
        - Conditions:
          - Name: Immobilized
          Name: Condition
      - Target: Self, Ally
        Modifiers:
        - Boosts:
          - Amount: DEX
            Limit: NextAttack
            Name: Attack
          Name: Boost
      Modifiers:
      - Abilities:
        - Strength
        Name: Ability Modifier Damage
      - Defense: Reflex
        Name: Non-Armor Defense
    Modifiers:
    - PowerSource: Martial
      Name: Power Source
- Level: 9
  PowerProfile:
    Usage: Daily
    Tool: Weapon
    ToolRange: Melee
    Attacks:
    - WeaponDice: 6
      Ability: Strength
      DamageTypes:
      - Normal
      Effects: []
      Modifiers:
      - Abilities:
        - Strength
        Name: Ability Modifier Damage
    Modifiers:
    - PowerSource: Martial
      Name: Power Source
- Level: 9
  PowerProfile:
    Usage: Daily
    Tool: Weapon
    ToolRange: Melee
    Attacks:
    - WeaponDice: 3
      Ability: Strength
      DamageTypes:
      - Normal
      Effects:
      - Target: Enemy
        Modifiers:
        - Conditions:
          - Name: Immobilized
          Name: Condition
      - Target: Ally
        Modifiers:
        - Boosts:
          - Amount: +2
            Limit: NextAttack
            Name: Attack
          Name: Boost
      Modifiers:
      - Name: UpToThreeTargets
      - Abilities:
        - Strength
        Name: Ability Modifier Damage
    Modifiers:
    - PowerSource: Martial
      Name: Power Source
- Level: 9
  PowerProfile:
    Usage: Daily
    Tool: Weapon
    ToolRange: Melee
    Attacks:
    - WeaponDice: 4
      Ability: Strength
      DamageTypes:
      - Normal
      Effects:
      - Target: Self
        Modifiers:
        - Movement:
          - Amount: STR
            Name: Shift
          Name: Skirmish Movement
        - Boosts:
          - Name: Healing Surge
          Name: Boost
      - Target: Ally
        Modifiers:
        - Boosts:
          - Amount: +2
            Limit: Target
            Name: Attack
          Name: Boost
      Modifiers:
      - Abilities:
        - Strength
        Name: Ability Modifier Damage
    Modifiers:
    - PowerSource: Martial
      Name: Power Source
- Level: 11
  PowerProfile:
    Usage: Encounter
    Tool: Weapon
    ToolRange: Melee
    Attacks:
    - WeaponDice: 2
      Ability: Strength
      DamageTypes:
      - Normal
      Effects:
      - Target: Enemy
        Modifiers:
        - Conditions:
          - Name: Dazed
          Name: Condition
      - Target: Self
        Modifiers:
        - Boosts:
          - Amount: STR
            Name: Temporary Hit Points
          Name: Boost
      - Target: Ally
        Modifiers:
        - Boosts:
          - Amount: +2
            Defense: Will
            Name: Defense
          Name: Boost
      Modifiers:
      - Abilities:
        - Strength
        Name: Ability Modifier Damage
    Modifiers:
    - PowerSource: Martial
      Name: Power Source
- Level: 11
  PowerProfile:
    Usage: Encounter
    Tool: Weapon
    ToolRange: Melee
    Attacks:
    - WeaponDice: 1
      Ability: Strength
      DamageTypes:
      - Normal
      Effects:
      - Target: Self
        Modifiers:
        - Movement:
          - Amount: STR
            Name: Shift
          Name: Skirmish Movement
        - Boosts:
          - Amount: STR
            Limit: NextAttack
            Name: Attack
          - Amount: DEX + 2
            Name: Temporary Hit Points
          Name: Boost
      - Target: Ally
        Modifiers:
        - Boosts:
          - Amount: +2
            Limit: NextAttack
            Name: Attack
          Name: Boost
      Modifiers:
      - Abilities:
        - Strength
        Name: Ability Modifier Damage
    Modifiers:
    - PowerSource: Martial
      Name: Power Source
- Level: 11
  PowerProfile:
    Usage: Encounter
    Tool: Weapon
    ToolRange: Melee
    Attacks:
    - WeaponDice: 2
      Ability: Strength
      DamageTypes:
      - Normal
      Effects:
      - Target: Self
        Modifiers:
        - Boosts:
          - Amount: DEX
            Limit: Target
            Name: Attack
          Name: Boost
      - Target: Ally
        Modifiers:
        - Boosts:
          - Amount: STR
            Limit: Target
            Name: Attack
          Name: Boost
      Modifiers:
      - Abilities:
        - Strength
        Name: Ability Modifier Damage
      - Defense: Fortitude
        Name: Non-Armor Defense
    Modifiers:
    - PowerSource: Martial
      Name: Power Source
- Level: 11
  PowerProfile:
    Usage: Encounter
    Tool: Weapon
    ToolRange: Melee
    Attacks:
    - WeaponDice: 3
      Ability: Strength
      DamageTypes:
      - Normal
      Effects: []
      Modifiers:
      - Abilities:
        - Strength
        Name: Ability Modifier Damage
    Modifiers:
    - PowerSource: Martial
      Name: Power Source
- Level: 13
  PowerProfile:
    Usage: Encounter
    Tool: Weapon
    ToolRange: Melee
    Attacks:
    - WeaponDice: 3
      Ability: Strength
      DamageTypes:
      - Normal
      Effects:
      - Target: Enemy
        Modifiers:
        - Conditions:
          - Name: Dazed
          Name: Condition
      Modifiers:
      - Abilities:
        - Strength
        Name: Ability Modifier Damage
    Modifiers:
    - PowerSource: Martial
      Name: Power Source
- Level: 13
  PowerProfile:
    Usage: Encounter
    Tool: Weapon
    ToolRange: Melee
    Attacks:
    - WeaponDice: 3
      Ability: Strength
      DamageTypes:
      - Normal
      Effects:
      - Target: Self
        Modifiers:
        - Movement:
          - Amount: STR
            Name: Shift
          Name: Skirmish Movement
      Modifiers:
      - Abilities:
        - Strength
        Name: Ability Modifier Damage
    Modifiers:
    - PowerSource: Martial
      Name: Power Source
- Level: 13
  PowerProfile:
    Usage: Encounter
    Tool: Weapon
    ToolRange: Melee
    Attacks:
    - WeaponDice: 1
      Ability: Strength
      DamageTypes:
      - Normal
      Effects:
      - Target: Self
        Modifiers:
        - Boosts:
          - Amount: STR
            Limit: NextAttack
            Name: Attack
          Name: Boost
      Modifiers:
      - Name: TwoHits
      - Abilities:
        - Strength
        Name: Ability Modifier Damage
    Modifiers:
    - PowerSource: Martial
      Name: Power Source
- Level: 13
  PowerProfile:
    Usage: Encounter
    Tool: Weapon
    ToolRange: Melee
    Attacks:
    - WeaponDice: 2
      Ability: Strength
      DamageTypes:
      - Normal
      Effects:
      - Target: Enemy
        Modifiers:
        - Conditions:
          - Name: Dazed
          Name: Condition
      - Target: Ally
        Modifiers:
        - Boosts:
          - Amount: DEX
            Name: Temporary Hit Points
          Name: Boost
      Modifiers:
      - Abilities:
        - Strength
        Name: Ability Modifier Damage
      - Defense: Fortitude
        Name: Non-Armor Defense
    Modifiers:
    - PowerSource: Martial
      Name: Power Source
- Level: 15
  PowerProfile:
    Usage: Daily
    Tool: Weapon
    ToolRange: Melee
    Attacks:
    - WeaponDice: 4
      Ability: Strength
      DamageTypes:
      - Normal
      Effects:
      - Target: Enemy
        Modifiers:
        - Conditions:
          - Name: Weakened
          Name: Condition
      - Target: Self, Ally
        Modifiers:
        - Boosts:
          - Amount: +4
            Limit: NextAttack
            Name: Attack
          - Amount: +2
            Defense: Fortitude
            Name: Defense
          Name: Boost
      Modifiers:
      - Abilities:
        - Strength
        Name: Ability Modifier Damage
      - Amount: DEX
        Name: To-Hit Bonus to Current Attack
    Modifiers:
    - PowerSource: Martial
      Name: Power Source
- Level: 15
  PowerProfile:
    Usage: Daily
    Tool: Weapon
    ToolRange: Melee
    Attacks:
    - WeaponDice: 4
      Ability: Strength
      DamageTypes:
      - Normal
      Effects: []
      Modifiers:
      - Name: RequiredHitForNextAttack
      - Abilities:
        - Strength
        Name: Ability Modifier Damage
    - WeaponDice: 4
      Ability: Strength
      DamageTypes:
      - Normal
      Effects: []
      Modifiers:
      - Name: RequiresPreviousHit
      - Abilities:
        - Strength
        Name: Ability Modifier Damage
    Modifiers:
    - PowerSource: Martial
      Name: Power Source
- Level: 15
  PowerProfile:
    Usage: Daily
    Tool: Weapon
    ToolRange: Melee
    Attacks:
    - WeaponDice: 1
      Ability: Strength
      DamageTypes:
      - Normal
      Effects:
      - Target: Enemy
        Modifiers:
        - Conditions:
          - Name: Blinded
          - Name: Immobilized
          Name: Condition
      - Target: Self, Ally
        Modifiers:
        - Boosts:
          - Amount: DEX
            Name: Temporary Hit Points
          Name: Boost
      Modifiers:
      - Abilities:
        - Strength
        Name: Ability Modifier Damage
    Modifiers:
    - Name: OpportunityAction
    - PowerSource: Martial
      Name: Power Source
- Level: 15
  PowerProfile:
    Usage: Daily
    Tool: Weapon
    ToolRange: Melee
    Attacks:
    - WeaponDice: 4
      Ability: Strength
      DamageTypes:
      - Normal
      Effects:
      - Target: Self
        Modifiers:
        - Movement:
          - Amount: STR
            Name: Shift
          Name: Skirmish Movement
        - Boosts:
          - Amount: DEX
            Name: Temporary Hit Points
          Name: Boost
      - Target: Ally
        Modifiers:
        - Boosts:
          - Name: Healing Surge
          - Amount: STR
            Name: Temporary Hit Points
          Name: Boost
      Modifiers:
      - Abilities:
        - Strength
        Name: Ability Modifier Damage
      - Defense: Fortitude
        Name: Non-Armor Defense
    Modifiers:
    - PowerSource: Martial
      Name: Power Source
- Level: 17
  PowerProfile:
    Usage: Encounter
    Tool: Weapon
    ToolRange: Melee
    Attacks:
    - WeaponDice: 1
      Ability: Strength
      DamageTypes:
      - Normal
      Effects:
      - Target: Enemy
        Modifiers:
        - Effects:
          - Mode: Slide
            Amount: +1
            Name: Slide Opponent
          Name: MovementControl
        - Conditions:
          - Name: Slowed
          Name: Condition
      - Target: Self, Ally
        Modifiers:
        - Boosts:
          - Amount: +2
            Defense: Fortitude
            Name: Defense
          - Amount: STR
            Name: Temporary Hit Points
          Name: Boost
      Modifiers:
      - Abilities:
        - Strength
        Name: Ability Modifier Damage
      - Defense: Fortitude
        Name: Non-Armor Defense
    Modifiers:
    - PowerSource: Martial
      Name: Power Source
- Level: 17
  PowerProfile:
    Usage: Encounter
    Tool: Weapon
    ToolRange: Melee
    Attacks:
    - WeaponDice: 1
      Ability: Strength
      DamageTypes:
      - Normal
      Effects:
      - Target: Enemy
        Modifiers:
        - Conditions:
          - Name: Immobilized
          Name: Condition
      - Target: Self
        Modifiers:
        - Movement:
          - Amount: STR
            Name: Shift
          Name: Skirmish Movement
      - Target: Ally
        Modifiers:
        - Boosts:
          - Amount: +2
            Name: Temporary Hit Points
          Name: Boost
      Modifiers:
      - Abilities:
        - Strength
        Name: Ability Modifier Damage
      - Amount: +2
        Name: To-Hit Bonus to Current Attack
    Modifiers:
    - PowerSource: Martial
      Name: Power Source
- Level: 17
  PowerProfile:
    Usage: Encounter
    Tool: Weapon
    ToolRange: Melee
    Attacks:
    - WeaponDice: 1.5
      Ability: Strength
      DamageTypes:
      - Normal
      Effects: []
      Modifiers:
      - Name: TwoHits
      - Abilities:
        - Strength
        Name: Ability Modifier Damage
    Modifiers:
    - PowerSource: Martial
      Name: Power Source
- Level: 17
  PowerProfile:
    Usage: Encounter
    Tool: Weapon
    ToolRange: Melee
    Attacks:
    - WeaponDice: 1
      Ability: Strength
      DamageTypes:
      - Normal
      Effects:
      - Target: Enemy
        Modifiers:
        - Conditions:
          - Name: Weakened
          Name: Condition
      - Target: Self
        Modifiers:
        - Movement:
          - Amount: STR
            Name: Shift
          Name: Skirmish Movement
      - Target: Ally
        Modifiers:
        - Boosts:
          - Amount: DEX
            Limit: NextAttack
            Name: Attack
          - Amount: +2
            Defense: Will
            Name: Defense
          Name: Boost
      Modifiers:
      - Abilities:
        - Strength
        Name: Ability Modifier Damage
    Modifiers:
    - PowerSource: Martial
      Name: Power Source
- Level: 19
  PowerProfile:
    Usage: Daily
    Tool: Weapon
    ToolRange: Melee
    Attacks:
    - WeaponDice: 3
      Ability: Strength
      DamageTypes:
      - Normal
      Effects:
      - Target: Enemy
        Modifiers:
        - Effects:
          - Mode: Slide
            Amount: +1
            Name: Slide Opponent
          Name: MovementControl
        - Conditions:
          - Name: Dazed
          - Name: Weakened
          Name: Condition
      - Target: Self, Ally
        Modifiers:
        - Boosts:
          - Amount: DEX
            Limit: Target
            Name: Attack
          - Name: Extra Saving Throw
          - Amount: STR + 2
            Defense: Fortitude
            Name: Defense
          Name: Boost
      Modifiers:
      - Abilities:
        - Strength
        Name: Ability Modifier Damage
      - Defense: Reflex
        Name: Non-Armor Defense
    Modifiers:
    - PowerSource: Martial
      Name: Power Source
- Level: 19
  PowerProfile:
    Usage: Daily
    Tool: Weapon
    ToolRange: Melee
    Attacks:
    - WeaponDice: 4
      Ability: Strength
      DamageTypes:
      - Normal
      Effects: []
      Modifiers:
      - Name: RequiredHitForNextAttack
      - Abilities:
        - Strength
        Name: Ability Modifier Damage
    - WeaponDice: 4
      Ability: Strength
      DamageTypes:
      - Normal
      Effects:
      - Target: Self, Ally
        Modifiers:
        - Boosts:
          - Amount: +2
            Defense: Will
            Name: Defense
          - Amount: STR
            Name: Attack
          Name: Boost
      Modifiers:
      - Name: RequiresPreviousHit
      - Abilities:
        - Strength
        Name: Ability Modifier Damage
    Modifiers:
    - PowerSource: Martial
      Name: Power Source
- Level: 19
  PowerProfile:
    Usage: Daily
    Tool: Weapon
    ToolRange: Melee
    Attacks:
    - WeaponDice: 6
      Ability: Strength
      DamageTypes:
      - Normal
      Effects:
      - Target: Self
        Modifiers:
        - Movement:
          - Amount: STR
            Name: Shift
          Name: Skirmish Movement
        - Boosts:
          - Amount: STR
            Limit: Target
            Name: Attack
          Name: Boost
      - Target: Ally
        Modifiers:
        - Boosts:
          - Amount: STR
            Limit: Target
            Name: Attack
          - Amount: +2
            Defense: Reflex
            Name: Defense
          Name: Boost
      Modifiers:
      - Abilities:
        - Strength
        Name: Ability Modifier Damage
    Modifiers:
    - PowerSource: Martial
      Name: Power Source
- Level: 19
  PowerProfile:
    Usage: Daily
    Tool: Weapon
    ToolRange: Melee
    Attacks:
    - WeaponDice: 6
      Ability: Strength
      DamageTypes:
      - Normal
      Effects:
      - Target: Enemy
        Modifiers:
        - Conditions:
          - Name: Blinded
          Name: Condition
      - Target: Ally
        Modifiers:
        - Boosts:
          - Amount: DEX
            Limit: Target
            Name: Attack
          Name: Boost
      Modifiers:
      - Abilities:
        - Strength
        Name: Ability Modifier Damage
      - Defense: Reflex
        Name: Non-Armor Defense
    Modifiers:
    - PowerSource: Martial
      Name: Power Source
- Level: 20
  PowerProfile:
    Usage: Daily
    Tool: Weapon
    ToolRange: Melee
    Attacks:
    - WeaponDice: 2
      Ability: Strength
      DamageTypes:
      - Normal
      Effects:
      - Target: Enemy
        Modifiers:
        - Effects:
          - Mode: Push
            Amount: +2
            Name: Slide Opponent
          - Name: Prone
          Name: MovementControl
      - Target: Self
        Modifiers:
        - Movement:
          - Amount: +2
            Name: Shift
          Name: Skirmish Movement
        - Boosts:
          - Amount: DEX
            Name: Temporary Hit Points
          - Amount: STR + 2
            Defense: ArmorClass
            Name: Defense
          Name: Boost
      - Target: Ally
        Modifiers:
        - Boosts:
          - Amount: STR
            Name: Attack
          - Amount: +2
            Defense: ArmorClass
            Name: Defense
          Name: Boost
      Modifiers:
      - Abilities:
        - Strength
        Name: Ability Modifier Damage
      - Defense: Reflex
        Name: Non-Armor Defense
    Modifiers:
    - PowerSource: Martial
      Name: Power Source
- Level: 20
  PowerProfile:
    Usage: Daily
    Tool: Weapon
    ToolRange: Melee
    Attacks:
    - WeaponDice: 5
      Ability: Strength
      DamageTypes:
      - Normal
      Effects:
      - Target: Enemy
        Modifiers:
        - Conditions:
          - Name: Dazed
          Name: Condition
      - Target: Ally
        Modifiers:
        - Boosts:
          - Name: Extra Saving Throw
          Name: Boost
      - Target: Self
        Modifiers:
        - Boosts:
          - Amount: STR
            Name: Temporary Hit Points
          Name: Boost
        - Movement:
          - Amount: +2
            Name: Shift
          Name: Skirmish Movement
      Modifiers:
      - Abilities:
        - Strength
        Name: Ability Modifier Damage
      - Amount: +2
        Name: To-Hit Bonus to Current Attack
    Modifiers:
    - PowerSource: Martial
      Name: Power Source
- Level: 20
  PowerProfile:
    Usage: Daily
    Tool: Weapon
    ToolRange: Melee
    Attacks:
    - WeaponDice: 1.5
      Ability: Strength
      DamageTypes:
      - Normal
      Effects:
      - Target: Enemy
        Modifiers:
        - Conditions:
          - Name: Blinded
          Name: Condition
      - Target: Self, Ally
        Modifiers:
        - Boosts:
          - Amount: STR
            Name: Attack
          Name: Boost
      Modifiers:
      - Name: TwoHits
      - Abilities:
        - Strength
        Name: Ability Modifier Damage
    Modifiers:
    - PowerSource: Martial
      Name: Power Source
- Level: 20
  PowerProfile:
    Usage: Daily
    Tool: Weapon
    ToolRange: Melee
    Attacks:
    - WeaponDice: 5
      Ability: Strength
      DamageTypes:
      - Normal
      Effects:
      - Target: Enemy
        Modifiers:
        - Conditions:
          - Name: Weakened
          - Name: Slowed
          Name: Condition
      - Target: Self, Ally
        Modifiers:
        - Boosts:
          - Amount: DEX
            Name: Temporary Hit Points
          - Amount: +2
            Limit: NextAttack
            Name: Attack
          Name: Boost
      Modifiers:
      - Abilities:
        - Strength
        Name: Ability Modifier Damage
      - Defense: Reflex
        Name: Non-Armor Defense
    Modifiers:
    - PowerSource: Martial
      Name: Power Source
- Level: 23
  PowerProfile:
    Usage: Encounter
    Tool: Weapon
    ToolRange: Melee
    Attacks:
    - WeaponDice: 1
      Ability: Strength
      DamageTypes:
      - Normal
      Effects:
      - Target: Self, Ally
        Modifiers:
        - Boosts:
          - Amount: STR
            Name: Temporary Hit Points
          - Amount: +2
            Defense: ArmorClass
            Name: Defense
          Name: Boost
      Modifiers:
      - Name: TwoHits
      - Abilities:
        - Strength
        Name: Ability Modifier Damage
    Modifiers:
    - PowerSource: Martial
      Name: Power Source
- Level: 23
  PowerProfile:
    Usage: Encounter
    Tool: Weapon
    ToolRange: Melee
    Attacks:
    - WeaponDice: 2
      Ability: Strength
      DamageTypes:
      - Normal
      Effects:
      - Target: Enemy
        Modifiers:
        - Effects:
          - Name: Prone
          Name: MovementControl
      - Target: Self, Ally
        Modifiers:
        - Boosts:
          - Amount: +2
            Name: Temporary Hit Points
          - Amount: STR
            Limit: Target
            Name: Attack
          Name: Boost
      Modifiers:
      - Abilities:
        - Strength
        Name: Ability Modifier Damage
      - Amount: +2
        Name: To-Hit Bonus to Current Attack
    Modifiers:
    - PowerSource: Martial
      Name: Power Source
- Level: 23
  PowerProfile:
    Usage: Encounter
    Tool: Weapon
    ToolRange: Melee
    Attacks:
    - WeaponDice: 4
      Ability: Strength
      DamageTypes:
      - Normal
      Effects:
      - Target: Self
        Modifiers:
        - Movement:
          - Amount: +2
            Name: Shift
          Name: Skirmish Movement
      Modifiers:
      - Abilities:
        - Strength
        Name: Ability Modifier Damage
    Modifiers:
    - PowerSource: Martial
      Name: Power Source
- Level: 23
  PowerProfile:
    Usage: Encounter
    Tool: Weapon
    ToolRange: Melee
    Attacks:
    - WeaponDice: 1
      Ability: Strength
      DamageTypes:
      - Normal
      Effects:
      - Target: Enemy
        Modifiers:
        - Effects:
          - Mode: Push
            Amount: +1
            Name: Slide Opponent
          Name: MovementControl
        - Conditions:
          - Name: Dazed
          Name: Condition
      - Target: Self, Ally
        Modifiers:
        - Boosts:
          - Amount: DEX
            Limit: Target
            Name: Attack
          Name: Boost
      Modifiers:
      - Abilities:
        - Strength
        Name: Ability Modifier Damage
    Modifiers:
    - Name: OpportunityAction
    - PowerSource: Martial
      Name: Power Source
- Level: 25
  PowerProfile:
    Usage: Daily
    Tool: Weapon
    ToolRange: Melee
    Attacks:
    - WeaponDice: 3
      Ability: Strength
      DamageTypes:
      - Normal
      Effects:
      - Target: Enemy
        Modifiers:
        - Conditions:
          - Name: Blinded
          Name: Condition
      Modifiers:
      - Abilities:
        - Strength
        Name: Ability Modifier Damage
      - Defense: Reflex
        Name: Non-Armor Defense
    Modifiers:
    - Name: OpportunityAction
    - PowerSource: Martial
      Name: Power Source
- Level: 25
  PowerProfile:
    Usage: Daily
    Tool: Weapon
    ToolRange: Melee
    Attacks:
    - WeaponDice: 5
      Ability: Strength
      DamageTypes:
      - Normal
      Effects:
      - Target: Enemy
        Modifiers:
        - Conditions:
          - Name: Slowed
          - Name: Dazed
          Name: Condition
        - Effects:
          - Mode: Pull
            Amount: +1
            Name: Slide Opponent
          Name: MovementControl
      - Target: Self, Ally
        Modifiers:
        - Boosts:
          - Amount: +2
            Limit: Target
            Name: Attack
          - Amount: STR
            Name: Temporary Hit Points
          - Name: Healing Surge
          Name: Boost
      Modifiers:
      - Abilities:
        - Strength
        Name: Ability Modifier Damage
      - Defense: Reflex
        Name: Non-Armor Defense
    Modifiers:
    - PowerSource: Martial
      Name: Power Source
- Level: 25
  PowerProfile:
    Usage: Daily
    Tool: Weapon
    ToolRange: Melee
    Attacks:
    - WeaponDice: 7
      Ability: Strength
      DamageTypes:
      - Normal
      Effects:
      - Target: Enemy
        Modifiers:
        - Effects:
          - Mode: Pull
            Amount: +1
            Name: Slide Opponent
          Name: MovementControl
      - Target: Self
        Modifiers:
        - Movement:
          - Amount: +2
            Name: Shift
          Name: Skirmish Movement
        - Boosts:
          - Name: Extra Saving Throw
          Name: Boost
      Modifiers:
      - Abilities:
        - Strength
        Name: Ability Modifier Damage
    Modifiers:
    - PowerSource: Martial
      Name: Power Source
- Level: 25
  PowerProfile:
    Usage: Daily
    Tool: Weapon
    ToolRange: Melee
    Attacks:
    - WeaponDice: 8
      Ability: Strength
      DamageTypes:
      - Normal
      Effects: []
      Modifiers:
      - Name: UpToThreeTargets
    Modifiers:
    - PowerSource: Martial
      Name: Power Source
- Level: 27
  PowerProfile:
    Usage: Encounter
    Tool: Weapon
    ToolRange: Melee
    Attacks:
    - WeaponDice: 2
      Ability: Strength
      DamageTypes:
      - Normal
      Effects:
      - Target: Ally
        Modifiers:
        - Boosts:
          - Amount: DEX
            Limit: NextAttack
            Name: Attack
          Name: Boost
      Modifiers:
      - Abilities:
        - Strength
        Name: Ability Modifier Damage
    Modifiers:
    - Name: OpportunityAction
    - PowerSource: Martial
      Name: Power Source
- Level: 27
  PowerProfile:
    Usage: Encounter
    Tool: Weapon
    ToolRange: Melee
    Attacks:
    - WeaponDice: 3
      Ability: Strength
      DamageTypes:
      - Normal
      Effects:
      - Target: Self, Ally
        Modifiers:
        - Boosts:
          - Amount: STR
            Limit: NextAttack
            Name: Attack
          - Amount: +2
            Defense: Will
            Name: Defense
          Name: Boost
      Modifiers:
      - Abilities:
        - Strength
        Name: Ability Modifier Damage
      - Defense: Reflex
        Name: Non-Armor Defense
    Modifiers:
    - PowerSource: Martial
      Name: Power Source
- Level: 27
  PowerProfile:
    Usage: Encounter
    Tool: Weapon
    ToolRange: Melee
    Attacks:
    - WeaponDice: 1
      Ability: Strength
      DamageTypes:
      - Normal
      Effects:
      - Target: Self
        Modifiers:
        - Boosts:
          - Amount: +2
            Defense: Fortitude
            Name: Defense
          Name: Boost
      Modifiers:
      - Name: RequiredHitForNextAttack
      - Abilities:
        - Strength
        Name: Ability Modifier Damage
    - WeaponDice: 1
      Ability: Strength
      DamageTypes:
      - Normal
      Effects:
      - Target: Self
        Modifiers:
        - Boosts:
          - Amount: +2
            Defense: ArmorClass
            Name: Defense
          Name: Boost
      Modifiers:
      - Name: RequiresPreviousHit
      - Name: RequiredHitForNextAttack
      - Abilities:
        - Strength
        Name: Ability Modifier Damage
    - WeaponDice: 1
      Ability: Strength
      DamageTypes:
      - Normal
      Effects:
      - Target: Enemy
        Modifiers:
        - Effects:
          - Mode: Pull
            Amount: +1
            Name: Slide Opponent
          Name: MovementControl
      Modifiers:
      - Name: RequiresPreviousHit
      - Abilities:
        - Strength
        Name: Ability Modifier Damage
      - Defense: Reflex
        Name: Non-Armor Defense
    Modifiers:
    - PowerSource: Martial
      Name: Power Source
- Level: 27
  PowerProfile:
    Usage: Encounter
    Tool: Weapon
    ToolRange: Melee
    Attacks:
    - WeaponDice: 3
      Ability: Strength
      DamageTypes:
      - Normal
      Effects:
      - Target: Enemy
        Modifiers:
        - Effects:
          - Mode: Pull
            Amount: +1
            Name: Slide Opponent
          Name: MovementControl
        - Conditions:
          - Name: Dazed
          Name: Condition
      - Target: Self
        Modifiers:
        - Movement:
          - Amount: STR
            Name: Shift
          Name: Skirmish Movement
      Modifiers:
      - Abilities:
        - Strength
        Name: Ability Modifier Damage
    Modifiers:
    - PowerSource: Martial
      Name: Power Source
- Level: 29
  PowerProfile:
    Usage: Daily
    Tool: Weapon
    ToolRange: Melee
    Attacks:
    - WeaponDice: 6
      Ability: Strength
      DamageTypes:
      - Normal
      Effects:
      - Target: Enemy
        Modifiers:
        - Conditions:
          - Name: Slowed
          Name: Condition
        - Effects:
          - Mode: Pull
            Amount: +1
            Name: Slide Opponent
          Name: MovementControl
      - Target: Ally
        Modifiers:
        - Boosts:
          - Amount: DEX + 2
            Limit: NextAttack
            Name: Attack
          - Amount: DEX
            Name: Temporary Hit Points
          Name: Boost
      - Target: Self
        Modifiers:
        - Boosts:
          - Amount: STR
            Limit: NextAttack
            Name: Attack
          - Amount: DEX
            Name: Temporary Hit Points
          Name: Boost
        - Movement:
          - Amount: STR
            Name: Shift
          Name: Skirmish Movement
      Modifiers:
      - Abilities:
        - Strength
        Name: Ability Modifier Damage
    Modifiers:
    - PowerSource: Martial
      Name: Power Source
- Level: 29
  PowerProfile:
    Usage: Daily
    Tool: Weapon
    ToolRange: Melee
    Attacks:
    - WeaponDice: 5
      Ability: Strength
      DamageTypes:
      - Normal
      Effects:
      - Target: Ally
        Modifiers:
        - Boosts:
          - Amount: DEX
            Limit: NextAttack
            Name: Attack
          Name: Boost
      Modifiers:
      - Name: RequiredHitForNextAttack
      - Abilities:
        - Strength
        Name: Ability Modifier Damage
    - WeaponDice: 5
      Ability: Strength
      DamageTypes:
      - Normal
      Effects:
      - Target: Self, Ally
        Modifiers:
        - Boosts:
          - Name: Extra Saving Throw
          Name: Boost
      Modifiers:
      - Name: RequiresPreviousHit
      - Abilities:
        - Strength
        Name: Ability Modifier Damage
    Modifiers:
    - PowerSource: Martial
      Name: Power Source
- Level: 29
  PowerProfile:
    Usage: Daily
    Tool: Weapon
    ToolRange: Melee
    Attacks:
    - WeaponDice: 6
      Ability: Strength
      DamageTypes:
      - Normal
      Effects:
      - Target: Enemy
        Modifiers:
        - Effects:
          - Mode: Push
            Amount: +1
            Name: Slide Opponent
          Name: MovementControl
      - Target: Self
        Modifiers:
        - Movement:
          - Amount: STR + 2
            Name: Shift
          Name: Skirmish Movement
        - Boosts:
          - Amount: +2
            Defense: Reflex
            Name: Defense
          - Amount: +2
            Name: Temporary Hit Points
          Name: Boost
      - Target: Ally
        Modifiers:
        - Boosts:
          - Name: Healing Surge
          - Amount: +2
            Defense: Reflex
            Name: Defense
          Name: Boost
      Modifiers:
      - Abilities:
        - Strength
        Name: Ability Modifier Damage
    Modifiers:
    - PowerSource: Martial
      Name: Power Source
- Level: 29
  PowerProfile:
    Usage: Daily
    Tool: Weapon
    ToolRange: Melee
    Attacks:
    - WeaponDice: 6
      Ability: Strength
      DamageTypes:
      - Normal
      Effects:
      - Target: Enemy
        Modifiers:
        - Effects:
          - Name: Prone
          Name: MovementControl
      - Target: Self
        Modifiers:
        - Boosts:
          - Amount: DEX
            Name: Temporary Hit Points
          - Amount: STR
            Limit: Target
            Name: Attack
          Name: Boost
      - Target: Ally
        Modifiers:
        - Boosts:
          - Amount: +2
            Name: Temporary Hit Points
          - Amount: STR
            Limit: Target
            Name: Attack
          Name: Boost
      Modifiers:
      - Abilities:
        - Strength
        Name: Ability Modifier Damage
      - Defense: Reflex
        Name: Non-Armor Defense
      - Amount: +2
        Name: To-Hit Bonus to Current Attack
    Modifiers:
    - PowerSource: Martial
      Name: Power Source
