- Template: Multiattack
  Attacks:
  - WeaponDice: 1
    DamageTypes:
    - Weapon
    Target: Melee
    Modifiers: []
  - WeaponDice: 1
    DamageTypes:
    - Weapon
    Target: Melee
    Modifiers: []
- Name: Generated
  Keywords:
  - Weapon
  Level: 1
  Effects:
  - Target:
      Effect:
        Attack:
          Hit:
            Damage:
            - Amount: 1[W]
              Types:
              - Weapon
      MeleeWeapon: {}
  - Target:
      Effect:
        Attack:
          Hit:
            Damage:
            - Amount: 1[W]
              Types:
              - Weapon
      MeleeWeapon: {}
