AtWill1:
- Template: Multiattack
  Level: 1
  Usage: AtWill
  Tool: Weapon
  ToolRange: Range
  PowerSource: Martial
  Attacks:
  - WeaponDice: 1
    Ability: Strength
    DamageTypes:
    - Normal
    Modifiers:
    - Name: TwoHits
  Modifiers: []
- Template: Conditions
  Level: 1
  Usage: AtWill
  Tool: Weapon
  ToolRange: Range
  PowerSource: Martial
  Attacks:
  - WeaponDice: 1
    Ability: Strength
    DamageTypes:
    - Normal
    Modifiers:
    - Abilities:
      - Strength
      Name: Ability Modifier Damage
    - Duration: EndOfUserNextTurn
      Conditions:
      - Name: Dazed
      Name: Condition
  Modifiers: []
- Template: Accurate
  Level: 1
  Usage: AtWill
  Tool: Weapon
  ToolRange: Range
  PowerSource: Martial
  Attacks:
  - WeaponDice: 1
    Ability: Strength
    DamageTypes:
    - Normal
    Modifiers:
    - Abilities:
      - Strength
      Name: Ability Modifier Damage
    - Defense: Will
      Name: Non-Armor Defense
  Modifiers: []
- Template: Bonus
  Level: 1
  Usage: AtWill
  Tool: Weapon
  ToolRange: Range
  PowerSource: Martial
  Attacks:
  - WeaponDice: 1
    Ability: Strength
    DamageTypes:
    - Normal
    Modifiers:
    - Abilities:
      - Strength
      Name: Ability Modifier Damage
    - Duration: EndOfUserNextTurn
      SelfBoosts:
      - Amount: DEX
        Name: Temporary Hit Points
      AllyBoosts: []
      AllyType: Single
      Name: Boost
  Modifiers: []
Encounter1:
- Template: Multiattack
  Level: 1
  Usage: Encounter
  Tool: Weapon
  ToolRange: Range
  PowerSource: Martial
  Attacks:
  - WeaponDice: 1.0000000000000002
    Ability: Strength
    DamageTypes:
    - Fire
    Modifiers:
    - Name: RequiredHitForNextAttack
  - WeaponDice: 1.75
    Ability: Strength
    DamageTypes:
    - Fire
    Modifiers:
    - Name: RequiresPreviousHit
    - Abilities:
      - Strength
      Name: Ability Modifier Damage
  Modifiers:
  - Duration: EndOfUserNextTurn
    SelfBoosts: []
    AllyBoosts:
    - Amount: +2
      Name: Regeneration
    AllyType: Single
    Name: Boost
- Template: Accurate
  Level: 1
  Usage: Encounter
  Tool: Weapon
  ToolRange: Range
  PowerSource: Martial
  Attacks:
  - WeaponDice: 1
    Ability: Dexterity
    DamageTypes:
    - Normal
    Modifiers:
    - Abilities:
      - Dexterity
      Name: Ability Modifier Damage
    - Duration: EndOfUserNextTurn
      SelfBoosts: []
      AllyBoosts:
      - Amount: STR
        Name: Regeneration
      - Amount: DEX
        Limit: NextAttack
        Name: Attack
      AllyType: Single
      Name: Boost
    - Defense: Will
      Name: Non-Armor Defense
  Modifiers: []
- Template: Multiattack
  Level: 1
  Usage: Encounter
  Tool: Weapon
  ToolRange: Range
  PowerSource: Martial
  Attacks:
  - WeaponDice: 1.2000000000000002
    Ability: Dexterity
    DamageTypes:
    - Normal
    Modifiers:
    - Name: RequiredHitForNextAttack
  - WeaponDice: 1.7000000000000002
    Ability: Dexterity
    DamageTypes:
    - Normal
    Modifiers:
    - Name: RequiresPreviousHit
    - Abilities:
      - Dexterity
      Name: Ability Modifier Damage
    - Movement:
      - Name: Non-Provoking Movement
      Name: Skirmish Movement
  Modifiers: []
- Template: Interrupt Penalty
  Level: 1
  Usage: Encounter
  Tool: Weapon
  ToolRange: Range
  PowerSource: Martial
  Attacks:
  - WeaponDice: 1.5
    Ability: Strength
    DamageTypes:
    - Fire
    Modifiers:
    - Abilities:
      - Strength
      Name: Ability Modifier Damage
  Modifiers:
  - Name: OpportunityAction
Daily1:
- Template: Multiattack
  Level: 1
  Usage: Daily
  Tool: Weapon
  ToolRange: Range
  PowerSource: Martial
  Attacks:
  - WeaponDice: 2.3888888888888888
    Ability: Strength
    DamageTypes:
    - Fire
    Modifiers:
    - Abilities:
      - Strength
      Name: Ability Modifier Damage
  - WeaponDice: 1.1111111111111112
    Ability: Strength
    DamageTypes:
    - Fire
    Modifiers: []
  Modifiers:
  - Duration: EndOfUserNextTurn
    SelfBoosts:
    - Amount: +2
      Limit: NextAttack
      Name: Attack
    AllyBoosts: []
    AllyType: Single
    Name: Boost
- Template: Conditions
  Level: 1
  Usage: Daily
  Tool: Weapon
  ToolRange: Range
  PowerSource: Martial
  Attacks:
  - WeaponDice: 2
    Ability: Strength
    DamageTypes:
    - Fire
    Modifiers:
    - Abilities:
      - Strength
      Name: Ability Modifier Damage
    - Duration: EndOfUserNextTurn
      SelfBoosts:
      - Amount: STR + 2
        Defense: ArmorClass
        Name: Defense
      AllyBoosts:
      - Amount: STR
        Name: Regeneration
      AllyType: All
      Name: Boost
  Modifiers: []
- Template: Multiattack
  Level: 1
  Usage: Daily
  Tool: Weapon
  ToolRange: Range
  PowerSource: Martial
  Attacks:
  - WeaponDice: 2.0365853658536581
    Ability: Strength
    DamageTypes:
    - Fire
    Modifiers:
    - Name: RequiredHitForNextAttack
    - Abilities:
      - Strength
      Name: Ability Modifier Damage
  - WeaponDice: 1.6951219512195119
    Ability: Strength
    DamageTypes:
    - Fire
    Modifiers:
    - Name: RequiresPreviousHit
    - Abilities:
      - Strength
      Name: Ability Modifier Damage
  Modifiers:
  - Duration: EndOfUserNextTurn
    SelfBoosts: []
    AllyBoosts:
    - Amount: DEX
      Name: Regeneration
    AllyType: Single
    Name: Boost
- Template: Skirmish
  Level: 1
  Usage: Daily
  Tool: Weapon
  ToolRange: Range
  PowerSource: Martial
  Attacks:
  - WeaponDice: 1.3404255319148937
    Ability: Strength
    DamageTypes:
    - Fire
    Modifiers:
    - Name: RequiredHitForNextAttack
  - WeaponDice: 1.6595744680851063
    Ability: Strength
    DamageTypes:
    - Fire
    Modifiers:
    - Abilities:
      - Strength
      Name: Ability Modifier Damage
    - Name: RequiresPreviousHit
    - Movement:
      - Timing: Anytime
        Amount: +4
        Name: Shift
      Name: Skirmish Movement
    - Size: 3
      Type: Blast
      Name: Multiple
  Modifiers: []
Encounter3:
- Template: Multiattack
  Level: 3
  Usage: Encounter
  Tool: Weapon
  ToolRange: Range
  PowerSource: Martial
  Attacks:
  - WeaponDice: 1.0000000000000002
    Ability: Dexterity
    DamageTypes:
    - Normal
    Modifiers:
    - Name: RequiredHitForNextAttack
  - WeaponDice: 1.75
    Ability: Dexterity
    DamageTypes:
    - Normal
    Modifiers:
    - Name: RequiresPreviousHit
    - Abilities:
      - Dexterity
      Name: Ability Modifier Damage
  Modifiers:
  - Duration: EndOfUserNextTurn
    SelfBoosts:
    - Amount: +2
      Defense: Fortitude
      Name: Defense
    AllyBoosts: []
    AllyType: Single
    Name: Boost
- Template: Multiattack
  Level: 3
  Usage: Encounter
  Tool: Weapon
  ToolRange: Range
  PowerSource: Martial
  Attacks:
  - WeaponDice: 1
    Ability: Strength
    DamageTypes:
    - Fire
    Modifiers:
    - Name: TwoHits
    - Abilities:
      - Strength
      Name: Ability Modifier Damage
  Modifiers: []
- Template: Skirmish
  Level: 3
  Usage: Encounter
  Tool: Weapon
  ToolRange: Range
  PowerSource: Martial
  Attacks:
  - WeaponDice: 1
    Ability: Dexterity
    DamageTypes:
    - Fire
    Modifiers:
    - Abilities:
      - Dexterity
      Name: Ability Modifier Damage
    - Movement:
      - Timing: Before
        Amount: STR
        Name: Shift
      Name: Skirmish Movement
    - Size: 3
      Type: Blast
      Name: Multiple
  Modifiers: []
- Template: Conditions
  Level: 3
  Usage: Encounter
  Tool: Weapon
  ToolRange: Range
  PowerSource: Martial
  Attacks:
  - WeaponDice: 1.25
    Ability: Strength
    DamageTypes:
    - Fire
    Modifiers: []
  - WeaponDice: 1.25
    Ability: Strength
    DamageTypes:
    - Fire
    Modifiers:
    - Abilities:
      - Strength
      Name: Ability Modifier Damage
  Modifiers: []
Daily5:
- Template: Multiattack
  Level: 5
  Usage: Daily
  Tool: Weapon
  ToolRange: Range
  PowerSource: Martial
  Attacks:
  - WeaponDice: 1.375
    Ability: Dexterity
    DamageTypes:
    - Fire
    Modifiers:
    - Name: RequiredHitForNextAttack
  - WeaponDice: 1.59375
    Ability: Dexterity
    DamageTypes:
    - Fire
    Modifiers:
    - Name: RequiresPreviousHit
    - Name: RequiredHitForNextAttack
    - Abilities:
      - Dexterity
      Name: Ability Modifier Damage
    - Effects:
      - Mode: Pull
        Amount: +1
        Name: Slide Opponent
      Name: MovementControl
    - Defense: Will
      Name: Non-Armor Defense
  - WeaponDice: 1.59375
    Ability: Dexterity
    DamageTypes:
    - Fire
    Modifiers:
    - Name: RequiresPreviousHit
    - Abilities:
      - Dexterity
      Name: Ability Modifier Damage
    - Duration: EndOfUserNextTurn
      SelfBoosts:
      - Amount: +2
        Defense: ArmorClass
        Name: Defense
      AllyBoosts:
      - Amount: +2
        Name: Temporary Hit Points
      AllyType: Single
      Name: Boost
  Modifiers: []
- Template: Multiattack
  Level: 5
  Usage: Daily
  Tool: Weapon
  ToolRange: Range
  PowerSource: Martial
  Attacks:
  - WeaponDice: 1
    Ability: Dexterity
    DamageTypes:
    - Fire
    Modifiers:
    - Name: TwoHits
    - Abilities:
      - Dexterity
      Name: Ability Modifier Damage
    - Duration: EndOfUserNextTurn
      SelfBoosts:
      - Amount: +2
        Defense: Fortitude
        Name: Defense
      AllyBoosts: []
      AllyType: Single
      Name: Boost
  Modifiers:
  - Duration: EndOfUserNextTurn
    SelfBoosts:
    - Amount: +2
      Defense: Reflex
      Name: Defense
    AllyBoosts:
    - Amount: +2
      Limit: Target
      Name: Attack
    - Amount: +2
      Name: Regeneration
    AllyType: Single
    Name: Boost
- Template: Accurate
  Level: 5
  Usage: Daily
  Tool: Weapon
  ToolRange: Range
  PowerSource: Martial
  Attacks:
  - WeaponDice: 4
    Ability: Dexterity
    DamageTypes:
    - Normal
    Modifiers:
    - Abilities:
      - Dexterity
      Name: Ability Modifier Damage
    - Movement:
      - Timing: Anytime
        Amount: +2
        Name: Shift
      Name: Skirmish Movement
    - Amount: +2
      Name: To-Hit Bonus to Current Attack
  Modifiers: []
- Template: Close blast
  Level: 5
  Usage: Daily
  Tool: Weapon
  ToolRange: Range
  PowerSource: Martial
  Attacks:
  - WeaponDice: 4
    Ability: Dexterity
    DamageTypes:
    - Fire
    Modifiers:
    - Abilities:
      - Dexterity
      Name: Ability Modifier Damage
    - Duration: EndOfUserNextTurn
      SelfBoosts:
      - Amount: STR + 2
        Name: Temporary Hit Points
      AllyBoosts: []
      AllyType: Single
      Name: Boost
  Modifiers: []
Encounter7:
- Template: Multiattack
  Level: 7
  Usage: Encounter
  Tool: Weapon
  ToolRange: Range
  PowerSource: Martial
  Attacks:
  - WeaponDice: 1
    Ability: Strength
    DamageTypes:
    - Normal
    Modifiers:
    - Name: TwoHits
    - Abilities:
      - Strength
      Name: Ability Modifier Damage
  Modifiers: []
- Template: Multiattack
  Level: 7
  Usage: Encounter
  Tool: Weapon
  ToolRange: Range
  PowerSource: Martial
  Attacks:
  - WeaponDice: 1.0000000000000002
    Ability: Dexterity
    DamageTypes:
    - Normal
    Modifiers:
    - Name: RequiredHitForNextAttack
  - WeaponDice: 1.75
    Ability: Dexterity
    DamageTypes:
    - Normal
    Modifiers:
    - Name: RequiresPreviousHit
    - Abilities:
      - Dexterity
      Name: Ability Modifier Damage
  Modifiers:
  - Duration: EndOfUserNextTurn
    SelfBoosts:
    - Amount: STR
      Name: Regeneration
    AllyBoosts: []
    AllyType: Single
    Name: Boost
- Template: Conditions
  Level: 7
  Usage: Encounter
  Tool: Weapon
  ToolRange: Range
  PowerSource: Martial
  Attacks:
  - WeaponDice: 2
    Ability: Strength
    DamageTypes:
    - Fire
    Modifiers:
    - Abilities:
      - Strength
      Name: Ability Modifier Damage
    - Defense: Fortitude
      Name: Non-Armor Defense
  Modifiers: []
- Template: Accurate
  Level: 7
  Usage: Encounter
  Tool: Weapon
  ToolRange: Range
  PowerSource: Martial
  Attacks:
  - WeaponDice: 2
    Ability: Strength
    DamageTypes:
    - Fire
    Modifiers:
    - Abilities:
      - Strength
      Name: Ability Modifier Damage
  Modifiers:
  - Duration: EndOfUserNextTurn
    SelfBoosts: []
    AllyBoosts:
    - Amount: +2
      Defense: Will
      Name: Defense
    AllyType: Single
    Name: Boost
Daily9:
- Template: Multiattack
  Level: 9
  Usage: Daily
  Tool: Weapon
  ToolRange: Range
  PowerSource: Martial
  Attacks:
  - WeaponDice: 3.75
    Ability: Dexterity
    DamageTypes:
    - Normal
    Modifiers:
    - Abilities:
      - Dexterity
      Name: Ability Modifier Damage
  - WeaponDice: 1.75
    Ability: Dexterity
    DamageTypes:
    - Normal
    Modifiers:
    - Abilities:
      - Dexterity
      Name: Ability Modifier Damage
  Modifiers: []
- Template: Skirmish
  Level: 9
  Usage: Daily
  Tool: Weapon
  ToolRange: Range
  PowerSource: Martial
  Attacks:
  - WeaponDice: 2
    Ability: Strength
    DamageTypes:
    - Normal
    Modifiers: []
  - WeaponDice: 2
    Ability: Strength
    DamageTypes:
    - Normal
    Modifiers: []
  - WeaponDice: 2
    Ability: Strength
    DamageTypes:
    - Normal
    Modifiers:
    - Abilities:
      - Strength
      Name: Ability Modifier Damage
  Modifiers: []
- Template: Conditions
  Level: 9
  Usage: Daily
  Tool: Weapon
  ToolRange: Range
  PowerSource: Martial
  Attacks:
  - WeaponDice: 5
    Ability: Dexterity
    DamageTypes:
    - Fire
    Modifiers:
    - Abilities:
      - Dexterity
      Name: Ability Modifier Damage
    - Movement:
      - Timing: After
        Amount: +2
        Name: Shift
      Name: Skirmish Movement
    - Duration: EndOfUserNextTurn
      Conditions:
      - Name: Dazed
      Name: Condition
  Modifiers: []
- Template: Multiattack
  Level: 9
  Usage: Daily
  Tool: Weapon
  ToolRange: Range
  PowerSource: Martial
  Attacks:
  - WeaponDice: 4.5
    Ability: Dexterity
    DamageTypes:
    - Fire
    Modifiers:
    - Name: UpToThreeTargets
    - Abilities:
      - Dexterity
      Name: Ability Modifier Damage
  Modifiers: []
Encounter11:
- Template: Multiattack
  Level: 11
  Usage: Encounter
  Tool: Weapon
  ToolRange: Range
  PowerSource: Martial
  Attacks:
  - WeaponDice: 2
    Ability: Dexterity
    DamageTypes:
    - Fire
    Modifiers:
    - Name: UpToThreeTargets
    - Abilities:
      - Dexterity
      Name: Ability Modifier Damage
  Modifiers: []
- Template: Accurate
  Level: 11
  Usage: Encounter
  Tool: Weapon
  ToolRange: Range
  PowerSource: Martial
  Attacks:
  - WeaponDice: 3
    Ability: Dexterity
    DamageTypes:
    - Fire
    Modifiers:
    - Abilities:
      - Dexterity
      Name: Ability Modifier Damage
  Modifiers:
  - Duration: EndOfUserNextTurn
    SelfBoosts:
    - Amount: DEX
      Limit: Target
      Name: Attack
    AllyBoosts: []
    AllyType: Single
    Name: Boost
- Template: Skirmish
  Level: 11
  Usage: Encounter
  Tool: Weapon
  ToolRange: Range
  PowerSource: Martial
  Attacks:
  - WeaponDice: 3
    Ability: Strength
    DamageTypes:
    - Normal
    Modifiers:
    - Abilities:
      - Strength
      Name: Ability Modifier Damage
    - Defense: Reflex
      Name: Non-Armor Defense
  Modifiers: []
- Template: Interrupt Penalty
  Level: 11
  Usage: Encounter
  Tool: Weapon
  ToolRange: Range
  PowerSource: Martial
  Attacks:
  - WeaponDice: 1.5
    Ability: Strength
    DamageTypes:
    - Fire
    Modifiers:
    - Abilities:
      - Strength
      Name: Ability Modifier Damage
  Modifiers:
  - Name: OpportunityAction
Encounter13:
- Template: Multiattack
  Level: 13
  Usage: Encounter
  Tool: Weapon
  ToolRange: Range
  PowerSource: Martial
  Attacks:
  - WeaponDice: 1.5
    Ability: Dexterity
    DamageTypes:
    - Normal
    Modifiers:
    - Name: TwoHits
    - Abilities:
      - Dexterity
      Name: Ability Modifier Damage
  Modifiers: []
- Template: Interrupt Penalty
  Level: 13
  Usage: Encounter
  Tool: Weapon
  ToolRange: Range
  PowerSource: Martial
  Attacks:
  - WeaponDice: 1.5
    Ability: Strength
    DamageTypes:
    - Normal
    Modifiers:
    - Abilities:
      - Strength
      Name: Ability Modifier Damage
  Modifiers:
  - Name: OpportunityAction
- Template: Bonus
  Level: 13
  Usage: Encounter
  Tool: Weapon
  ToolRange: Range
  PowerSource: Martial
  Attacks:
  - WeaponDice: 2
    Ability: Dexterity
    DamageTypes:
    - Normal
    Modifiers:
    - Abilities:
      - Dexterity
      Name: Ability Modifier Damage
    - Duration: EndOfUserNextTurn
      SelfBoosts:
      - Amount: +2
        Name: Regeneration
      - Amount: +2
        Name: Temporary Hit Points
      AllyBoosts:
      - Amount: +2
        Limit: NextAttack
        Name: Attack
      AllyType: Single
      Name: Boost
  Modifiers: []
- Template: Close blast
  Level: 13
  Usage: Encounter
  Tool: Weapon
  ToolRange: Range
  PowerSource: Martial
  Attacks:
  - WeaponDice: 3
    Ability: Strength
    DamageTypes:
    - Fire
    Modifiers:
    - Abilities:
      - Strength
      Name: Ability Modifier Damage
  Modifiers:
  - Duration: EndOfUserNextTurn
    SelfBoosts:
    - Amount: +2
      Name: Temporary Hit Points
    AllyBoosts: []
    AllyType: Single
    Name: Boost
Daily15:
- Template: Multiattack
  Level: 15
  Usage: Daily
  Tool: Weapon
  ToolRange: Range
  PowerSource: Martial
  Attacks:
  - WeaponDice: 5
    Ability: Dexterity
    DamageTypes:
    - Normal
    Modifiers:
    - Name: UpToThreeTargets
    - Abilities:
      - Dexterity
      Name: Ability Modifier Damage
    - Duration: EndOfUserNextTurn
      SelfBoosts:
      - Amount: +2
        Limit: NextAttack
        Name: Attack
      AllyBoosts: []
      AllyType: Single
      Name: Boost
  Modifiers: []
- Template: Interrupt Penalty
  Level: 15
  Usage: Daily
  Tool: Weapon
  ToolRange: Range
  PowerSource: Martial
  Attacks:
  - WeaponDice: 3.5
    Ability: Dexterity
    DamageTypes:
    - Normal
    Modifiers:
    - Abilities:
      - Dexterity
      Name: Ability Modifier Damage
  Modifiers:
  - Name: OpportunityAction
- Template: Skirmish
  Level: 15
  Usage: Daily
  Tool: Weapon
  ToolRange: Range
  PowerSource: Martial
  Attacks:
  - WeaponDice: 3
    Ability: Strength
    DamageTypes:
    - Normal
    Modifiers:
    - Abilities:
      - Strength
      Name: Ability Modifier Damage
    - Duration: EndOfUserNextTurn
      Conditions:
      - Name: Weakened
      - Name: Dazed
      - Name: Slowed
      Name: Condition
    - Movement:
      - Timing: Anytime
        Amount: DEX + 2
        Name: Shift
      Name: Skirmish Movement
    - Effects:
      - Mode: Slide
        Amount: +2
        Name: Slide Opponent
      Name: MovementControl
  Modifiers: []
- Template: Accurate
  Level: 15
  Usage: Daily
  Tool: Weapon
  ToolRange: Range
  PowerSource: Martial
  Attacks:
  - WeaponDice: 5
    Ability: Strength
    DamageTypes:
    - Fire
    Modifiers:
    - Abilities:
      - Strength
      Name: Ability Modifier Damage
    - Movement:
      - Timing: After
        Name: Shift
      - Timing: Before
        Name: Shift
      Name: Skirmish Movement
  Modifiers: []
Encounter17:
- Template: Multiattack
  Level: 17
  Usage: Encounter
  Tool: Weapon
  ToolRange: Range
  PowerSource: Martial
  Attacks:
  - WeaponDice: 1.1000000000000001
    Ability: Dexterity
    DamageTypes:
    - Fire
    Modifiers:
    - Name: RequiredHitForNextAttack
    - Abilities:
      - Dexterity
      Name: Ability Modifier Damage
  - WeaponDice: 1.9000000000000004
    Ability: Dexterity
    DamageTypes:
    - Fire
    Modifiers:
    - Name: RequiresPreviousHit
    - Abilities:
      - Dexterity
      Name: Ability Modifier Damage
    - Size: 3
      Type: Area
      Name: Multiple
  Modifiers: []
- Template: Accurate
  Level: 17
  Usage: Encounter
  Tool: Weapon
  ToolRange: Range
  PowerSource: Martial
  Attacks:
  - WeaponDice: 2
    Ability: Dexterity
    DamageTypes:
    - Normal
    Modifiers:
    - Abilities:
      - Dexterity
      Name: Ability Modifier Damage
    - Defense: Will
      Name: Non-Armor Defense
    - Amount: +4
      Name: To-Hit Bonus to Current Attack
  Modifiers: []
- Template: Conditions
  Level: 17
  Usage: Encounter
  Tool: Weapon
  ToolRange: Range
  PowerSource: Martial
  Attacks:
  - WeaponDice: 3
    Ability: Dexterity
    DamageTypes:
    - Normal
    Modifiers:
    - Abilities:
      - Dexterity
      Name: Ability Modifier Damage
    - Duration: EndOfUserNextTurn
      Conditions:
      - Name: Slowed
      Name: Condition
  Modifiers: []
- Template: Interrupt Penalty
  Level: 17
  Usage: Encounter
  Tool: Weapon
  ToolRange: Range
  PowerSource: Martial
  Attacks:
  - WeaponDice: 3
    Ability: Dexterity
    DamageTypes:
    - Normal
    Modifiers:
    - Abilities:
      - Dexterity
      Name: Ability Modifier Damage
    - Effects:
      - Mode: Push
        Amount: +1
        Name: Slide Opponent
      Name: MovementControl
  Modifiers: []
Daily19:
- Template: Multiattack
  Level: 19
  Usage: Daily
  Tool: Weapon
  ToolRange: Range
  PowerSource: Martial
  Attacks:
  - WeaponDice: 2.9000000000000004
    Ability: Strength
    DamageTypes:
    - Fire
    Modifiers:
    - Name: RequiredHitForNextAttack
    - Abilities:
      - Strength
      Name: Ability Modifier Damage
  - WeaponDice: 7.1500000000000012
    Ability: Strength
    DamageTypes:
    - Fire
    Modifiers:
    - Name: RequiresPreviousHit
    - Abilities:
      - Strength
      Name: Ability Modifier Damage
  Modifiers: []
- Template: Accurate
  Level: 19
  Usage: Daily
  Tool: Weapon
  ToolRange: Range
  PowerSource: Martial
  Attacks:
  - WeaponDice: 5
    Ability: Strength
    DamageTypes:
    - Normal
    Modifiers:
    - Abilities:
      - Strength
      Name: Ability Modifier Damage
  Modifiers:
  - Duration: EndOfEncounter
    SelfBoosts:
    - Amount: +2
      Defense: ArmorClass
      Name: Defense
    AllyBoosts:
    - Name: Healing Surge
    AllyType: Single
    Name: Boost
- Template: Bonus
  Level: 19
  Usage: Daily
  Tool: Weapon
  ToolRange: Range
  PowerSource: Martial
  Attacks:
  - WeaponDice: 7
    Ability: Dexterity
    DamageTypes:
    - Fire
    Modifiers:
    - Abilities:
      - Dexterity
      Name: Ability Modifier Damage
    - Duration: EndOfUserNextTurn
      SelfBoosts:
      - Amount: STR
        Limit: Target
        Name: Attack
      - Amount: +2
        Defense: Reflex
        Name: Defense
      AllyBoosts: []
      AllyType: Single
      Name: Boost
  Modifiers: []
- Template: Skirmish
  Level: 19
  Usage: Daily
  Tool: Weapon
  ToolRange: Range
  PowerSource: Martial
  Attacks:
  - WeaponDice: 6
    Ability: Dexterity
    DamageTypes:
    - Normal
    Modifiers:
    - Abilities:
      - Dexterity
      Name: Ability Modifier Damage
    - Duration: EndOfUserNextTurn
      SelfBoosts:
      - Name: Healing Surge
      AllyBoosts:
      - Amount: STR
        Name: Temporary Hit Points
      AllyType: All
      Name: Boost
  Modifiers: []
Daily20:
- Template: Multiattack
  Level: 20
  Usage: Daily
  Tool: Weapon
  ToolRange: Range
  PowerSource: Martial
  Attacks:
  - WeaponDice: 3.1296296296296298
    Ability: Dexterity
    DamageTypes:
    - Normal
    Modifiers:
    - Name: RequiredHitForNextAttack
    - Abilities:
      - Dexterity
      Name: Ability Modifier Damage
  - WeaponDice: 4.5555555555555554
    Ability: Dexterity
    DamageTypes:
    - Normal
    Modifiers:
    - Name: RequiresPreviousHit
    - Abilities:
      - Dexterity
      Name: Ability Modifier Damage
  Modifiers:
  - Duration: EndOfUserNextTurn
    SelfBoosts:
    - Amount: +2
      Limit: Target
      Name: Attack
    - Amount: STR
      Name: Temporary Hit Points
    AllyBoosts:
    - Amount: STR
      Name: Regeneration
    AllyType: Single
    Name: Boost
- Template: Multiattack
  Level: 20
  Usage: Daily
  Tool: Weapon
  ToolRange: Range
  PowerSource: Martial
  Attacks:
  - WeaponDice: 1.3169014084507042
    Ability: Strength
    DamageTypes:
    - Fire
    Modifiers:
    - Name: RequiredHitForNextAttack
  - WeaponDice: 1.579225352112676
    Ability: Strength
    DamageTypes:
    - Fire
    Modifiers:
    - Name: RequiresPreviousHit
    - Name: RequiredHitForNextAttack
    - Abilities:
      - Strength
      Name: Ability Modifier Damage
    - Duration: EndOfUserNextTurn
      Conditions:
      - Name: Immobilized
      - Name: Dazed
      Name: Condition
    - Effects:
      - Mode: Slide
        Amount: +2
        Name: Slide Opponent
      Name: MovementControl
  - WeaponDice: 2.195422535211268
    Ability: Strength
    DamageTypes:
    - Fire
    Modifiers:
    - Name: RequiresPreviousHit
    - Effects:
      - Mode: Pull
        Amount: STR + 2
        Name: Slide Opponent
      - Name: Prone
      Name: MovementControl
    - Abilities:
      - Strength
      - Dexterity
      Name: Ability Modifier Damage
  Modifiers: []
- Template: Skirmish
  Level: 20
  Usage: Daily
  Tool: Weapon
  ToolRange: Range
  PowerSource: Martial
  Attacks:
  - WeaponDice: 5
    Ability: Dexterity
    DamageTypes:
    - Normal
    Modifiers:
    - Abilities:
      - Dexterity
      Name: Ability Modifier Damage
    - Movement:
      - Name: Non-Provoking Movement
      Name: Skirmish Movement
    - Effects:
      - Mode: Slide
        Amount: +1
        Name: Slide Opponent
      Name: MovementControl
    - Duration: EndOfUserNextTurn
      SelfBoosts: []
      AllyBoosts:
      - Amount: STR
        Limit: NextAttack
        Name: Attack
      - Amount: +2
        Defense: Reflex
        Name: Defense
      AllyType: All
      Name: Boost
  Modifiers: []
- Template: Conditions
  Level: 20
  Usage: Daily
  Tool: Weapon
  ToolRange: Range
  PowerSource: Martial
  Attacks:
  - WeaponDice: 2.8549618320610688
    Ability: Strength
    DamageTypes:
    - Fire
    Modifiers:
    - Name: RequiredHitForNextAttack
  - WeaponDice: 4.6717557251908408
    Ability: Strength
    DamageTypes:
    - Fire
    Modifiers:
    - Name: RequiresPreviousHit
    - Name: RequiredHitForNextAttack
  - WeaponDice: 3.2958015267175576
    Ability: Strength
    DamageTypes:
    - Fire
    Modifiers:
    - Abilities:
      - Strength
      Name: Ability Modifier Damage
    - Name: RequiresPreviousHit
  Modifiers: []
Encounter23:
- Template: Multiattack
  Level: 23
  Usage: Encounter
  Tool: Weapon
  ToolRange: Range
  PowerSource: Martial
  Attacks:
  - WeaponDice: 1.5
    Ability: Dexterity
    DamageTypes:
    - Normal
    Modifiers:
    - Name: TwoHits
    - Abilities:
      - Dexterity
      Name: Ability Modifier Damage
    - Duration: EndOfUserNextTurn
      Conditions:
      - Name: Slowed
      Name: Condition
  Modifiers: []
- Template: Multiattack
  Level: 23
  Usage: Encounter
  Tool: Weapon
  ToolRange: Range
  PowerSource: Martial
  Attacks:
  - WeaponDice: 1.25
    Ability: Strength
    DamageTypes:
    - Fire
    Modifiers:
    - Name: RequiredHitForNextAttack
  - WeaponDice: 1.8125
    Ability: Strength
    DamageTypes:
    - Fire
    Modifiers:
    - Name: RequiresPreviousHit
    - Name: RequiredHitForNextAttack
    - Abilities:
      - Strength
      Name: Ability Modifier Damage
    - Movement:
      - Timing: After
        Amount: +2
        Name: Shift
      Name: Skirmish Movement
  - WeaponDice: 2.3125
    Ability: Strength
    DamageTypes:
    - Fire
    Modifiers:
    - Name: RequiresPreviousHit
    - Abilities:
      - Strength
      Name: Ability Modifier Damage
  Modifiers: []
- Template: Interrupt Penalty
  Level: 23
  Usage: Encounter
  Tool: Weapon
  ToolRange: Range
  PowerSource: Martial
  Attacks:
  - WeaponDice: 2.5
    Ability: Dexterity
    DamageTypes:
    - Fire
    Modifiers:
    - Abilities:
      - Dexterity
      Name: Ability Modifier Damage
  Modifiers:
  - Name: OpportunityAction
- Template: Accurate
  Level: 23
  Usage: Encounter
  Tool: Weapon
  ToolRange: Range
  PowerSource: Martial
  Attacks:
  - WeaponDice: 3
    Ability: Dexterity
    DamageTypes:
    - Fire
    Modifiers:
    - Abilities:
      - Dexterity
      Name: Ability Modifier Damage
    - Defense: Fortitude
      Name: Non-Armor Defense
  Modifiers:
  - Duration: EndOfUserNextTurn
    SelfBoosts:
    - Amount: +4
      Limit: NextAttack
      Name: Attack
    AllyBoosts: []
    AllyType: Single
    Name: Boost
Daily25:
- Template: Multiattack
  Level: 25
  Usage: Daily
  Tool: Weapon
  ToolRange: Range
  PowerSource: Martial
  Attacks:
  - WeaponDice: 4.0494505494505493
    Ability: Dexterity
    DamageTypes:
    - Fire
    Modifiers:
    - Name: RequiredHitForNextAttack
    - Abilities:
      - Dexterity
      Name: Ability Modifier Damage
  - WeaponDice: 6.1758241758241761
    Ability: Dexterity
    DamageTypes:
    - Fire
    Modifiers:
    - Name: RequiresPreviousHit
    - Abilities:
      - Dexterity
      Name: Ability Modifier Damage
  Modifiers:
  - Duration: EndOfUserNextTurn
    SelfBoosts:
    - Amount: +2
      Defense: Will
      Name: Defense
    AllyBoosts: []
    AllyType: Single
    Name: Boost
- Template: Close blast
  Level: 25
  Usage: Daily
  Tool: Weapon
  ToolRange: Range
  PowerSource: Martial
  Attacks:
  - WeaponDice: 5.0999999999999996
    Ability: Strength
    DamageTypes:
    - Fire
    Modifiers:
    - Abilities:
      - Strength
      Name: Ability Modifier Damage
    - Size: 2
      Type: Blast
      Name: Multiple
    - Effects:
      - Mode: Push
        Amount: +1
        Name: Slide Opponent
      Name: MovementControl
    - Duration: EndOfUserNextTurn
      Conditions:
      - Name: Dazed
      - Name: Immobilized
      Name: Condition
  Modifiers: []
- Template: Interrupt Penalty
  Level: 25
  Usage: Daily
  Tool: Weapon
  ToolRange: Range
  PowerSource: Martial
  Attacks:
  - WeaponDice: 6
    Ability: Strength
    DamageTypes:
    - Fire
    Modifiers:
    - Abilities:
      - Strength
      Name: Ability Modifier Damage
    - Defense: Fortitude
      Name: Non-Armor Defense
    - Movement:
      - Timing: Anytime
        Amount: STR
        Name: Shift
      Name: Skirmish Movement
    - Amount: +8
      Name: To-Hit Bonus to Current Attack
  Modifiers: []
- Template: Bonus
  Level: 25
  Usage: Daily
  Tool: Weapon
  ToolRange: Range
  PowerSource: Martial
  Attacks:
  - WeaponDice: 6
    Ability: Dexterity
    DamageTypes:
    - Fire
    Modifiers:
    - Abilities:
      - Dexterity
      Name: Ability Modifier Damage
    - Movement:
      - Timing: Anytime
        Amount: +2
        Name: Shift
      Name: Skirmish Movement
    - Duration: EndOfUserNextTurn
      SelfBoosts: []
      AllyBoosts:
      - Name: Extra Saving Throw
      - Amount: DEX
        Limit: Target
        Name: Attack
      - Amount: +2
        Defense: Will
        Name: Defense
      AllyType: Single
      Name: Boost
    - Duration: EndOfUserNextTurn
      Conditions:
      - Name: Dazed
      Name: Condition
  Modifiers: []
Encounter27:
- Template: Multiattack
  Level: 27
  Usage: Encounter
  Tool: Weapon
  ToolRange: Range
  PowerSource: Martial
  Attacks:
  - WeaponDice: 1
    Ability: Dexterity
    DamageTypes:
    - Normal
    Modifiers:
    - Name: TwoHits
    - Abilities:
      - Dexterity
      Name: Ability Modifier Damage
  Modifiers:
  - Name: OpportunityAction
- Template: Interrupt Penalty
  Level: 27
  Usage: Encounter
  Tool: Weapon
  ToolRange: Range
  PowerSource: Martial
  Attacks:
  - WeaponDice: 2.25
    Ability: Strength
    DamageTypes:
    - Normal
    Modifiers: []
  - WeaponDice: 2.25
    Ability: Strength
    DamageTypes:
    - Normal
    Modifiers:
    - Abilities:
      - Strength
      Name: Ability Modifier Damage
  Modifiers: []
- Template: Accurate
  Level: 27
  Usage: Encounter
  Tool: Weapon
  ToolRange: Range
  PowerSource: Martial
  Attacks:
  - WeaponDice: 2
    Ability: Strength
    DamageTypes:
    - Normal
    Modifiers:
    - Abilities:
      - Strength
      Name: Ability Modifier Damage
    - Duration: EndOfUserNextTurn
      SelfBoosts:
      - Amount: +2
        Defense: ArmorClass
        Name: Defense
      - Name: Healing Surge
      AllyBoosts:
      - Amount: DEX + 2
        Defense: Fortitude
        Name: Defense
      AllyType: Single
      Name: Boost
  Modifiers: []
- Template: Multiattack
  Level: 27
  Usage: Encounter
  Tool: Weapon
  ToolRange: Range
  PowerSource: Martial
  Attacks:
  - WeaponDice: 1.25
    Ability: Strength
    DamageTypes:
    - Fire
    Modifiers:
    - Name: RequiredHitForNextAttack
  - WeaponDice: 1.8125
    Ability: Strength
    DamageTypes:
    - Fire
    Modifiers:
    - Name: RequiresPreviousHit
    - Name: RequiredHitForNextAttack
    - Abilities:
      - Strength
      Name: Ability Modifier Damage
    - Effects:
      - Mode: Pull
        Amount: +1
        Name: Slide Opponent
      Name: MovementControl
  - WeaponDice: 1.8125
    Ability: Strength
    DamageTypes:
    - Fire
    Modifiers:
    - Name: RequiresPreviousHit
    - Abilities:
      - Strength
      Name: Ability Modifier Damage
    - Duration: EndOfUserNextTurn
      SelfBoosts: []
      AllyBoosts:
      - Amount: STR
        Name: Regeneration
      AllyType: Single
      Name: Boost
  Modifiers: []
Daily29:
- Template: Multiattack
  Level: 29
  Usage: Daily
  Tool: Weapon
  ToolRange: Range
  PowerSource: Martial
  Attacks:
  - WeaponDice: 3
    Ability: Dexterity
    DamageTypes:
    - Normal
    Modifiers:
    - Name: RequiredHitForNextAttack
    - Abilities:
      - Dexterity
      Name: Ability Modifier Damage
  - WeaponDice: 3.083333333333333
    Ability: Dexterity
    DamageTypes:
    - Normal
    Modifiers:
    - Name: RequiresPreviousHit
    - Name: RequiredHitForNextAttack
    - Size: 3
      Type: Area
      Name: Multiple
    - Abilities:
      - Dexterity
      - Strength
      Name: Ability Modifier Damage
  - WeaponDice: 3.375
    Ability: Dexterity
    DamageTypes:
    - Normal
    Modifiers:
    - Name: RequiresPreviousHit
    - Abilities:
      - Dexterity
      Name: Ability Modifier Damage
    - Effects:
      - Mode: Slide
        Amount: +1
        Name: Slide Opponent
      Name: MovementControl
  Modifiers: []
- Template: Skirmish
  Level: 29
  Usage: Daily
  Tool: Weapon
  ToolRange: Range
  PowerSource: Martial
  Attacks:
  - WeaponDice: 7
    Ability: Dexterity
    DamageTypes:
    - Normal
    Modifiers:
    - Movement:
      - Name: Non-Provoking Movement
      Name: Skirmish Movement
    - Amount: +8
      Name: To-Hit Bonus to Current Attack
    - Abilities:
      - Dexterity
      - Strength
      Name: Ability Modifier Damage
  Modifiers: []
- Template: Close blast
  Level: 29
  Usage: Daily
  Tool: Weapon
  ToolRange: Range
  PowerSource: Martial
  Attacks:
  - WeaponDice: 4.333333333333333
    Ability: Strength
    DamageTypes:
    - Normal
    Modifiers: []
  - WeaponDice: 3.3333333333333326
    Ability: Strength
    DamageTypes:
    - Normal
    Modifiers: []
  - WeaponDice: 2.333333333333333
    Ability: Strength
    DamageTypes:
    - Normal
    Modifiers:
    - Abilities:
      - Strength
      Name: Ability Modifier Damage
  Modifiers: []
- Template: Conditions
  Level: 29
  Usage: Daily
  Tool: Weapon
  ToolRange: Range
  PowerSource: Martial
  Attacks:
  - WeaponDice: 8
    Ability: Dexterity
    DamageTypes:
    - Fire
    Modifiers:
    - Abilities:
      - Dexterity
      Name: Ability Modifier Damage
    - Defense: Fortitude
      Name: Non-Armor Defense
    - Effects:
      - Mode: Push
        Amount: +1
        Name: Slide Opponent
      Name: MovementControl
    - Duration: SaveEnds
      Conditions:
      - Name: Dazed
      Name: Condition
  Modifiers: []
