- Level: 1
  PowerProfile:
    Usage: AtWill
    Tool: Implement
    ToolRange: Melee
    Attacks:
    - Ability: Wisdom
      Effects:
      - Target:
          Target: Enemy, Self, Ally
          Name: Basic Target
        EffectType: Harmful
        Modifiers:
        - Damage: d4 + WIS
          DamageTypes: []
          Name: Damage
      Modifiers:
      - Defense: Fortitude
        Name: Non-Armor Defense
    Modifiers:
    - Name: Is Basic Attack
    - PowerSource: Martial
      Name: Power Source
    Effects: []
- Name: Unknown
  TypeInfo: Implement Attack 1
  PowerUsage: At-Will
  Keywords:
  - Implement
  - Martial
  ActionType: Standard Action
  AttackType: Melee
  AttackTypeDetails: touch
  Target: One creature
  Attack: WIS vs. Fortitude
  RulesText:
  - Label: Hit
    Text: d4 + WIS damage.
  - Label: Special
    Text: This power counts as a melee basic attack. When a power allows you to make a melee basic attack, you can use this power.
