Attacks:
- Target:
    Target: Enemy, Self, Ally
    Size: 5
    Type: Burst
    Name: Multiple
  Ability: Strength
  Effects:
  - Target:
      Name: See Other
    EffectType: Harmful
    Modifiers:
    - Damage: 1[W] + STR
      DamageTypes: []
      Name: Damage
    - Conditions:
      - Name: Dazed
      Name: Condition
  Modifiers: []
Modifiers:
- PowerSource: Martial
  Name: Power Source
Effects: []
