- Level: 1
  PowerProfile:
    Usage: AtWill
    Tool: Implement
    ToolRange: Range
    Attacks:
    - Ability: Wisdom
      Effects:
      - Target:
          Target: Enemy, Self, Ally
          Name: Basic Target
        EffectType: Harmful
        Modifiers:
        - Damage: d4 + WIS
          DamageTypes:
          - Normal
          Name: Damage
      Modifiers:
      - Amount: +2
        Name: To-Hit Bonus to Current Attack
      - Defense: Fortitude
        Name: Non-Armor Defense
    Modifiers:
    - Duration: SaveEnds
      Name: Duration
    - PowerSource: Arcane
      Name: Power Source
    Effects: []
- Level: 1
  PowerProfile:
    Usage: AtWill
    Tool: Implement
    ToolRange: Range
    Attacks:
    - Ability: Wisdom
      Effects:
      - Target:
          Target: Enemy, Self, Ally
          Name: Basic Target
        EffectType: Harmful
        Modifiers:
        - Damage: d4 + WIS
          DamageTypes:
          - Normal
          Name: Damage
      Modifiers:
      - Defense: Fortitude
        Name: Non-Armor Defense
    Modifiers:
    - PowerSource: Arcane
      Name: Power Source
    Effects:
    - Target:
        Target: Self
        Name: Basic Target
      EffectType: Beneficial
      Modifiers:
      - Movement:
        - Amount: +2
          Name: Shift
        Name: Skirmish Movement
- Level: 1
  PowerProfile:
    Usage: AtWill
    Tool: Implement
    ToolRange: Range
    Attacks:
    - Ability: Wisdom
      Effects:
      - Target:
          Target: Enemy, Self, Ally
          Size: 1
          Type: Blast
          Name: Multiple
        EffectType: Harmful
        Modifiers:
        - Damage: d10 + WIS
          DamageTypes:
          - Normal
          Name: Damage
      Modifiers:
      - Defense: Will
        Name: Non-Armor Defense
    Modifiers:
    - Duration: SaveEnds
      Name: Duration
    - PowerSource: Arcane
      Name: Power Source
    Effects: []
- Level: 1
  PowerProfile:
    Usage: AtWill
    Tool: Implement
    ToolRange: Range
    Attacks:
    - Ability: Wisdom
      Effects:
      - Target:
          Target: Enemy, Self, Ally
          Name: Basic Target
        EffectType: Harmful
        Modifiers:
        - Damage: d4 + WIS
          DamageTypes:
          - Normal
          Name: Damage
      Modifiers:
      - Name: RequiredHitForNextAttack
      - Defense: Reflex
        Name: Non-Armor Defense
    - Ability: Wisdom
      Effects:
      - Target:
          Target: Enemy, Self, Ally
          Size: 1
          Type: Blast
          Name: Multiple
        EffectType: Harmful
        Modifiers:
        - Damage: d4 + WIS
          DamageTypes:
          - Normal
          Name: Damage
      Modifiers:
      - Name: RequiresPreviousHit
      - Defense: Fortitude
        Name: Non-Armor Defense
    Modifiers:
    - PowerSource: Arcane
      Name: Power Source
    Effects: []
- Level: 1
  PowerProfile:
    Usage: Encounter
    Tool: Implement
    ToolRange: Range
    Attacks:
    - Ability: Wisdom
      Effects:
      - Target:
          Target: Enemy, Self, Ally
          Name: Basic Target
        EffectType: Harmful
        Modifiers:
        - Damage: 3d4 + WIS
          DamageTypes:
          - Normal
          Name: Damage
      Modifiers:
      - Defense: Reflex
        Name: Non-Armor Defense
    Modifiers:
    - Duration: SaveEnds
      Name: Duration
    - PowerSource: Arcane
      Name: Power Source
    Effects:
    - Target:
        Target: Self
        Name: Basic Target
      EffectType: Beneficial
      Modifiers:
      - Movement:
        - Amount: +2
          Name: Shift
        Name: Skirmish Movement
- Level: 1
  PowerProfile:
    Usage: Encounter
    Tool: Implement
    ToolRange: Range
    Attacks:
    - Ability: Wisdom
      Effects:
      - Target:
          Target: Enemy, Self, Ally
          Name: Basic Target
        EffectType: Harmful
        Modifiers:
        - Damage: 3d4 + WIS
          DamageTypes:
          - Normal
          Name: Damage
      Modifiers:
      - Defense: Fortitude
        Name: Non-Armor Defense
    Modifiers:
    - Trigger: YouOrAllyAttacked
      Name: OpportunityAction
    - PowerSource: Arcane
      Name: Power Source
    Effects: []
- Level: 1
  PowerProfile:
    Usage: Encounter
    Tool: Implement
    ToolRange: Range
    Attacks:
    - Ability: Wisdom
      Effects:
      - Target:
          Target: Enemy, Self, Ally
          Name: Basic Target
        EffectType: Harmful
        Modifiers:
        - Damage: 3d4 + WIS
          DamageTypes:
          - Normal
          Name: Damage
      Modifiers:
      - Amount: +2
        Name: To-Hit Bonus to Current Attack
      - Defense: Will
        Name: Non-Armor Defense
    Modifiers:
    - Duration: SaveEnds
      Name: Duration
    - PowerSource: Arcane
      Name: Power Source
    Effects: []
- Level: 1
  PowerProfile:
    Usage: Encounter
    Tool: Implement
    ToolRange: Range
    Attacks:
    - Ability: Wisdom
      Effects:
      - Target:
          Target: Enemy, Self, Ally
          Name: Basic Target
        EffectType: Harmful
        Modifiers:
        - Conditions:
          - Defense: Will
            Name: Defense Penalty
          Name: Condition
        - Damage: d4 + WIS
          DamageTypes:
          - Normal
          Name: Damage
      Modifiers:
      - Defense: Will
        Name: Non-Armor Defense
    Modifiers:
    - Duration: EndOfEncounter
      Name: Duration
    - PowerSource: Arcane
      Name: Power Source
    Effects: []
- Level: 1
  PowerProfile:
    Usage: Daily
    Tool: Implement
    ToolRange: Range
    Attacks:
    - Ability: Wisdom
      Effects:
      - Target:
          Target: Enemy, Self, Ally
          Size: 1
          Type: Blast
          Name: Multiple
        EffectType: Harmful
        Modifiers:
        - Damage: 3d4 + WIS
          DamageTypes:
          - Normal
          Name: Damage
        - Conditions:
          - Name: Slowed
          AfterEffect:
            Condition:
              Name: Unconscious
            AfterFailedSave: true
          Name: Condition
      Modifiers:
      - Defense: Fortitude
        Name: Non-Armor Defense
    Modifiers:
    - Duration: EndOfEncounter
      Name: Duration
    - PowerSource: Arcane
      Name: Power Source
    Effects: []
- Level: 1
  PowerProfile:
    Usage: Daily
    Tool: Implement
    ToolRange: Range
    Attacks:
    - Ability: Wisdom
      Effects:
      - Target:
          Target: Enemy, Self, Ally
          Size: 1
          Type: Blast
          Name: Multiple
        EffectType: Harmful
        Modifiers:
        - Damage: 3d8 + WIS
          DamageTypes:
          - Normal
          Name: Damage
      Modifiers:
      - Defense: Fortitude
        Name: Non-Armor Defense
    Modifiers:
    - Trigger: YouOrAllyAttacked
      Name: OpportunityAction
    - PowerSource: Arcane
      Name: Power Source
    Effects: []
- Level: 1
  PowerProfile:
    Usage: Daily
    Tool: Implement
    ToolRange: Range
    Attacks:
    - Ability: Wisdom
      Effects:
      - Target:
          Target: Enemy, Self, Ally
          Name: Basic Target
        EffectType: Harmful
        Modifiers:
        - Damage: 3d4 + WIS
          DamageTypes:
          - Normal
          Name: Damage
      Modifiers:
      - Defense: Will
        Name: Non-Armor Defense
    Modifiers:
    - Duration: SaveEnds
      Name: Duration
    - PowerSource: Arcane
      Name: Power Source
    Effects:
    - Target:
        Target: Self
        Name: Basic Target
      EffectType: Beneficial
      Modifiers:
      - Damage: +0
        Name: Make Basic Attack
      - Movement:
        - Name: Shift
        Name: Skirmish Movement
- Level: 1
  PowerProfile:
    Usage: Daily
    Tool: Implement
    ToolRange: Range
    Attacks:
    - Ability: Wisdom
      Effects:
      - Target:
          Target: Enemy, Self, Ally
          Name: Basic Target
        EffectType: Harmful
        Modifiers:
        - Damage: d4 + WIS
          DamageTypes:
          - Normal
          Name: Damage
      - Target:
          Target: Ally
          Name: Basic Target
        EffectType: Beneficial
        Modifiers:
        - Boosts:
          - Amount: +2
            Defense: Will
            Name: Defense
          Name: Boost
      Modifiers:
      - Amount: +2
        Name: To-Hit Bonus to Current Attack
      - Defense: Will
        Name: Non-Armor Defense
    Modifiers:
    - Duration: EndOfEncounter
      Name: Duration
    - PowerSource: Arcane
      Name: Power Source
    Effects: []
- Level: 3
  PowerProfile:
    Usage: Encounter
    Tool: Implement
    ToolRange: Range
    Attacks:
    - Ability: Wisdom
      Effects:
      - Target:
          Name: TwoHits
        EffectType: Harmful
        Modifiers:
        - Damage: WIS
          DamageTypes:
          - Normal
          Name: Damage
      Modifiers:
      - Defense: Reflex
        Name: Non-Armor Defense
    Modifiers:
    - Duration: EndOfEncounter
      Name: Duration
    - PowerSource: Arcane
      Name: Power Source
    Effects: []
- Level: 3
  PowerProfile:
    Usage: Encounter
    Tool: Implement
    ToolRange: Range
    Attacks:
    - Ability: Wisdom
      Effects:
      - Target:
          Target: Enemy, Self, Ally
          Name: Basic Target
        EffectType: Harmful
        Modifiers:
        - Damage: d4 + WIS
          DamageTypes:
          - Normal
          Name: Damage
      Modifiers:
      - Defense: Reflex
        Name: Non-Armor Defense
    Modifiers:
    - Trigger: YouOrAllyAttacked
      Name: OpportunityAction
    - Duration: EndOfEncounter
      Name: Duration
    - PowerSource: Arcane
      Name: Power Source
    Effects: []
- Level: 3
  PowerProfile:
    Usage: Encounter
    Tool: Implement
    ToolRange: Range
    Attacks:
    - Ability: Wisdom
      Effects:
      - Target:
          Target: Enemy, Self, Ally
          Name: Basic Target
        EffectType: Harmful
        Modifiers:
        - Damage: 3d4 + WIS
          DamageTypes:
          - Normal
          Name: Damage
      Modifiers:
      - Amount: +2
        Name: To-Hit Bonus to Current Attack
      - Defense: Will
        Name: Non-Armor Defense
    Modifiers:
    - PowerSource: Arcane
      Name: Power Source
    Effects: []
- Level: 3
  PowerProfile:
    Usage: Encounter
    Tool: Implement
    ToolRange: Range
    Attacks:
    - Ability: Wisdom
      Effects:
      - Target:
          Target: Enemy, Self, Ally
          Name: Basic Target
        EffectType: Harmful
        Modifiers:
        - Damage: d10 + WIS
          DamageTypes:
          - Normal
          Name: Damage
      Modifiers:
      - Defense: Reflex
        Name: Non-Armor Defense
    Modifiers:
    - Duration: SaveEnds
      Name: Duration
    - PowerSource: Arcane
      Name: Power Source
    Effects:
    - Target:
        Target: Enemy
        Name: Basic Target
      EffectType: Harmful
      Modifiers:
      - Conditions:
        - Defense: ArmorClass
          Name: Defense Penalty
        Name: Condition
- Level: 5
  PowerProfile:
    Usage: Daily
    Tool: Implement
    ToolRange: Range
    Attacks:
    - Ability: Wisdom
      Effects:
      - Target:
          Target: Enemy, Self, Ally
          Name: Basic Target
        EffectType: Harmful
        Modifiers:
        - Damage: 3d4 + WIS
          DamageTypes:
          - Normal
          Name: Damage
      Modifiers:
      - Amount: +2
        Name: To-Hit Bonus to Current Attack
      - Defense: Reflex
        Name: Non-Armor Defense
    Modifiers:
    - Duration: EndOfEncounter
      Name: Duration
    - PowerSource: Arcane
      Name: Power Source
    Effects:
    - Target:
        Target: Self
        Name: Basic Target
      EffectType: Beneficial
      Modifiers:
      - Effects:
        - Mode: Slide
          Amount: +1
          Name: Slide Opponent
        Name: MovementControl
- Level: 5
  PowerProfile:
    Usage: Daily
    Tool: Implement
    ToolRange: Range
    Attacks:
    - Ability: Wisdom
      Effects:
      - Target:
          Target: Enemy, Self, Ally
          Name: Basic Target
        EffectType: Harmful
        Modifiers:
        - Damage: 3d4 + WIS
          DamageTypes:
          - Normal
          Name: Damage
      Modifiers:
      - Name: RequiredHitForNextAttack
      - Defense: Fortitude
        Name: Non-Armor Defense
    - Ability: Wisdom
      Effects:
      - Target:
          Target: Enemy, Self, Ally
          Name: Basic Target
        EffectType: Harmful
        Modifiers:
        - Damage: 3d4 + WIS
          DamageTypes:
          - Normal
          Name: Damage
      - Target:
          Target: Self
          Name: Basic Target
        EffectType: Beneficial
        Modifiers:
        - Boosts:
          - Amount: +2
            Limit: NextAttack
            Name: Attack
          Name: Boost
      Modifiers:
      - Name: RequiresPreviousHit
      - Name: RequiredHitForNextAttack
      - Defense: Reflex
        Name: Non-Armor Defense
    - Ability: Wisdom
      Effects:
      - Target:
          Target: Enemy, Self, Ally
          Size: 1
          Type: Blast
          Name: Multiple
        EffectType: Harmful
        Modifiers:
        - Damage: 3d4 + WIS
          DamageTypes:
          - Normal
          Name: Damage
      Modifiers:
      - Name: RequiresPreviousHit
      - Defense: Reflex
        Name: Non-Armor Defense
    Modifiers:
    - Duration: EndOfEncounter
      Name: Duration
    - PowerSource: Arcane
      Name: Power Source
    Effects: []
- Level: 5
  PowerProfile:
    Usage: Daily
    Tool: Implement
    ToolRange: Range
    Attacks:
    - Ability: Wisdom
      Effects:
      - Target:
          Target: Enemy, Self, Ally
          Size: 1
          Type: Blast
          Name: Multiple
        EffectType: Harmful
        Modifiers:
        - Damage: 3d8 + WIS
          DamageTypes:
          - Normal
          Name: Damage
      Modifiers:
      - Defense: Fortitude
        Name: Non-Armor Defense
    Modifiers:
    - Duration: SaveEnds
      Name: Duration
    - PowerSource: Arcane
      Name: Power Source
    Effects:
    - Target:
        Target: Enemy
        Name: Basic Target
      EffectType: Harmful
      Modifiers:
      - Conditions:
        - Name: Marked
        AfterEffect:
          Condition:
            Name: Unconscious
          AfterFailedSave: true
        Name: Condition
- Level: 5
  PowerProfile:
    Usage: Daily
    Tool: Implement
    ToolRange: Range
    Attacks:
    - Ability: Wisdom
      Effects:
      - Target:
          Target: Enemy, Self, Ally
          Size: 1
          Type: Blast
          Name: Multiple
        EffectType: Harmful
        Modifiers:
        - Damage: 3d8 + WIS
          DamageTypes:
          - Normal
          Name: Damage
        - Effects:
          - Name: Prone
          - Mode: Push
            Amount: +1
            Name: Slide Opponent
          Name: MovementControl
      Modifiers:
      - Defense: Will
        Name: Non-Armor Defense
    Modifiers:
    - Duration: EndOfEncounter
      Name: Duration
    - PowerSource: Arcane
      Name: Power Source
    Effects: []
- Level: 7
  PowerProfile:
    Usage: Encounter
    Tool: Implement
    ToolRange: Range
    Attacks:
    - Ability: Wisdom
      Effects:
      - Target:
          Target: Enemy, Self, Ally
          Size: 1
          Type: Blast
          Name: Multiple
        EffectType: Harmful
        Modifiers:
        - Damage: 3d4 + WIS
          DamageTypes:
          - Normal
          Name: Damage
      Modifiers:
      - Defense: Fortitude
        Name: Non-Armor Defense
    Modifiers:
    - Duration: SaveEnds
      Name: Duration
    - PowerSource: Arcane
      Name: Power Source
    Effects: []
- Level: 7
  PowerProfile:
    Usage: Encounter
    Tool: Implement
    ToolRange: Range
    Attacks:
    - Ability: Wisdom
      Effects:
      - Target:
          Target: Enemy, Self, Ally
          Name: Basic Target
        EffectType: Harmful
        Modifiers:
        - Damage: d10 + WIS
          DamageTypes:
          - Normal
          Name: Damage
      Modifiers:
      - Defense: Reflex
        Name: Non-Armor Defense
      - Amount: +4
        Name: To-Hit Bonus to Current Attack
    Modifiers:
    - Duration: SaveEnds
      Name: Duration
    - PowerSource: Arcane
      Name: Power Source
    Effects: []
- Level: 7
  PowerProfile:
    Usage: Encounter
    Tool: Implement
    ToolRange: Range
    Attacks:
    - Ability: Wisdom
      Effects:
      - Target:
          Target: Enemy, Self, Ally
          Name: Basic Target
        EffectType: Harmful
        Modifiers:
        - Damage: d10 + WIS
          DamageTypes:
          - Normal
          Name: Damage
      Modifiers:
      - Defense: Will
        Name: Non-Armor Defense
    Modifiers:
    - Trigger: ACreatureMovesAdjacent
      Name: OpportunityAction
    - Duration: SaveEnds
      Name: Duration
    - PowerSource: Arcane
      Name: Power Source
    Effects: []
- Level: 7
  PowerProfile:
    Usage: Encounter
    Tool: Implement
    ToolRange: Range
    Attacks:
    - Ability: Wisdom
      Effects:
      - Target:
          Target: Enemy, Self, Ally
          Name: Basic Target
        EffectType: Harmful
        Modifiers:
        - Conditions:
          - Name: Dazed
          Name: Condition
        - Damage: 3d4 + WIS
          DamageTypes:
          - Normal
          Name: Damage
      Modifiers:
      - Defense: Reflex
        Name: Non-Armor Defense
    Modifiers:
    - Duration: SaveEnds
      Name: Duration
    - PowerSource: Arcane
      Name: Power Source
    Effects: []
- Level: 9
  PowerProfile:
    Usage: Daily
    Tool: Implement
    ToolRange: Range
    Attacks:
    - Ability: Wisdom
      Effects:
      - Target:
          Target: Enemy, Self, Ally
          Name: Basic Target
        EffectType: Harmful
        Modifiers:
        - Damage: 3d4 + WIS
          DamageTypes:
          - Normal
          Name: Damage
      Modifiers:
      - Defense: Fortitude
        Name: Non-Armor Defense
    Modifiers:
    - Trigger: ACreatureMovesAdjacent
      Name: OpportunityAction
    - PowerSource: Arcane
      Name: Power Source
    Effects:
    - Target:
        Target: Self, Ally
        Name: Basic Target
      EffectType: Beneficial
      Modifiers:
      - Damage: +0
        Name: Make Basic Attack
- Level: 9
  PowerProfile:
    Usage: Daily
    Tool: Implement
    ToolRange: Range
    Attacks:
    - Ability: Wisdom
      Effects:
      - Target:
          Name: UpToThreeTargets
        EffectType: Harmful
        Modifiers:
        - Damage: 3d4 + WIS
          DamageTypes:
          - Normal
          Name: Damage
      - Target:
          Target: Ally
          Name: Basic Target
        EffectType: Beneficial
        Modifiers:
        - Boosts:
          - Name: Healing Surge
          Name: Boost
      Modifiers:
      - Defense: Reflex
        Name: Non-Armor Defense
    Modifiers:
    - Duration: SaveEnds
      Name: Duration
    - PowerSource: Arcane
      Name: Power Source
    Effects:
    - Target:
        Target: Enemy
        Name: Basic Target
      EffectType: Harmful
      Modifiers:
      - Conditions:
        - Name: Grants Combat Advantage
        AfterEffect:
          Condition:
            Name: Blinded
          AfterFailedSave: true
        Name: Condition
- Level: 9
  PowerProfile:
    Usage: Daily
    Tool: Implement
    ToolRange: Range
    Attacks:
    - Ability: Wisdom
      Effects:
      - Target:
          Target: Enemy, Self, Ally
          Name: Basic Target
        EffectType: Harmful
        Modifiers:
        - Damage: 3d8 + WIS
          DamageTypes:
          - Normal
          Name: Damage
      - Target:
          Target: Self
          Name: Basic Target
        EffectType: Beneficial
        Modifiers:
        - Movement:
          - Amount: +2
            Name: Shift
          Name: Skirmish Movement
        - Boosts:
          - Amount: WIS + 2
            Defense: ArmorClass
            Name: Defense
          Name: Boost
      Modifiers:
      - Defense: Fortitude
        Name: Non-Armor Defense
    Modifiers:
    - Duration: SaveEnds
      Name: Duration
    - PowerSource: Arcane
      Name: Power Source
    Effects: []
- Level: 9
  PowerProfile:
    Usage: Daily
    Tool: Implement
    ToolRange: Range
    Attacks:
    - Ability: Wisdom
      Effects:
      - Target:
          Target: Enemy, Self, Ally
          Size: 1
          Type: Blast
          Name: Multiple
        EffectType: Harmful
        Modifiers:
        - Damage: 7d6 + WIS
          DamageTypes:
          - Normal
          Name: Damage
      - Target:
          Target: Self, Ally
          Name: Basic Target
        EffectType: Beneficial
        Modifiers:
        - Boosts:
          - Amount: WIS
            Name: Regeneration
          Name: Boost
      Modifiers:
      - Defense: Fortitude
        Name: Non-Armor Defense
    Modifiers:
    - Duration: SaveEnds
      Name: Duration
    - PowerSource: Arcane
      Name: Power Source
    Effects: []
- Level: 11
  PowerProfile:
    Usage: Encounter
    Tool: Implement
    ToolRange: Range
    Attacks:
    - Ability: Wisdom
      Effects:
      - Target:
          Name: TwoHits
        EffectType: Harmful
        Modifiers:
        - Damage: d6 + WIS
          DamageTypes:
          - Normal
          Name: Damage
      Modifiers:
      - Defense: Reflex
        Name: Non-Armor Defense
    Modifiers:
    - Duration: SaveEnds
      Name: Duration
    - PowerSource: Arcane
      Name: Power Source
    Effects: []
- Level: 11
  PowerProfile:
    Usage: Encounter
    Tool: Implement
    ToolRange: Range
    Attacks:
    - Ability: Wisdom
      Effects:
      - Target:
          Target: Enemy, Self, Ally
          Name: Basic Target
        EffectType: Harmful
        Modifiers:
        - Damage: 3d4 + WIS
          DamageTypes:
          - Normal
          Name: Damage
      Modifiers:
      - Defense: Fortitude
        Name: Non-Armor Defense
      - Amount: +4
        Name: To-Hit Bonus to Current Attack
    Modifiers:
    - Duration: SaveEnds
      Name: Duration
    - PowerSource: Arcane
      Name: Power Source
    Effects: []
- Level: 11
  PowerProfile:
    Usage: Encounter
    Tool: Implement
    ToolRange: Range
    Attacks:
    - Ability: Wisdom
      Effects:
      - Target:
          Target: Enemy, Self, Ally
          Name: Basic Target
        EffectType: Harmful
        Modifiers:
        - Damage: 3d8 + WIS
          DamageTypes:
          - Normal
          Name: Damage
      Modifiers:
      - Defense: Reflex
        Name: Non-Armor Defense
    Modifiers:
    - Duration: SaveEnds
      Name: Duration
    - PowerSource: Arcane
      Name: Power Source
    Effects:
    - Target:
        Target: Enemy
        Name: Basic Target
      EffectType: Harmful
      Modifiers:
      - Conditions:
        - Name: Dazed
        Name: Condition
- Level: 11
  PowerProfile:
    Usage: Encounter
    Tool: Implement
    ToolRange: Range
    Attacks:
    - Ability: Wisdom
      Effects:
      - Target:
          Target: Enemy, Self, Ally
          Name: Basic Target
        EffectType: Harmful
        Modifiers:
        - Damage: 3d8 + WIS
          DamageTypes:
          - Normal
          Name: Damage
      Modifiers:
      - Defense: Fortitude
        Name: Non-Armor Defense
    Modifiers:
    - Duration: EndOfEncounter
      Name: Duration
    - PowerSource: Arcane
      Name: Power Source
    Effects:
    - Target:
        Target: Self
        Name: Basic Target
      EffectType: Beneficial
      Modifiers:
      - Movement:
        - Amount: WIS
          Name: Shift
        Name: Skirmish Movement
- Level: 13
  PowerProfile:
    Usage: Encounter
    Tool: Implement
    ToolRange: Range
    Attacks:
    - Ability: Wisdom
      Effects:
      - Target:
          Target: Enemy, Self, Ally
          Name: Basic Target
        EffectType: Harmful
        Modifiers:
        - Damage: 3d8 + WIS
          DamageTypes:
          - Normal
          Name: Damage
      - Target:
          Target: Self
          Name: Basic Target
        EffectType: Beneficial
        Modifiers:
        - Movement:
          - Amount: WIS
            Name: Shift
          Name: Skirmish Movement
      Modifiers:
      - Defense: Fortitude
        Name: Non-Armor Defense
    Modifiers:
    - Duration: EndOfEncounter
      Name: Duration
    - PowerSource: Arcane
      Name: Power Source
    Effects: []
- Level: 13
  PowerProfile:
    Usage: Encounter
    Tool: Implement
    ToolRange: Range
    Attacks:
    - Ability: Wisdom
      Effects:
      - Target:
          Name: UpToThreeTargets
        EffectType: Harmful
        Modifiers:
        - Damage: d4 + WIS
          DamageTypes:
          - Normal
          Name: Damage
      Modifiers:
      - Defense: Fortitude
        Name: Non-Armor Defense
    Modifiers:
    - Duration: SaveEnds
      Name: Duration
    - PowerSource: Arcane
      Name: Power Source
    Effects:
    - Target:
        Target: Enemy
        Name: Basic Target
      EffectType: Harmful
      Modifiers:
      - Conditions:
        - Name: Marked
        AfterEffect:
          Condition:
            Name: Stunned
          AfterFailedSave: true
        Name: Condition
- Level: 13
  PowerProfile:
    Usage: Encounter
    Tool: Implement
    ToolRange: Range
    Attacks:
    - Ability: Wisdom
      Effects:
      - Target:
          Target: Enemy, Self, Ally
          Name: Basic Target
        EffectType: Harmful
        Modifiers:
        - Conditions:
          - Name: Dazed
          AfterEffect:
            Condition:
              Name: Grants Combat Advantage
            AfterFailedSave: false
          Name: Condition
        - Damage: 3d4 + WIS
          DamageTypes:
          - Normal
          Name: Damage
      Modifiers:
      - Defense: Will
        Name: Non-Armor Defense
    Modifiers:
    - Duration: SaveEnds
      Name: Duration
    - PowerSource: Arcane
      Name: Power Source
    Effects: []
- Level: 13
  PowerProfile:
    Usage: Encounter
    Tool: Implement
    ToolRange: Range
    Attacks:
    - Ability: Wisdom
      Effects:
      - Target:
          Target: Enemy, Self, Ally
          Size: 1
          Type: Blast
          Name: Multiple
        EffectType: Harmful
        Modifiers:
        - Damage: 3d8 + WIS
          DamageTypes:
          - Normal
          Name: Damage
      Modifiers:
      - Defense: Will
        Name: Non-Armor Defense
    Modifiers:
    - Duration: EndOfEncounter
      Name: Duration
    - PowerSource: Arcane
      Name: Power Source
    Effects: []
- Level: 15
  PowerProfile:
    Usage: Daily
    Tool: Implement
    ToolRange: Range
    Attacks:
    - Ability: Wisdom
      Effects:
      - Target:
          Target: Enemy, Self, Ally
          Name: Basic Target
        EffectType: Harmful
        Modifiers:
        - Damage: 12d4 + WIS
          DamageTypes:
          - Normal
          Name: Damage
      - Target:
          Target: Self
          Name: Basic Target
        EffectType: Beneficial
        Modifiers:
        - Effects:
          - Mode: Push
            Amount: +2
            Name: Slide Opponent
          Name: MovementControl
      Modifiers:
      - Defense: Reflex
        Name: Non-Armor Defense
    Modifiers:
    - PowerSource: Arcane
      Name: Power Source
    Effects:
    - Target:
        Target: Self
        Name: Basic Target
      EffectType: Beneficial
      Modifiers:
      - Movement:
        - Amount: WIS
          Name: Shift
        Name: Skirmish Movement
- Level: 15
  PowerProfile:
    Usage: Daily
    Tool: Implement
    ToolRange: Range
    Attacks:
    - Ability: Wisdom
      Effects:
      - Target:
          Target: Enemy, Self, Ally
          Name: Basic Target
        EffectType: Harmful
        Modifiers:
        - Damage: 3d8 + WIS
          DamageTypes:
          - Normal
          Name: Damage
        - Effects:
          - Mode: Pull
            Amount: +1
            Name: Slide Opponent
          Name: MovementControl
      Modifiers:
      - Name: RequiredHitForNextAttack
      - Defense: Fortitude
        Name: Non-Armor Defense
    - Ability: Wisdom
      Effects:
      - Target:
          Target: Enemy, Self, Ally
          Name: Basic Target
        EffectType: Harmful
        Modifiers:
        - Damage: 3d8 + WIS
          DamageTypes:
          - Normal
          Name: Damage
      - Target:
          Target: Self, Ally
          Name: Basic Target
        EffectType: Beneficial
        Modifiers:
        - Effects:
          - Name: Prone
          Name: MovementControl
      Modifiers:
      - Name: RequiresPreviousHit
      - Defense: Reflex
        Name: Non-Armor Defense
    Modifiers:
    - Duration: SaveEnds
      Name: Duration
    - PowerSource: Arcane
      Name: Power Source
    Effects: []
- Level: 15
  PowerProfile:
    Usage: Daily
    Tool: Implement
    ToolRange: Range
    Attacks:
    - Ability: Wisdom
      Effects:
      - Target:
          Target: Enemy, Self, Ally
          Name: Basic Target
        EffectType: Harmful
        Modifiers:
        - Conditions:
          - Name: Grants Combat Advantage
          AfterEffect:
            Condition:
              Name: Blinded
            AfterFailedSave: true
          Name: Condition
        - Damage: 5d10 + WIS
          DamageTypes:
          - Normal
          Name: Damage
      Modifiers:
      - Defense: Fortitude
        Name: Non-Armor Defense
    Modifiers:
    - Duration: SaveEnds
      Name: Duration
    - PowerSource: Arcane
      Name: Power Source
    Effects:
    - Target:
        Target: Self, Ally
        Name: Basic Target
      EffectType: Beneficial
      Modifiers:
      - Boosts:
        - Amount: WIS
          Name: Temporary Hit Points
        Name: Boost
- Level: 15
  PowerProfile:
    Usage: Daily
    Tool: Implement
    ToolRange: Range
    Attacks:
    - Ability: Wisdom
      Effects:
      - Target:
          Target: Enemy, Self, Ally
          Size: 1
          Type: Blast
          Name: Multiple
        EffectType: Harmful
        Modifiers:
        - Damage: 4d8 + WIS
          DamageTypes:
          - Normal
          Name: Damage
      Modifiers:
      - Defense: Will
        Name: Non-Armor Defense
    Modifiers:
    - Duration: EndOfEncounter
      Name: Duration
    - PowerSource: Arcane
      Name: Power Source
    Effects:
    - Target:
        Target: Enemy
        Name: Basic Target
      EffectType: Harmful
      Modifiers:
      - Conditions:
        - Defense: Fortitude
          Name: Defense Penalty
        Name: Condition
- Level: 17
  PowerProfile:
    Usage: Encounter
    Tool: Implement
    ToolRange: Range
    Attacks:
    - Ability: Wisdom
      Effects:
      - Target:
          Target: Enemy, Self, Ally
          Name: Basic Target
        EffectType: Harmful
        Modifiers:
        - Damage: 2d10 + WIS
          DamageTypes:
          - Normal
          Name: Damage
      Modifiers:
      - Defense: Fortitude
        Name: Non-Armor Defense
    Modifiers:
    - Duration: SaveEnds
      Name: Duration
    - PowerSource: Arcane
      Name: Power Source
    Effects:
    - Target:
        Target: Self
        Name: Basic Target
      EffectType: Beneficial
      Modifiers:
      - Movement:
        - Amount: WIS
          Name: Shift
        Name: Skirmish Movement
- Level: 17
  PowerProfile:
    Usage: Encounter
    Tool: Implement
    ToolRange: Range
    Attacks:
    - Ability: Wisdom
      Effects:
      - Target:
          Target: Enemy, Self, Ally
          Name: Basic Target
        EffectType: Harmful
        Modifiers:
        - Damage: 3d4 + WIS
          DamageTypes:
          - Normal
          Name: Damage
      Modifiers:
      - Defense: Reflex
        Name: Non-Armor Defense
      - Amount: +4
        Name: To-Hit Bonus to Current Attack
    Modifiers:
    - Duration: SaveEnds
      Name: Duration
    - PowerSource: Arcane
      Name: Power Source
    Effects: []
- Level: 17
  PowerProfile:
    Usage: Encounter
    Tool: Implement
    ToolRange: Range
    Attacks:
    - Ability: Wisdom
      Effects:
      - Target:
          Target: Enemy, Self, Ally
          Size: 1
          Type: Blast
          Name: Multiple
        EffectType: Harmful
        Modifiers:
        - Damage: 3d4 + WIS
          DamageTypes:
          - Normal
          Name: Damage
      Modifiers:
      - Defense: Fortitude
        Name: Non-Armor Defense
    Modifiers:
    - Duration: EndOfEncounter
      Name: Duration
    - PowerSource: Arcane
      Name: Power Source
    Effects: []
- Level: 17
  PowerProfile:
    Usage: Encounter
    Tool: Implement
    ToolRange: Range
    Attacks:
    - Ability: Wisdom
      Effects:
      - Target:
          Target: Enemy, Self, Ally
          Name: Basic Target
        EffectType: Harmful
        Modifiers:
        - Damage: 3d8 + WIS
          DamageTypes:
          - Normal
          Name: Damage
      Modifiers:
      - Defense: Fortitude
        Name: Non-Armor Defense
    Modifiers:
    - Duration: SaveEnds
      Name: Duration
    - PowerSource: Arcane
      Name: Power Source
    Effects:
    - Target:
        Target: Enemy
        Name: Basic Target
      EffectType: Harmful
      Modifiers:
      - Conditions:
        - Defense: ArmorClass
          Name: Defense Penalty
        Name: Condition
- Level: 19
  PowerProfile:
    Usage: Daily
    Tool: Implement
    ToolRange: Range
    Attacks:
    - Ability: Wisdom
      Effects:
      - Target:
          Target: Enemy, Self, Ally
          Name: Basic Target
        EffectType: Harmful
        Modifiers:
        - Damage: 7d6 + WIS
          DamageTypes:
          - Normal
          Name: Damage
      - Target:
          Target: Self
          Name: Basic Target
        EffectType: Beneficial
        Modifiers:
        - Boosts:
          - Amount: WIS
            Limit: NextAttack
            Name: Attack
          Name: Boost
      Modifiers:
      - Defense: Reflex
        Name: Non-Armor Defense
    Modifiers:
    - Duration: SaveEnds
      Name: Duration
    - PowerSource: Arcane
      Name: Power Source
    Effects:
    - Target:
        Target: Self
        Name: Basic Target
      EffectType: Beneficial
      Modifiers:
      - Movement:
        - Amount: +4
          Name: Shift
        Name: Skirmish Movement
- Level: 19
  PowerProfile:
    Usage: Daily
    Tool: Implement
    ToolRange: Range
    Attacks:
    - Ability: Wisdom
      Effects:
      - Target:
          Target: Enemy, Self, Ally
          Name: Basic Target
        EffectType: Harmful
        Modifiers:
        - Damage: 7d6 + WIS
          DamageTypes:
          - Normal
          Name: Damage
      Modifiers:
      - Amount: +2
        Name: To-Hit Bonus to Current Attack
      - Defense: Will
        Name: Non-Armor Defense
    Modifiers:
    - Duration: SaveEnds
      Name: Duration
    - PowerSource: Arcane
      Name: Power Source
    Effects:
    - Target:
        Target: Enemy
        Name: Basic Target
      EffectType: Harmful
      Modifiers:
      - Conditions:
        - Defense: Will
          Name: Defense Penalty
        - Name: Dazed
        Name: Condition
- Level: 19
  PowerProfile:
    Usage: Daily
    Tool: Implement
    ToolRange: Range
    Attacks:
    - Ability: Wisdom
      Effects:
      - Target:
          Target: Enemy, Self, Ally
          Size: 1
          Type: Blast
          Name: Multiple
        EffectType: Harmful
        Modifiers:
        - Damage: 12d4 + WIS
          DamageTypes:
          - Normal
          Name: Damage
      Modifiers:
      - Defense: Reflex
        Name: Non-Armor Defense
    Modifiers:
    - Duration: SaveEnds
      Name: Duration
    - PowerSource: Arcane
      Name: Power Source
    Effects:
    - Target:
        Target: Enemy
        Name: Basic Target
      EffectType: Harmful
      Modifiers:
      - Conditions:
        - Name: Deafened
        - Name: Slowed
        Name: Condition
- Level: 19
  PowerProfile:
    Usage: Daily
    Tool: Implement
    ToolRange: Range
    Attacks:
    - Ability: Wisdom
      Effects:
      - Target:
          Target: Enemy, Self, Ally
          Name: Basic Target
        EffectType: Harmful
        Modifiers:
        - Damage: 3d4 + WIS
          DamageTypes:
          - Normal
          Name: Damage
        - Conditions:
          - Name: Weakened
          Name: Condition
        - Conditions:
          - Name: Dazed
          AfterEffect:
            Condition:
              Name: Stunned
            AfterFailedSave: true
          Name: Condition
      Modifiers:
      - Name: RequiredHitForNextAttack
      - Defense: Reflex
        Name: Non-Armor Defense
    - Ability: Wisdom
      Effects:
      - Target:
          Target: Enemy, Self, Ally
          Name: Basic Target
        EffectType: Harmful
        Modifiers:
        - Damage: 3d4 + WIS
          DamageTypes:
          - Normal
          Name: Damage
      Modifiers:
      - Name: RequiresPreviousHit
      - Name: RequiredHitForNextAttack
      - Defense: Fortitude
        Name: Non-Armor Defense
    - Ability: Wisdom
      Effects:
      - Target:
          Target: Enemy, Self, Ally
          Name: Basic Target
        EffectType: Harmful
        Modifiers:
        - Damage: 3d4 + WIS
          DamageTypes:
          - Normal
          Name: Damage
      Modifiers:
      - Name: RequiresPreviousHit
      - Defense: Fortitude
        Name: Non-Armor Defense
    Modifiers:
    - Duration: SaveEnds
      Name: Duration
    - PowerSource: Arcane
      Name: Power Source
    Effects: []
- Level: 20
  PowerProfile:
    Usage: Daily
    Tool: Implement
    ToolRange: Range
    Attacks:
    - Ability: Wisdom
      Effects:
      - Target:
          Target: Enemy, Self, Ally
          Name: Basic Target
        EffectType: Harmful
        Modifiers:
        - Damage: 12d4 + WIS
          DamageTypes:
          - Normal
          Name: Damage
      Modifiers:
      - Defense: Reflex
        Name: Non-Armor Defense
    Modifiers:
    - PowerSource: Arcane
      Name: Power Source
    Effects:
    - Target:
        Target: Self
        Name: Basic Target
      EffectType: Beneficial
      Modifiers:
      - Movement:
        - Amount: +2
          Name: Shift
        Name: Skirmish Movement
      - Boosts:
        - Amount: +2
          Defense: ArmorClass
          Name: Defense
        Name: Boost
- Level: 20
  PowerProfile:
    Usage: Daily
    Tool: Implement
    ToolRange: Range
    Attacks:
    - Ability: Wisdom
      Effects:
      - Target:
          Target: Enemy, Self, Ally
          Name: Basic Target
        EffectType: Harmful
        Modifiers:
        - Conditions:
          - Name: Blinded
          Name: Condition
        - Damage: 12d4 + WIS
          DamageTypes:
          - Normal
          Name: Damage
      Modifiers:
      - Defense: Will
        Name: Non-Armor Defense
    Modifiers:
    - Duration: SaveEnds
      Name: Duration
    - PowerSource: Arcane
      Name: Power Source
    Effects:
    - Target:
        Target: Self
        Name: Basic Target
      EffectType: Beneficial
      Modifiers:
      - Boosts:
        - Amount: +2
          Limit: NextAttack
          Name: Attack
        Name: Boost
- Level: 20
  PowerProfile:
    Usage: Daily
    Tool: Implement
    ToolRange: Range
    Attacks:
    - Ability: Wisdom
      Effects:
      - Target:
          Target: Enemy, Self, Ally
          Name: Basic Target
        EffectType: Harmful
        Modifiers:
        - Damage: 7d6 + WIS
          DamageTypes:
          - Normal
          Name: Damage
      Modifiers:
      - Amount: +2
        Name: To-Hit Bonus to Current Attack
      - Defense: Will
        Name: Non-Armor Defense
    Modifiers:
    - Duration: EndOfEncounter
      Name: Duration
    - PowerSource: Arcane
      Name: Power Source
    Effects:
    - Target:
        Target: Self
        Name: Basic Target
      EffectType: Beneficial
      Modifiers:
      - Boosts:
        - Amount: +2
          Name: Temporary Hit Points
        Name: Boost
- Level: 20
  PowerProfile:
    Usage: Daily
    Tool: Implement
    ToolRange: Range
    Attacks:
    - Ability: Wisdom
      Effects:
      - Target:
          Target: Enemy, Self, Ally
          Name: Basic Target
        EffectType: Harmful
        Modifiers:
        - Damage: 3d8 + WIS
          DamageTypes:
          - Normal
          Name: Damage
      - Target:
          Target: Self, Ally
          Name: Basic Target
        EffectType: Beneficial
        Modifiers:
        - Boosts:
          - Amount: +2
            Defense: ArmorClass
            Name: Defense
          Name: Boost
      Modifiers:
      - Defense: Will
        Name: Non-Armor Defense
    Modifiers:
    - Trigger: ACreatureMovesAdjacent
      Name: OpportunityAction
    - PowerSource: Arcane
      Name: Power Source
    Effects: []
- Level: 23
  PowerProfile:
    Usage: Encounter
    Tool: Implement
    ToolRange: Range
    Attacks:
    - Ability: Wisdom
      Effects:
      - Target:
          Target: Enemy, Self, Ally
          Name: Basic Target
        EffectType: Harmful
        Modifiers:
        - Damage: 4d8 + WIS
          DamageTypes:
          - Normal
          Name: Damage
      Modifiers:
      - Defense: Fortitude
        Name: Non-Armor Defense
    Modifiers:
    - PowerSource: Arcane
      Name: Power Source
    Effects:
    - Target:
        Target: Self
        Name: Basic Target
      EffectType: Beneficial
      Modifiers:
      - Movement:
        - Amount: +2
          Name: Shift
        Name: Skirmish Movement
- Level: 23
  PowerProfile:
    Usage: Encounter
    Tool: Implement
    ToolRange: Range
    Attacks:
    - Ability: Wisdom
      Effects:
      - Target:
          Name: TwoHits
        EffectType: Harmful
        Modifiers:
        - Damage: 3d4 + WIS
          DamageTypes:
          - Normal
          Name: Damage
      Modifiers:
      - Defense: Reflex
        Name: Non-Armor Defense
    Modifiers:
    - Duration: EndOfEncounter
      Name: Duration
    - PowerSource: Arcane
      Name: Power Source
    Effects: []
- Level: 23
  PowerProfile:
    Usage: Encounter
    Tool: Implement
    ToolRange: Range
    Attacks:
    - Ability: Wisdom
      Effects:
      - Target:
          Target: Enemy, Self, Ally
          Name: Basic Target
        EffectType: Harmful
        Modifiers:
        - Damage: 3d8 + WIS
          DamageTypes:
          - Normal
          Name: Damage
      Modifiers:
      - Defense: Will
        Name: Non-Armor Defense
    Modifiers:
    - Trigger: ACreatureMovesAdjacent
      Name: OpportunityAction
    - PowerSource: Arcane
      Name: Power Source
    Effects: []
- Level: 23
  PowerProfile:
    Usage: Encounter
    Tool: Implement
    ToolRange: Range
    Attacks:
    - Ability: Wisdom
      Effects:
      - Target:
          Target: Enemy, Self, Ally
          Size: 1
          Type: Blast
          Name: Multiple
        EffectType: Harmful
        Modifiers:
        - Damage: 3d10 + WIS
          DamageTypes:
          - Normal
          Name: Damage
      Modifiers:
      - Defense: Fortitude
        Name: Non-Armor Defense
    Modifiers:
    - Duration: EndOfEncounter
      Name: Duration
    - PowerSource: Arcane
      Name: Power Source
    Effects: []
- Level: 25
  PowerProfile:
    Usage: Daily
    Tool: Implement
    ToolRange: Range
    Attacks:
    - Ability: Wisdom
      Effects:
      - Target:
          Target: Enemy, Self, Ally
          Name: Basic Target
        EffectType: Harmful
        Modifiers:
        - Damage: 3d8 + WIS
          DamageTypes:
          - Normal
          Name: Damage
      - Target:
          Target: Ally
          Name: Basic Target
        EffectType: Beneficial
        Modifiers:
        - Boosts:
          - Amount: +2
            Defense: Fortitude
            Name: Defense
          Name: Boost
      Modifiers:
      - Defense: Fortitude
        Name: Non-Armor Defense
    Modifiers:
    - Trigger: YouOrAllyAttacked
      Name: OpportunityAction
    - Duration: EndOfEncounter
      Name: Duration
    - PowerSource: Arcane
      Name: Power Source
    Effects: []
- Level: 25
  PowerProfile:
    Usage: Daily
    Tool: Implement
    ToolRange: Range
    Attacks:
    - Ability: Wisdom
      Effects:
      - Target:
          Target: Enemy, Self, Ally
          Name: Basic Target
        EffectType: Harmful
        Modifiers:
        - Conditions:
          - Name: Marked
          AfterEffect:
            Condition:
              Name: Stunned
            AfterFailedSave: true
          Name: Condition
        - Damage: 7d6 + WIS
          DamageTypes:
          - Normal
          Name: Damage
      Modifiers:
      - Defense: Reflex
        Name: Non-Armor Defense
    Modifiers:
    - Duration: SaveEnds
      Name: Duration
    - PowerSource: Arcane
      Name: Power Source
    Effects:
    - Target:
        Target: Self
        Name: Basic Target
      EffectType: Beneficial
      Modifiers:
      - Boosts:
        - Name: Healing Surge
        - Name: Extra Saving Throw
        - Amount: +4
          Name: Temporary Hit Points
        Name: Boost
- Level: 25
  PowerProfile:
    Usage: Daily
    Tool: Implement
    ToolRange: Range
    Attacks:
    - Ability: Wisdom
      Effects:
      - Target:
          Target: Enemy, Self, Ally
          Name: Basic Target
        EffectType: Harmful
        Modifiers:
        - Damage: 4d8 + WIS
          DamageTypes:
          - Normal
          Name: Damage
      Modifiers:
      - Amount: +2
        Name: To-Hit Bonus to Current Attack
      - Defense: Reflex
        Name: Non-Armor Defense
    Modifiers:
    - Duration: EndOfEncounter
      Name: Duration
    - PowerSource: Arcane
      Name: Power Source
    Effects:
    - Target:
        Target: Self
        Name: Basic Target
      EffectType: Beneficial
      Modifiers:
      - Boosts:
        - Amount: WIS
          Name: Attack
        Name: Boost
- Level: 25
  PowerProfile:
    Usage: Daily
    Tool: Implement
    ToolRange: Range
    Attacks:
    - Ability: Wisdom
      Effects:
      - Target:
          Target: Enemy, Self, Ally
          Name: Basic Target
        EffectType: Harmful
        Modifiers:
        - Damage: 4d8 + WIS
          DamageTypes:
          - Normal
          Name: Damage
      Modifiers:
      - Defense: Will
        Name: Non-Armor Defense
    Modifiers:
    - Name: Minor Action
    - Duration: EndOfEncounter
      Name: Duration
    - PowerSource: Arcane
      Name: Power Source
    Effects:
    - Target:
        Target: Self
        Name: Basic Target
      EffectType: Beneficial
      Modifiers:
      - Movement:
        - Amount: WIS + 2
          Name: Shift
        Name: Skirmish Movement
- Level: 27
  PowerProfile:
    Usage: Encounter
    Tool: Implement
    ToolRange: Range
    Attacks:
    - Ability: Wisdom
      Effects:
      - Target:
          Target: Enemy, Self, Ally
          Name: Basic Target
        EffectType: Harmful
        Modifiers:
        - Damage: 3d8 + WIS
          DamageTypes:
          - Normal
          Name: Damage
      Modifiers:
      - Defense: Will
        Name: Non-Armor Defense
    Modifiers:
    - Duration: EndOfEncounter
      Name: Duration
    - PowerSource: Arcane
      Name: Power Source
    Effects:
    - Target:
        Target: Self
        Name: Basic Target
      EffectType: Beneficial
      Modifiers:
      - Movement:
        - Amount: +4
          Name: Shift
        Name: Skirmish Movement
- Level: 27
  PowerProfile:
    Usage: Encounter
    Tool: Implement
    ToolRange: Range
    Attacks:
    - Ability: Wisdom
      Effects:
      - Target:
          Target: Enemy, Self, Ally
          Name: Basic Target
        EffectType: Harmful
        Modifiers:
        - Damage: 3d8 + WIS
          DamageTypes:
          - Normal
          Name: Damage
      Modifiers:
      - Defense: Reflex
        Name: Non-Armor Defense
    Modifiers:
    - Trigger: ACreatureMovesAdjacent
      Name: OpportunityAction
    - PowerSource: Arcane
      Name: Power Source
    Effects: []
- Level: 27
  PowerProfile:
    Usage: Encounter
    Tool: Implement
    ToolRange: Range
    Attacks:
    - Ability: Wisdom
      Effects:
      - Target:
          Target: Enemy, Self, Ally
          Name: Basic Target
        EffectType: Harmful
        Modifiers:
        - Conditions:
          - Name: Stunned
          AfterEffect:
            Condition:
              Name: Dazed
            AfterFailedSave: false
          Name: Condition
        - Damage: 3d4 + WIS
          DamageTypes:
          - Normal
          Name: Damage
      Modifiers:
      - Defense: Reflex
        Name: Non-Armor Defense
    Modifiers:
    - Duration: SaveEnds
      Name: Duration
    - PowerSource: Arcane
      Name: Power Source
    Effects: []
- Level: 27
  PowerProfile:
    Usage: Encounter
    Tool: Implement
    ToolRange: Range
    Attacks:
    - Ability: Wisdom
      Effects:
      - Target:
          Target: Enemy, Self, Ally
          Name: Basic Target
        EffectType: Harmful
        Modifiers:
        - Damage: 3d4 + WIS
          DamageTypes:
          - Normal
          Name: Damage
      Modifiers:
      - Amount: +2
        Name: To-Hit Bonus to Current Attack
      - Defense: Fortitude
        Name: Non-Armor Defense
    Modifiers:
    - Duration: SaveEnds
      Name: Duration
    - PowerSource: Arcane
      Name: Power Source
    Effects: []
- Level: 29
  PowerProfile:
    Usage: Daily
    Tool: Implement
    ToolRange: Range
    Attacks:
    - Ability: Wisdom
      Effects:
      - Target:
          Target: Enemy, Self, Ally
          Name: Basic Target
        EffectType: Harmful
        Modifiers:
        - Conditions:
          - Name: Blinded
          AfterEffect:
            Condition:
              Name: Grants Combat Advantage
            AfterFailedSave: false
          Name: Condition
        - Damage: 5d10 + WIS
          DamageTypes:
          - Normal
          Name: Damage
      Modifiers:
      - Defense: Reflex
        Name: Non-Armor Defense
    Modifiers:
    - Duration: SaveEnds
      Name: Duration
    - PowerSource: Arcane
      Name: Power Source
    Effects:
    - Target:
        Target: Self
        Name: Basic Target
      EffectType: Beneficial
      Modifiers:
      - Boosts:
        - Amount: +4
          Limit: Target
          Name: Attack
        Name: Boost
- Level: 29
  PowerProfile:
    Usage: Daily
    Tool: Implement
    ToolRange: Range
    Attacks:
    - Ability: Wisdom
      Effects:
      - Target:
          Target: Enemy, Self, Ally
          Name: Basic Target
        EffectType: Harmful
        Modifiers:
        - Damage: 12d4 + WIS
          DamageTypes:
          - Normal
          Name: Damage
      - Target:
          Target: Self, Ally
          Name: Basic Target
        EffectType: Beneficial
        Modifiers:
        - Boosts:
          - Amount: +2
            Defense: Will
            Name: Defense
          Name: Boost
      Modifiers:
      - Name: RequiredHitForNextAttack
      - Defense: Reflex
        Name: Non-Armor Defense
    - Ability: Wisdom
      Effects:
      - Target:
          Target: Enemy, Self, Ally
          Size: 1
          Type: Blast
          Name: Multiple
        EffectType: Harmful
        Modifiers:
        - Damage: 12d4 + WIS
          DamageTypes:
          - Normal
          Name: Damage
      Modifiers:
      - Name: RequiresPreviousHit
      - Defense: Will
        Name: Non-Armor Defense
    Modifiers:
    - PowerSource: Arcane
      Name: Power Source
    Effects: []
- Level: 29
  PowerProfile:
    Usage: Daily
    Tool: Implement
    ToolRange: Range
    Attacks:
    - Ability: Wisdom
      Effects:
      - Target:
          Target: Enemy, Self, Ally
          Name: Basic Target
        EffectType: Harmful
        Modifiers:
        - Damage: 7d6 + WIS
          DamageTypes:
          - Normal
          Name: Damage
      Modifiers:
      - Defense: Will
        Name: Non-Armor Defense
    Modifiers:
    - Duration: SaveEnds
      Name: Duration
    - PowerSource: Arcane
      Name: Power Source
    Effects:
    - Target:
        Target: Self
        Name: Basic Target
      EffectType: Beneficial
      Modifiers:
      - Movement:
        - Amount: WIS
          Name: Shift
        Name: Skirmish Movement
    - Target:
        Target: Ally
        Name: Basic Target
      EffectType: Beneficial
      Modifiers:
      - Boosts:
        - Amount: WIS + 2
          Name: Temporary Hit Points
        - Name: Healing Surge
        - Amount: +2
          Name: Regeneration
        Name: Boost
- Level: 29
  PowerProfile:
    Usage: Daily
    Tool: Implement
    ToolRange: Range
    Attacks:
    - Ability: Wisdom
      Effects:
      - Target:
          Target: Enemy, Self, Ally
          Name: Basic Target
        EffectType: Harmful
        Modifiers:
        - Damage: 5d10 + WIS
          DamageTypes:
          - Normal
          Name: Damage
        - Conditions:
          - Defense: Will
            Name: Defense Penalty
          - Name: Deafened
          Name: Condition
      Modifiers:
      - Defense: Reflex
        Name: Non-Armor Defense
      - Amount: +4
        Name: To-Hit Bonus to Current Attack
    Modifiers:
    - Duration: EndOfEncounter
      Name: Duration
    - PowerSource: Arcane
      Name: Power Source
    Effects: []
