Template: Close burst
Tool: Implement
Attacks:
- WeaponDice: 0.83333333333333326
  DamageTypes:
  - Radiant
  Target: Range
  Modifiers:
  - Modifier: Multiple
    Options:
      Size: 3x3
  - Modifier: Non-Armor Defense
    Options:
      Defense: Fortitude
  - Modifier: Ability Modifier Damage
    Options: {}
