Attacks:
- Target:
    Name: Multiple
    Target: Enemy, Self, Ally
    Size: 5
    Type: Burst
  Ability: Strength
  Effects:
  - Target:
      Name: See Other
    EffectType: Harmful
    Modifiers:
    - Name: Damage
      Damage: 1[W] + STR
      DamageTypes: []
    - Name: Condition
      Conditions:
      - Name: Simple
        ConditionName: Dazed
  Modifiers: []
Modifiers:
- Name: Power Source
  PowerSource: Martial
Effects: []
