Attacks:
- Target:
    Name: Conjuration Target
  Ability: Strength
  Effects:
  - Target:
      Name: See Other
    EffectType: Harmful
    Modifiers:
    - Name: Condition
      Conditions:
      - Name: Simple
        ConditionName: Blinded
      - Name: Simple
        ConditionName: Dazed
      - Name: Simple
        ConditionName: Deafened
      AfterEffect:
        Condition:
          Name: Simple
          ConditionName: Unconscious
        AfterFailedSave: true
    - Name: Damage
      Damage: d10 + STR + DEX
      DamageTypes: []
  Modifiers: []
Modifiers:
- Name: Duration
  Duration: SaveEnds
- Name: Conjuration
- Name: Power Source
  PowerSource: Martial
Effects: []
