Usage: AtWill
Tool: Implement
ToolRange: Range
Attacks:
- WeaponDice: 0.5
  Ability: Strength
  DamageTypes:
  - Radiant
  Effects:
  - Target:
      Target: Enemy, Self, Ally
      Name: Basic Target
    EffectType: Harmful
    Modifiers:
    - Conditions:
      - Name: Blinded
      Name: Condition
  Modifiers:
  - Defense: Fortitude
    Name: Non-Armor Defense
  - Abilities:
    - Strength
    Name: Ability Modifier Damage
Modifiers:
- Duration: EndOfUserNextTurn
  Name: Duration
- PowerSource: Arcane
  Name: Power Source
Effects: []
