Usage: AtWill
Tool: Weapon
ToolRange: Range
Attacks:
- WeaponDice: 1
  Ability: Strength
  DamageTypes:
  - Normal
  Effects:
  - Target:
      Target: Self
      Name: Basic Target
    Modifiers:
    - Movement:
      - Amount: STR
        Name: Shift
      Name: Skirmish Movement
  Modifiers:
  - Abilities:
    - Strength
    Name: Ability Modifier Damage
Modifiers:
- PowerSource: Martial
  Name: Power Source
Effects: []
