Template: Close blast
Attacks:
- WeaponDice: 1
  DamageTypes:
  - Weapon
  Target: Range
  Modifiers:
  - Modifier: Multiple
    Options:
      Size: 3x3
      Type: Blast
  - Modifier: Ability Modifier Damage
    Options:
      Ability: Strength
  - Modifier: +2 to Defense
    Options:
      Amount: +2
      Defense: ArmorClass
      Duration: EndOfUserNextTurn
      Target: self
