- Level: 1
  PowerProfile:
    Usage: Daily
    Tool: Weapon
    ToolRange: Melee
    Attacks:
    - Ability: Strength
      Effects:
      - Target:
          Name: TwoHits
        EffectType: Harmful
        Modifiers:
        - Effects:
          - Mode: Slide
            Amount: +1
            Name: Slide Opponent
          Name: MovementControl
        - Damage: 1[W] + STR
          DamageTypes: []
          Name: Damage
      Modifiers: []
    Modifiers:
    - Duration: SaveEnds
      Name: Duration
    - PowerSource: Martial
      Name: Power Source
    Effects: []
- Name: Unknown
  TypeInfo: Weapon Attack 1
  PowerUsage: Daily
  Keywords:
  - Martial
  - Weapon
  ActionType: Standard Action
  AttackType: Melee
  AttackTypeDetails: weapon
  Target: One or two creatures
  Attack: STR vs. AC, two attacks
  RulesText:
  - Label: Hit
    Text: 1[W] + STR damage. You slide the target +1 squares.
