Usage: Daily
Tool: Weapon
ToolRange: Melee
Attacks:
- WeaponDice: 1
  Ability: Strength
  DamageTypes:
  - Normal
  Effects:
  - Target:
      Target: Enemy
      Name: Basic Target
    Modifiers:
    - Conditions:
      - Name: Blinded
      - Name: Dazed
      - Name: Immobilized
      - Name: Weakened
      Name: Condition
  Modifiers:
  - Abilities:
    - Strength
    Name: Ability Modifier Damage
Modifiers:
- Duration: SaveEnds
  Name: Duration
- PowerSource: Martial
  Name: Power Source
Effects: []
