Template: Close burst
Attacks:
- WeaponDice: 1.5
  DamageTypes:
  - Weapon
  Target: Melee
  Modifiers:
  - Size: 3x3
    Type: Burst
    Name: Multiple
  - Name: Ability Modifier Damage
  - Defense: Fortitude
    Name: Non-Armor Defense
  - Cost:
      Fixed: 0.5
      Multiplier: 1
    Amount: DEX
    Name: To-Hit Bonus to Current Attack
