- PowerInfo:
    Usage: Daily
    ToolType: Weapon
    ToolRange: Melee
    Level: 19
    Abilities:
    - Strength
    - Dexterity
  PowerProfile:
    Attacks:
    - Target:
        Name: UpToThreeTargets
      Ability: Strength
      Effects:
      - Target:
          Name: See Other
        EffectType: Harmful
        Modifiers:
        - Conditions:
          - Name: Stunned
          AfterEffect:
            Condition:
              Name: Dazed
            AfterFailedSave: false
          Name: Condition
        - Damage: 3[W] + STR + DEX
          DamageTypes: []
          Name: Damage
      Modifiers: []
    Modifiers:
    - Duration: SaveEnds
      Name: Duration
    - PowerSource: Martial
      Name: Power Source
    Effects: []
- Name: Unknown
  TypeInfo: Weapon Attack 19
  FlavorText: ''
  PowerUsage: Daily
  Keywords:
  - Martial
  - Weapon
  ActionType: Standard Action
  AttackType: Melee
  AttackTypeDetails: weapon
  Target: One, two, or three creatures
  Attack: STR vs. AC, one attack per target
  RulesText:
  - Label: Hit
    Text: 3[W] + STR + DEX damage, and the target is stunned (save ends). When the target succeeds against its saving throw against this power, the target is dazed (save ends).
- Fields:
    Flavor Text: ''
    Name: Unknown
