- Template: Close burst
  Tool: Implement
  Attacks:
  - WeaponDice: 0.83333333333333326
    DamageTypes:
    - Radiant
    Target: Range
    Modifiers:
    - Cost:
        Multiplier: 0.66666666666666663
      Size: 3x3
      Type: Burst
      Name: Multiple
    - Cost:
        Multiplier: 1
      Defense: Fortitude
      Name: Non-Armor Defense
    - Name: Ability Modifier Damage
- Name: Generated
  Keywords:
  - Implement
  Level: 1
  Effects:
  - Target:
      Effect:
        Attack:
          Bonus: +0
          Defense: Fortitude
          Hit:
            Damage:
            - Amount: d8 + STR
              Types:
              - Radiant
      Burst: 3
      Ranged: {}
