- Level: 1
  PowerProfile:
    Usage: Daily
    Tool: Implement
    ToolRange: Range
    Attacks:
    - Ability: Strength
      Effects:
      - Target:
          Target: Enemy, Self, Ally
          Size: 4
          Type: Wall
          Name: Multiple
        EffectType: Harmful
        Modifiers:
        - Damage: d4 + STR
          DamageTypes:
          - Radiant
          Name: Damage
      Modifiers:
      - Defense: Fortitude
        Name: Non-Armor Defense
    Modifiers:
    - Duration: SaveEnds
      Name: Duration
    - PowerSource: Arcane
      Name: Power Source
    Effects:
    - Target:
        Target: Enemy
        Name: Basic Target
      EffectType: Harmful
      Modifiers:
      - Conditions:
        - Name: Blinded
        Name: Condition
- Name: Unknown
  TypeInfo: Implement Attack 1
  PowerUsage: Daily
  Keywords:
  - Arcane
  - Implement
  ActionType: Standard Action
  AttackType: Area
  AttackTypeDetails: wall 8 within 20
  Target: Each creature
  Attack: STR vs. Fortitude
  RulesText:
  - Label: Hit
    Text: d4 + STR radiant damage.
  - Label: Effect
    Text: One enemy is blinded (save ends.)
