Attacks:
- Target:
    Name: Basic Target
    Target: Enemy, Self, Ally
  Ability: Strength
  Effects:
  - Target:
      Name: See Other
    EffectType: Harmful
    Modifiers:
    - Name: Damage
      Damage: 1[W] + STR + DEX
      DamageTypes: []
  Modifiers: []
Modifiers:
- Name: OpportunityAction
  Trigger: Custom
- Name: Power Source
  PowerSource: Martial
Effects: []
