Template: Accurate
Tool: Implement
Attacks:
- WeaponDice: 1
  Ability: Strength
  DamageTypes:
  - Radiant
  Target: Range
  Modifiers:
  - Defense: Fortitude
    Name: Non-Armor Defense
  - Ability: Strength
    Name: Ability Modifier Damage
  - Cost:
      Fixed: 0.5
      Multiplier: 1
    Amount: DEX
    Name: To-Hit Bonus to Current Attack
