- Template: Multiattack
  Level: 1
  Usage: Daily
  Tool: Weapon
  ToolRange: Melee
  Attacks:
  - WeaponDice: 1
    Ability: Strength
    DamageTypes:
    - Normal
    Modifiers:
    - Name: RequiredHitForNextAttack
    - Abilities:
      - Strength
      Name: Ability Modifier Damage
  - WeaponDice: 2
    Ability: Strength
    DamageTypes:
    - Normal
    Modifiers:
    - Name: RequiresPreviousHit
    - Abilities:
      - Strength
      Name: Ability Modifier Damage
    - Defense: Fortitude
      Name: Non-Armor Defense
    - Size: 5
      Type: Burst
      Name: Multiple
  Modifiers: []
- Name: Unknown
  TypeInfo: Weapon Attack 1
  PowerUsage: Daily
  PowerKeywords:
  - Weapon
  ActionType: Standard Action
  AttackType: Melee weapon
  Target: One creature
  Attack: STR vs. AC
  RulesText:
  - Label: Hit
    Text: 1[W] + STR damage. Make a secondary attack.
  - Label: Secondary Attack
    Text: STR vs. Fortitude
  - Label: Secondary Hit
    Text: 2[W] + STR damage.
