- Level: 1
  PowerProfile:
    Usage: Daily
    Tool: Weapon
    ToolRange: Melee
    Attacks:
    - Ability: Strength
      Effects:
      - Target:
          Target: Enemy, Self, Ally
          Size: 3
          Type: Burst
          Name: Multiple
        EffectType: Harmful
        Modifiers:
        - Damage: 1[W] + STR
          DamageTypes:
          - Normal
          Name: Damage
        - Effects:
          - Name: Prone
          Name: MovementControl
      Modifiers: []
    Modifiers:
    - PowerSource: Martial
      Name: Power Source
    Effects: []
- Name: Unknown
  TypeInfo: Weapon Attack 1
  PowerUsage: Daily
  Keywords:
  - Martial
  - Weapon
  ActionType: Standard Action
  AttackType: Melee
  AttackTypeDetails: weapon
  Target: One creature
  Attack: STR vs. AC
  RulesText:
  - Label: Hit
    Text: 1[W] + STR damage and is knocked prone.
