- Level: 1
  Usage: Daily
  Tool: Weapon
  ToolRange: Melee
  PowerSource: Martial
  Attacks:
  - WeaponDice: 1
    Ability: Strength
    DamageTypes:
    - Normal
    Modifiers:
    - Name: TwoHits
    - Abilities:
      - Strength
      Name: Ability Modifier Damage
    - Defense: Fortitude
      Name: Non-Armor Defense
  Modifiers:
  - SelfBoosts:
    - Amount: +2
      Limit: NextAttack
      Name: Attack
    AllyBoosts: []
    AllyType: Single
    Name: Boost
- Name: Unknown
  TypeInfo: Weapon Attack 1
  PowerUsage: Daily
  Keywords:
  - Martial
  - Weapon
  ActionType: Standard Action
  AttackType: Melee
  AttackTypeDetails: weapon
  Target: One or two creatures
  Attack: STR vs. Fortitude, two attacks
  RulesText:
  - Label: Hit
    Text: 1[W] + STR damage.
  - Label: Effect
    Text: You gain a +2 power bonus to attack rolls on the next attack before the end of your next turn.
