- Template: Skirmish
  Attacks:
  - WeaponDice: 1
    DamageTypes:
    - Weapon
    Target: Melee
    Modifiers:
    - Modifier: Ability Modifier Damage
      Cost:
        Fixed: 0.5
        Multiplier: 1
      Options:
        Ability: Strength
    - Modifier: Shift
      Cost:
        Fixed: 0.5
        Multiplier: 1
      Options:
        Amount: STR
- Name: Generated
  Keywords:
  - Weapon
  Level: 1
  Effects:
  - Target:
      Effect:
        Attack:
          Bonus: +0
          Hit:
            Damage:
            - Amount: 1[W] + STR
              Types:
              - Weapon
      MeleeWeapon: {}
    Slide:
      Target: Self
      Amount: STR
