Template: Multiattack
Tool: Implement
Attacks:
- WeaponDice: 0.5
  DamageTypes:
  - Radiant
  Target: Range
  Modifiers:
  - Cost:
      Multiplier: 1
    Defense: Fortitude
    Name: Non-Armor Defense
  - Name: Ability Modifier Damage
- WeaponDice: 0.5
  DamageTypes:
  - Radiant
  Target: Range
  Modifiers:
  - Cost:
      Multiplier: 1
    Defense: Fortitude
    Name: Non-Armor Defense
  - Name: Ability Modifier Damage
