- PowerInfo:
    Usage: Daily
    ToolType: Weapon
    ToolRange: Melee
    Level: 1
    Abilities:
    - Strength
    - Dexterity
    PossibleRestrictions:
    - the target is bloodied
    - you are dual wielding
    - you are bloodied
    - you have combat advantage against the target
  PowerProfile:
    Attacks:
    - Target:
        Name: TwoHits
        BothAttacksHitModifiers:
        - Name: Condition
          Conditions:
          - Name: Simple
            ConditionName: Blinded
        - Name: Disarm and Catch
        - Name: Restriction
          RestrictionIndex: 0
          RestrictedEffects:
          - Name: Condition
            Conditions:
            - Name: Simple
              ConditionName: Blinded
      Ability: Strength
      Effects:
      - Target:
          Name: See Other
        EffectType: Harmful
        Modifiers:
        - Name: Damage
          Damage: 1[W] + STR
          DamageTypes: []
        - Name: Restriction
          RestrictionIndex: 0
          RestrictedEffects:
          - Name: Condition
            Conditions:
            - Name: Simple
              ConditionName: Grants Combat Advantage
      Modifiers: []
    Modifiers:
    - Name: Power Source
      PowerSource: Martial
    Effects: []
- Name: Unknown
  TypeInfo: Weapon Attack 1
  FlavorText: ''
  PowerUsage: Daily
  Keywords:
  - Martial
  - Weapon
  ActionType: Standard Action
  AttackType: Melee
  AttackTypeDetails: weapon
  Target: One or two creatures
  Attack: STR vs. AC, two attacks
  RulesText:
  - Label: Hit
    Text: 1[W] + STR damage. If the target is bloodied, the target is also grants combat advantage until the end of your next turn.
  - Label: Both Hit Same Target, Also
    Text: The target is blinded until the end of your next turn and drops one weapon it is holding. If the target is bloodied, the target is also is blinded until the end of your next turn. You can choose to catch the dropped weapon in a free hand or have it land on the ground at your feet (in your square).
- Fields:
    Flavor Text: ''
    Name: Unknown
