- PowerInfo:
    Usage: Encounter
    ToolType: Weapon
    ToolRange: Range
    Level: 1
    Abilities:
    - Strength
    - Dexterity
  PowerProfile:
    Attacks:
    - Target:
        Target: Enemy, Self, Ally
        Size: 3
        Type: Blast
        Name: Multiple
      Ability: Strength
      Effects:
      - Target:
          Name: See Other
        EffectType: Harmful
        Modifiers:
        - Damage: 1[W] + STR
          DamageTypes: []
          Name: Damage
      Modifiers: []
    Modifiers:
    - PowerSource: Martial
      Name: Power Source
    Effects: []
- Name: Unknown
  TypeInfo: Weapon Attack 1
  PowerUsage: Encounter
  Keywords:
  - Martial
  - Weapon
  ActionType: Standard Action
  AttackType: Close
  AttackTypeDetails: blast 3
  Target: Each creature
  Attack: STR vs. AC
  RulesText:
  - Label: Hit
    Text: 1[W] + STR damage.
