Template: Interrupt Penalty
Tool: Weapon
Attacks:
- WeaponDice: 1
  Ability: Strength
  DamageTypes:
  - Weapon
  Target: Melee
  Modifiers:
  - Cost:
      Fixed: 1
      Multiplier: 1
    Name: OpportunityAction
  - Ability: Strength
    Name: Ability Modifier Damage
  - Defense: Fortitude
    Name: Non-Armor Defense
