Usage: AtWill
Tool: Weapon
ToolRange: Range
Attacks:
- Target:
    Target: Enemy, Self, Ally
    Size: 1
    Type: Blast
    Name: Multiple
  Ability: Strength
  Effects:
  - Target:
      Name: See Other
    EffectType: Harmful
    Modifiers:
    - Conditions:
      - Name: Dazed
      Name: Condition
    - Damage: 1[W] + STR
      DamageTypes: []
      Name: Damage
  Modifiers: []
Modifiers:
- Duration: EndOfUserNextTurn
  Name: Duration
- PowerSource: Martial
  Name: Power Source
Effects: []
