Template: Multiattack
Tool: Weapon
Attacks:
- WeaponDice: 1
  Ability: Strength
  DamageTypes:
  - Weapon
  Target: Melee
  Modifiers:
  - Abilities:
    - Strength
    Name: Ability Modifier Damage
- WeaponDice: 2
  Ability: Strength
  DamageTypes:
  - Weapon
  Target: Melee
  Modifiers:
  - Name: RequiresPreviousHit
  - Abilities:
    - Strength
    Name: Ability Modifier Damage
  - Defense: Fortitude
    Name: Non-Armor Defense
  - Size: 5
    Type: Burst
    Name: Multiple
Modifiers: []
