Usage: AtWill
Tool: Weapon
ToolRange: Melee
Attacks:
- Ability: Strength
  Effects:
  - Target:
      Target: Enemy, Self, Ally
      Name: Basic Target
    EffectType: Harmful
    Modifiers:
    - Damage: 1[W] + STR
      DamageTypes:
      - Normal
      Name: Damage
  - Target:
      Target: Self
      Name: Basic Target
    EffectType: Beneficial
    Modifiers:
    - Movement:
      - Amount: STR
        Name: Shift
      Name: Skirmish Movement
  Modifiers: []
Modifiers:
- PowerSource: Martial
  Name: Power Source
Effects: []
