Template: Conditions
Attacks:
- WeaponDice: 6
  DamageTypes:
  - Weapon
  Target: Melee
  Modifiers:
  - Name: Ability Modifier Damage
  - Conditions:
    - Name: Slowed
    Name: Condition
  - Boosts:
    - Amount: +2
      Limit: NextAttack
      Name: Attack
    Name: Boost
  - Movement:
    - Amount: STR
      Name: Shift
    Name: Skirmish Movement
  - Cost:
      Fixed: 0.5
      Multiplier: 1
    Defense: Fortitude
    Name: Non-Armor Defense
