Template: Close burst
Attacks:
- WeaponDice: 1
  DamageTypes:
  - Weapon
  Target: Melee
  Modifiers:
  - Modifier: Multiple
    Cost:
      Multiplier: 0.66666666666666663
    Options:
      Size: 3x3
      Type: Burst
  - Modifier: Ability Modifier Damage
    Cost:
      Fixed: 0.5
      Multiplier: 1
    Options:
      Ability: Strength
  - Modifier: Healing Surge
    Cost:
      Fixed: 1
      Multiplier: 1
    Options:
      Target: self
  - Modifier: +2 to Defense
    Cost:
      Fixed: 0.5
      Multiplier: 1
    Options:
      Amount: +2
      Defense: ArmorClass
      Duration: EndOfUserNextTurn
      Target: self
