Usage: Daily
Tool: Weapon
ToolRange: Melee
Attacks:
- Ability: Strength
  Effects:
  - Target:
      EffectModifier:
        Conditions:
        - Name: Dazed
        Name: Condition
      Name: TwoHits
    EffectType: Harmful
    Modifiers:
    - Damage: 1[W] + STR
      DamageTypes: []
      Name: Damage
  Modifiers: []
Modifiers:
- PowerSource: Martial
  Name: Power Source
Effects:
- Target:
    Target: Ally
    Name: Basic Target
  EffectType: Beneficial
  Modifiers:
  - Boosts:
    - Amount: +2
      Limit: NextAttack
      Name: Attack
    Name: Boost
