- Template: Accurate
  Attacks:
  - WeaponDice: 1
    DamageTypes:
    - Weapon
    Target: Melee
    Modifiers:
    - Modifier: Ability Modifier Damage
      Cost:
        Fixed: 0.5
        Multiplier: 1
      Options:
        Ability: Strength
    - Modifier: Non-Armor Defense
      Cost:
        Fixed: 0.5
        Multiplier: 1
      Options:
        Defense: Fortitude
- Name: Generated
  Keywords:
  - Weapon
  Level: 1
  Effects:
  - Target:
      Effect:
        Attack:
          Bonus: +0
          Defense: Fortitude
          Hit:
            Damage:
            - Amount: 1[W] + STR
              Types:
              - Weapon
      MeleeWeapon: {}
