- PowerInfo:
    Usage: AtWill
    ToolType: Implement
    ToolRange: Melee
    Level: 1
    Abilities:
    - Wisdom
    - Dexterity
  PowerProfile:
    Attacks:
    - Target:
        Target: Enemy, Self, Ally
        Size: 2
        Type: Blast
        Name: Multiple
      Ability: Wisdom
      Effects:
      - Target:
          Name: See Other
        EffectType: Harmful
        Modifiers:
        - Damage: d4 + WIS
          DamageTypes: []
          Name: Damage
      Modifiers:
      - Defense: Fortitude
        Name: Non-Armor Defense
    Modifiers:
    - Name: Is Basic Attack
    - PowerSource: Martial
      Name: Power Source
    Effects: []
- Name: Unknown
  TypeInfo: Implement Attack 1
  FlavorText: ''
  PowerUsage: At-Will
  Keywords:
  - Implement
  - Martial
  ActionType: Standard Action
  AttackType: Close
  AttackTypeDetails: blast 2
  Target: Each creature
  Attack: WIS vs. Fortitude
  RulesText:
  - Label: Hit
    Text: d4 + WIS damage.
  - Label: Special
    Text: This power counts as a melee basic attack. When a power allows you to make a melee basic attack, you can use this power.
- Fields:
    Flavor Text: ''
    Name: Unknown
