AtWill1:
- Template: Multiattack
  Attacks:
  - WeaponDice: 1
    DamageTypes:
    - Weapon
    Target: Range
    Modifiers: []
  - WeaponDice: 1
    DamageTypes:
    - Weapon
    Target: Range
    Modifiers: []
- Template: Bonus
  Attacks:
  - WeaponDice: 1
    DamageTypes:
    - Weapon
    Target: Range
    Modifiers:
    - Name: Ability Modifier Damage
    - Cost:
        Fixed: 0.5
        Multiplier: 1
      Defense: Reflex
      Amount: +2
      Target: self
      Name: +2 to Defense
- Template: Accurate
  Attacks:
  - WeaponDice: 1
    DamageTypes:
    - Weapon
    Target: Range
    Modifiers:
    - Name: Ability Modifier Damage
    - Cost:
        Fixed: 0.5
        Multiplier: 1
      Defense: Fortitude
      Name: Non-Armor Defense
- Template: Skirmish
  Attacks:
  - WeaponDice: 1
    DamageTypes:
    - Weapon
    Target: Range
    Modifiers:
    - Name: Ability Modifier Damage
    - Movement:
      - Timing: Before
        Amount: +1
        Name: Shift
      - Timing: After
        Amount: +1
        Name: Shift
      Name: Skirmish Movement
Encounter1:
- Template: Multiattack
  Attacks:
  - WeaponDice: 1
    Ability: Dexterity
    DamageTypes:
    - Weapon
    Target: Range
    Modifiers: []
  - WeaponDice: 1
    Ability: Dexterity
    DamageTypes:
    - Weapon
    Target: Range
    Modifiers:
    - Name: Ability Modifier Damage
    - Cost:
        Fixed: 0.5
        Multiplier: 1
      Defense: Will
      Amount: +2
      Target: self
      Name: +2 to Defense
- Template: Multiattack
  Attacks:
  - WeaponDice: 2
    DamageTypes:
    - Weapon
    Target: Range
    Modifiers:
    - Name: Ability Modifier Damage
    - Cost:
        Fixed: 0.5
        Multiplier: 1
      Amount: +2
      Name: To-Hit Bonus to Current Attack
- Template: Accurate
  Attacks:
  - WeaponDice: 2
    DamageTypes:
    - Fire
    Target: Range
    Modifiers:
    - Name: Ability Modifier Damage
    - Cost:
        Fixed: 0.5
        Multiplier: 1
      Amount: DEX
      Name: To-Hit Bonus to Current Attack
- Template: Conditions
  Attacks:
  - WeaponDice: 1
    Ability: Dexterity
    DamageTypes:
    - Weapon
    Target: Range
    Modifiers:
    - Name: Ability Modifier Damage
    - Conditions:
      - Name: Slowed
      Name: Condition
    - Movement:
      - Timing: After
        Amount: +2
        Name: Shift
      Name: Skirmish Movement
    - Cost:
        Fixed: 0.5
        Multiplier: 1
      Defense: Fortitude
      Name: Non-Armor Defense
Daily1:
- Template: Multiattack
  Attacks:
  - WeaponDice: 1
    DamageTypes:
    - Fire
    Target: Range
    Modifiers:
    - Name: Ability Modifier Damage
    - Cost:
        Fixed: 0.5
        Multiplier: 1
      Amount: DEX
      Name: To-Hit Bonus to Current Attack
  - WeaponDice: 1
    DamageTypes:
    - Fire
    Target: Range
    Modifiers:
    - Name: Ability Modifier Damage
    - Cost:
        Fixed: 1
        Multiplier: 1
      Name: Prone
- Template: Close blast
  Attacks:
  - WeaponDice: 2
    DamageTypes:
    - Fire
    Target: Range
    Modifiers:
    - Cost:
        Multiplier: 0.66666666666666663
      Size: 3x3
      Type: Blast
      Name: Multiple
    - Name: Ability Modifier Damage
    - Cost:
        Fixed: 0.5
        Multiplier: 1
      Defense: Will
      Amount: +2
      Target: nearest ally
      Name: +2 to Defense
- Template: Multiattack
  Attacks:
  - WeaponDice: 3
    DamageTypes:
    - Fire
    Target: Range
    Modifiers:
    - Name: Ability Modifier Damage
    - Cost:
        Fixed: 0.5
        Multiplier: 1
      Defense: Will
      Amount: +2
      Target: self
      Name: +2 to Defense
    - Conditions:
      - Name: Dazed
      Name: Condition
- Template: Accurate
  Attacks:
  - WeaponDice: 1
    Ability: Dexterity
    DamageTypes:
    - Fire
    Target: Range
    Modifiers:
    - Name: Ability Modifier Damage
    - Cost:
        Fixed: 0.5
        Multiplier: 1
      Defense: Fortitude
      Name: Non-Armor Defense
    - Cost:
        Fixed: 1
        Multiplier: 1
      Amount: DEX
      Target: nearest ally
      Name: +Temporary Hit Points
    - Cost:
        Fixed: 1
        Multiplier: 1
      Name: Prone
    - Conditions:
      - Name: Slowed
      Name: Condition
Encounter3:
- Template: Multiattack
  Attacks:
  - WeaponDice: 1
    Ability: Dexterity
    DamageTypes:
    - Fire
    Target: Range
    Modifiers:
    - Name: Ability Modifier Damage
  - WeaponDice: 1
    Ability: Dexterity
    DamageTypes:
    - Fire
    Target: Range
    Modifiers:
    - Name: Ability Modifier Damage
- Template: Accurate
  Attacks:
  - WeaponDice: 2
    DamageTypes:
    - Fire
    Target: Range
    Modifiers:
    - Name: Ability Modifier Damage
    - Cost:
        Fixed: 0.5
        Multiplier: 1
      Defense: Fortitude
      Name: Non-Armor Defense
- Template: Skirmish
  Attacks:
  - WeaponDice: 2
    Ability: Dexterity
    DamageTypes:
    - Fire
    Target: Range
    Modifiers:
    - Name: Ability Modifier Damage
    - Movement:
      - Timing: After
        Amount: STR
        Name: Shift
      Name: Skirmish Movement
- Template: Conditions
  Attacks:
  - WeaponDice: 2
    DamageTypes:
    - Fire
    Target: Range
    Modifiers:
    - Name: Ability Modifier Damage
    - Conditions:
      - Name: Dazed
      Name: Condition
Daily5:
- Template: Multiattack
  Attacks:
  - WeaponDice: 3
    Ability: Dexterity
    DamageTypes:
    - Fire
    Target: Range
    Modifiers:
    - Name: Ability Modifier Damage
    - Cost:
        Fixed: 1
        Multiplier: 1
      Target: self
      Name: Extra Saving Throw
    - Conditions:
      - Name: Slowed
      Name: Condition
    - Cost:
        Fixed: 0.5
        Multiplier: 1
      Amount: +2
      Name: To-Hit Bonus to Current Attack
- Template: Skirmish
  Attacks:
  - WeaponDice: 3
    Ability: Dexterity
    DamageTypes:
    - Weapon
    Target: Range
    Modifiers:
    - Name: Ability Modifier Damage
    - Movement:
      - Timing: Before
        Amount: +1
        Name: Shift
      - Timing: After
        Amount: +1
        Name: Shift
      Name: Skirmish Movement
    - Cost:
        Fixed: 1
        Multiplier: 1
      Target: nearest ally
      Name: Extra Saving Throw
    - Cost:
        Fixed: 0.5
        Multiplier: 1
      Amount: STR
      Condition: next attack
      Target: self
      Name: To-Hit Bonus
- Template: Multiattack
  Attacks:
  - WeaponDice: 1
    Ability: Dexterity
    DamageTypes:
    - Weapon
    Target: Range
    Modifiers:
    - Name: Ability Modifier Damage
    - Movement:
      - Timing: Before
        Amount: STR
        Name: Shift
      Name: Skirmish Movement
    - Cost:
        Fixed: 1
        Multiplier: 1
      Name: Prone
  - WeaponDice: 1
    Ability: Dexterity
    DamageTypes:
    - Weapon
    Target: Range
    Modifiers:
    - Name: Ability Modifier Damage
    - Duration: SaveEnds
      Conditions:
      - Name: Dazed
      Name: Condition
- Template: Conditions
  Attacks:
  - WeaponDice: 2
    Ability: Dexterity
    DamageTypes:
    - Fire
    Target: Range
    Modifiers:
    - Name: Ability Modifier Damage
    - Duration: SaveEnds
      Conditions:
      - Name: Slowed
      Name: Condition
    - Cost:
        Fixed: 1
        Multiplier: 1
      Target: self
      Name: Extra Saving Throw
    - Cost:
        Fixed: 1
        Multiplier: 1
      Amount: STR
      Target: an ally within 5 squares
      Name: +Temporary Hit Points
Encounter7:
- Template: Multiattack
  Attacks:
  - WeaponDice: 1
    DamageTypes:
    - Weapon
    Target: Range
    Modifiers:
    - Name: Ability Modifier Damage
  - WeaponDice: 1
    DamageTypes:
    - Weapon
    Target: Range
    Modifiers:
    - Name: Ability Modifier Damage
- Template: Accurate
  Attacks:
  - WeaponDice: 2
    DamageTypes:
    - Fire
    Target: Range
    Modifiers:
    - Name: Ability Modifier Damage
    - Cost:
        Fixed: 0.5
        Multiplier: 1
      Defense: Fortitude
      Name: Non-Armor Defense
- Template: Conditions
  Attacks:
  - WeaponDice: 2
    Ability: Dexterity
    DamageTypes:
    - Fire
    Target: Range
    Modifiers:
    - Name: Ability Modifier Damage
    - Conditions:
      - Name: Slowed
      Name: Condition
- Template: Skirmish
  Attacks:
  - WeaponDice: 1
    Ability: Dexterity
    DamageTypes:
    - Fire
    Target: Range
    Modifiers:
    - Name: Ability Modifier Damage
    - Movement:
      - Amount: STR
        Name: Shift
      Name: Skirmish Movement
    - Cost:
        Fixed: 1
        Multiplier: 1
      Target: self
      Name: Healing Surge
Daily9:
- Template: Multiattack
  Attacks:
  - WeaponDice: 5
    Ability: Dexterity
    DamageTypes:
    - Weapon
    Target: Range
    Modifiers:
    - Name: Ability Modifier Damage
    - Cost:
        Fixed: 1
        Multiplier: 1
      Name: Prone
- Template: Skirmish
  Attacks:
  - WeaponDice: 5
    Ability: Dexterity
    DamageTypes:
    - Fire
    Target: Range
    Modifiers:
    - Name: Ability Modifier Damage
    - Movement:
      - Timing: After
        Amount: +2
        Name: Shift
      Name: Skirmish Movement
    - Cost:
        Fixed: 0.5
        Multiplier: 1
      Defense: Reflex
      Amount: +2
      Target: nearest ally
      Name: +2 to Defense
- Template: Close blast
  Attacks:
  - WeaponDice: 1.333333333333333
    Ability: Dexterity
    DamageTypes:
    - Weapon
    Target: Range
    Modifiers:
    - Cost:
        Multiplier: 0.66666666666666663
      Size: 3x3
      Type: Blast
      Name: Multiple
    - Name: Ability Modifier Damage
    - Cost:
        Fixed: 1
        Multiplier: 1
      Amount: +5
      Target: nearest ally
      Duration: EndOfEncounter
      Name: Regeneration
    - Cost:
        Fixed: 1
        Multiplier: 1
      Target: nearest ally
      Name: Extra Saving Throw
    - Cost:
        Fixed: 0.5
        Multiplier: 1
      Defense: Fortitude
      Name: Non-Armor Defense
- Template: Interrupt Penalty
  Attacks:
  - WeaponDice: 4
    Ability: Dexterity
    DamageTypes:
    - Fire
    Target: Range
    Modifiers:
    - Name: Ability Modifier Damage
    - Cost:
        Fixed: 1
        Multiplier: 1
      Name: Prone
    - Cost:
        Fixed: 0.5
        Multiplier: 1
      Amount: +2
      Condition: the target
      Target: nearest ally
      Name: To-Hit Bonus
    - Cost:
        Fixed: 0.5
        Multiplier: 1
      Defense: Will
      Amount: +2
      Target: an ally within 5 squares
      Name: +2 to Defense
Encounter11:
- Template: Multiattack
  Attacks:
  - WeaponDice: 1.5
    DamageTypes:
    - Weapon
    Target: Range
    Modifiers:
    - Name: Ability Modifier Damage
  - WeaponDice: 1.5
    DamageTypes:
    - Weapon
    Target: Range
    Modifiers:
    - Name: Ability Modifier Damage
- Template: Multiattack
  Attacks:
  - WeaponDice: 1
    Ability: Dexterity
    DamageTypes:
    - Fire
    Target: Range
    Modifiers:
    - Name: Ability Modifier Damage
    - Cost:
        Fixed: 0.5
        Multiplier: 1
      Defense: Reflex
      Name: Non-Armor Defense
  - WeaponDice: 1
    Ability: Dexterity
    DamageTypes:
    - Fire
    Target: Range
    Modifiers: []
  - WeaponDice: 1
    Ability: Dexterity
    DamageTypes:
    - Fire
    Target: Range
    Modifiers: []
- Template: Accurate
  Attacks:
  - WeaponDice: 3
    Ability: Dexterity
    DamageTypes:
    - Weapon
    Target: Range
    Modifiers:
    - Name: Ability Modifier Damage
    - Cost:
        Fixed: 0.5
        Multiplier: 1
      Defense: Fortitude
      Name: Non-Armor Defense
- Template: Conditions
  Attacks:
  - WeaponDice: 3
    DamageTypes:
    - Weapon
    Target: Range
    Modifiers:
    - Name: Ability Modifier Damage
    - Conditions:
      - Defense: Will
        Name: Defense Penalty
      Name: Condition
Encounter13:
- Template: Multiattack
  Attacks:
  - WeaponDice: 1
    Ability: Dexterity
    DamageTypes:
    - Weapon
    Target: Range
    Modifiers:
    - Name: Ability Modifier Damage
    - Cost:
        Fixed: 0.5
        Multiplier: 1
      Amount: +2
      Condition: next attack
      Target: an ally within 5 squares
      Name: To-Hit Bonus
  - WeaponDice: 1
    Ability: Dexterity
    DamageTypes:
    - Weapon
    Target: Range
    Modifiers:
    - Name: Ability Modifier Damage
    - Conditions:
      - Name: Slowed
      Name: Condition
- Template: Bonus
  Attacks:
  - WeaponDice: 3
    Ability: Dexterity
    DamageTypes:
    - Fire
    Target: Range
    Modifiers:
    - Name: Ability Modifier Damage
    - Cost:
        Fixed: 0.5
        Multiplier: 1
      Defense: Reflex
      Amount: +2
      Target: self
      Name: +2 to Defense
- Template: Multiattack
  Attacks:
  - WeaponDice: 3
    DamageTypes:
    - Fire
    Target: Range
    Modifiers:
    - Name: Ability Modifier Damage
    - Cost:
        Fixed: 0.5
        Multiplier: 1
      Amount: +2
      Name: To-Hit Bonus to Current Attack
- Template: Skirmish
  Attacks:
  - WeaponDice: 1.1666666666666665
    Ability: Dexterity
    DamageTypes:
    - Fire
    Target: Range
    Modifiers:
    - Name: Ability Modifier Damage
    - Movement:
      - Timing: After
        Amount: +2
        Name: Shift
      Name: Skirmish Movement
    - Cost:
        Multiplier: 0.66666666666666663
      Size: 3x3
      Type: Blast
      Name: Multiple
    - Cost:
        Fixed: 0.5
        Multiplier: 1
      Defense: Reflex
      Name: Non-Armor Defense
Daily15:
- Template: Multiattack
  Attacks:
  - WeaponDice: 5
    DamageTypes:
    - Weapon
    Target: Range
    Modifiers:
    - Name: Ability Modifier Damage
    - Conditions:
      - Name: Slowed
      Name: Condition
    - Cost:
        Fixed: 0.5
        Multiplier: 1
      Amount: +2
      Condition: next attack
      Target: self
      Name: To-Hit Bonus
    - Cost:
        Fixed: 0.5
        Multiplier: 1
      Defense: Will
      Amount: +2
      Target: an ally within 5 squares
      Name: +2 to Defense
    - Cost:
        Fixed: 0.5
        Multiplier: 1
      Defense: Fortitude
      Name: Non-Armor Defense
- Template: Accurate
  Attacks:
  - WeaponDice: 5
    DamageTypes:
    - Weapon
    Target: Range
    Modifiers:
    - Name: Ability Modifier Damage
    - Cost:
        Fixed: 0.5
        Multiplier: 1
      Amount: +2
      Name: To-Hit Bonus to Current Attack
    - Cost:
        Fixed: 1
        Multiplier: 1
      Name: Prone
    - Cost:
        Fixed: 0.5
        Multiplier: 1
      Amount: +2
      Target: nearest ally
      Name: +2 to Defense
- Template: Interrupt Penalty
  Attacks:
  - WeaponDice: 1
    Ability: Dexterity
    DamageTypes:
    - Fire
    Target: Range
    Modifiers:
    - Cost:
        Fixed: 3.5
        Multiplier: 1
      Name: OpportunityAction
    - Name: Ability Modifier Damage
    - Cost:
        Multiplier: 0.66666666666666663
      Size: 3x3
      Type: Area
      Name: Multiple
- Template: Bonus
  Attacks:
  - WeaponDice: 5
    DamageTypes:
    - Fire
    Target: Range
    Modifiers:
    - Name: Ability Modifier Damage
    - Cost:
        Fixed: 0.5
        Multiplier: 1
      Amount: DEX
      Condition: the target
      Target: an ally within 5 squares
      Name: To-Hit Bonus
    - Cost:
        Fixed: 0.5
        Multiplier: 1
      Defense: Will
      Amount: +2
      Target: self
      Name: +2 to Defense
    - Cost:
        Fixed: 1
        Multiplier: 1
      Name: Prone
Encounter17:
- Template: Multiattack
  Attacks:
  - WeaponDice: 1.5
    DamageTypes:
    - Weapon
    Target: Range
    Modifiers:
    - Name: Ability Modifier Damage
  - WeaponDice: 1.5
    DamageTypes:
    - Weapon
    Target: Range
    Modifiers:
    - Name: Ability Modifier Damage
- Template: Conditions
  Attacks:
  - WeaponDice: 3
    DamageTypes:
    - Fire
    Target: Range
    Modifiers:
    - Name: Ability Modifier Damage
    - Conditions:
      - Name: Slowed
      Name: Condition
- Template: Interrupt Penalty
  Attacks:
  - WeaponDice: 1.5
    Ability: Dexterity
    DamageTypes:
    - Fire
    Target: Range
    Modifiers:
    - Cost:
        Fixed: 2
        Multiplier: 1
      Name: OpportunityAction
    - Name: Ability Modifier Damage
- Template: Multiattack
  Attacks:
  - WeaponDice: 1
    Ability: Dexterity
    DamageTypes:
    - Weapon
    Target: Range
    Modifiers:
    - Name: Ability Modifier Damage
    - Cost:
        Fixed: 0.5
        Multiplier: 1
      Amount: +2
      Name: To-Hit Bonus to Current Attack
    - Cost:
        Fixed: 0.5
        Multiplier: 1
      Defense: Fortitude
      Name: Non-Armor Defense
  - WeaponDice: 1
    Ability: Dexterity
    DamageTypes:
    - Weapon
    Target: Range
    Modifiers:
    - Name: Ability Modifier Damage
Daily19:
- Template: Multiattack
  Attacks:
  - WeaponDice: 3
    DamageTypes:
    - Weapon
    Target: Range
    Modifiers:
    - Name: Ability Modifier Damage
    - Movement:
      - Timing: After
        Amount: STR
        Name: Shift
      Name: Skirmish Movement
  - WeaponDice: 3
    DamageTypes:
    - Weapon
    Target: Range
    Modifiers:
    - Name: Ability Modifier Damage
    - Cost:
        Fixed: 1
        Multiplier: 1
      Name: Prone
- Template: Multiattack
  Attacks:
  - WeaponDice: 4
    DamageTypes:
    - Weapon
    Target: Range
    Modifiers:
    - Name: Ability Modifier Damage
  - WeaponDice: 3.5
    DamageTypes:
    - Weapon
    Target: Range
    Modifiers:
    - Name: Ability Modifier Damage
- Template: Close blast
  Attacks:
  - WeaponDice: 6
    DamageTypes:
    - Weapon
    Target: Range
    Modifiers:
    - Name: Ability Modifier Damage
    - Cost:
        Fixed: 0.5
        Multiplier: 1
      Amount: +2
      Name: To-Hit Bonus to Current Attack
    - Cost:
        Fixed: 1
        Multiplier: 1
      Amount: +5
      Target: an ally within 5 squares
      Duration: EndOfEncounter
      Name: Regeneration
    - Cost:
        Fixed: 0.5
        Multiplier: 1
      Amount: DEX
      Condition: next attack
      Target: self
      Name: To-Hit Bonus
- Template: Skirmish
  Attacks:
  - WeaponDice: 4.1666666666666661
    Ability: Dexterity
    DamageTypes:
    - Weapon
    Target: Range
    Modifiers:
    - Name: Ability Modifier Damage
    - Movement:
      - Timing: Before
        Amount: +1
        Name: Shift
      - Timing: After
        Amount: +1
        Name: Shift
      Name: Skirmish Movement
    - Cost:
        Multiplier: 0.66666666666666663
      Size: 3x3
      Type: Blast
      Name: Multiple
    - Cost:
        Fixed: 0.5
        Multiplier: 1
      Amount: +2
      Name: To-Hit Bonus to Current Attack
Daily20:
- Template: Multiattack
  Attacks:
  - WeaponDice: 5
    Ability: Dexterity
    DamageTypes:
    - Weapon
    Target: Range
    Modifiers:
    - Name: Ability Modifier Damage
    - Movement:
      - Timing: After
        Amount: STR
        Name: Shift
      Name: Skirmish Movement
    - Cost:
        Fixed: 1
        Multiplier: 1
      Target: self
      Name: Healing Surge
    - Cost:
        Fixed: 1
        Multiplier: 1
      Amount: STR
      Target: an ally within 5 squares
      Name: +Temporary Hit Points
    - Cost:
        Fixed: 0.5
        Multiplier: 1
      Defense: Fortitude
      Name: Non-Armor Defense
- Template: Skirmish
  Attacks:
  - WeaponDice: 5
    Ability: Dexterity
    DamageTypes:
    - Weapon
    Target: Range
    Modifiers:
    - Name: Ability Modifier Damage
    - Movement:
      - Amount: +2
        Name: Shift
      Name: Skirmish Movement
    - Cost:
        Fixed: 1
        Multiplier: 1
      Name: Prone
    - Cost:
        Fixed: 1
        Multiplier: 1
      Target: nearest ally
      Name: Healing Surge
    - Cost:
        Fixed: 0.5
        Multiplier: 1
      Defense: Fortitude
      Name: Non-Armor Defense
- Template: Multiattack
  Attacks:
  - WeaponDice: 4
    Ability: Dexterity
    DamageTypes:
    - Fire
    Target: Range
    Modifiers:
    - Name: Ability Modifier Damage
  - WeaponDice: 3.5
    Ability: Dexterity
    DamageTypes:
    - Fire
    Target: Range
    Modifiers:
    - Name: Ability Modifier Damage
- Template: Conditions
  Attacks:
  - WeaponDice: 6
    Ability: Dexterity
    DamageTypes:
    - Weapon
    Target: Range
    Modifiers:
    - Name: Ability Modifier Damage
    - Conditions:
      - Name: Dazed
      Name: Condition
    - Cost:
        Fixed: 0.5
        Multiplier: 1
      Defense: Will
      Amount: +2
      Target: nearest ally
      Name: +2 to Defense
    - Cost:
        Fixed: 1
        Multiplier: 1
      Target: nearest ally
      Name: Healing Surge
Encounter23:
- Template: Multiattack
  Attacks:
  - WeaponDice: 2
    Ability: Dexterity
    DamageTypes:
    - Fire
    Target: Range
    Modifiers:
    - Name: Ability Modifier Damage
  - WeaponDice: 2
    Ability: Dexterity
    DamageTypes:
    - Fire
    Target: Range
    Modifiers:
    - Name: Ability Modifier Damage
- Template: Skirmish
  Attacks:
  - WeaponDice: 2.5
    Ability: Dexterity
    DamageTypes:
    - Fire
    Target: Range
    Modifiers:
    - Name: Ability Modifier Damage
    - Movement:
      - Timing: After
        Amount: +2
        Name: Shift
      Name: Skirmish Movement
    - Cost:
        Fixed: 1
        Multiplier: 1
      Name: Prone
    - Cost:
        Fixed: 0.5
        Multiplier: 1
      Defense: Fortitude
      Name: Non-Armor Defense
- Template: Interrupt Penalty
  Attacks:
  - WeaponDice: 1
    Ability: Dexterity
    DamageTypes:
    - Weapon
    Target: Range
    Modifiers:
    - Cost:
        Fixed: 2
        Multiplier: 1
      Name: OpportunityAction
    - Name: Ability Modifier Damage
    - Cost:
        Fixed: 1
        Multiplier: 1
      Amount: DEX
      Target: self
      Name: +Temporary Hit Points
    - Conditions:
      - Name: Dazed
      Name: Condition
- Template: Multiattack
  Attacks:
  - WeaponDice: 3
    DamageTypes:
    - Fire
    Target: Range
    Modifiers:
    - Name: Ability Modifier Damage
    - Cost:
        Fixed: 1
        Multiplier: 1
      Name: Prone
    - Cost:
        Fixed: 0.5
        Multiplier: 1
      Amount: +2
      Target: nearest ally
      Name: +2 to Defense
Daily25:
- Template: Multiattack
  Attacks:
  - WeaponDice: 6
    DamageTypes:
    - Fire
    Target: Range
    Modifiers:
    - Name: Ability Modifier Damage
    - Cost:
        Fixed: 1
        Multiplier: 1
      Target: an ally within 5 squares
      Name: Healing Surge
    - Movement:
      - Amount: +2
        Name: Shift
      Name: Skirmish Movement
    - Cost:
        Fixed: 1
        Multiplier: 1
      Target: nearest ally
      Name: Extra Saving Throw
    - Cost:
        Fixed: 0.5
        Multiplier: 1
      Defense: Fortitude
      Name: Non-Armor Defense
- Template: Conditions
  Attacks:
  - WeaponDice: 5.5
    Ability: Dexterity
    DamageTypes:
    - Weapon
    Target: Range
    Modifiers:
    - Name: Ability Modifier Damage
    - Duration: SaveEnds
      Conditions:
      - Defense: ArmorClass
        Name: Defense Penalty
      Name: Condition
    - Cost:
        Fixed: 1
        Multiplier: 1
      Amount: DEX
      Target: self
      Name: +Temporary Hit Points
    - Cost:
        Fixed: 1
        Multiplier: 1
      Target: nearest ally
      Name: Healing Surge
    - Cost:
        Fixed: 0.5
        Multiplier: 1
      Defense: Fortitude
      Name: Non-Armor Defense
- Template: Skirmish
  Attacks:
  - WeaponDice: 5.333333333333333
    Ability: Dexterity
    DamageTypes:
    - Fire
    Target: Range
    Modifiers:
    - Name: Ability Modifier Damage
    - Movement:
      - Timing: Before
        Amount: +2
        Name: Shift
      Name: Skirmish Movement
    - Cost:
        Multiplier: 0.66666666666666663
      Size: 3x3
      Type: Blast
      Name: Multiple
- Template: Bonus
  Attacks:
  - WeaponDice: 8
    Ability: Dexterity
    DamageTypes:
    - Fire
    Target: Range
    Modifiers:
    - Name: Ability Modifier Damage
    - Cost:
        Fixed: 1
        Multiplier: 1
      Amount: +5
      Target: an ally within 5 squares
      Duration: EndOfEncounter
      Name: Regeneration
Encounter27:
- Template: Multiattack
  Attacks:
  - WeaponDice: 3
    DamageTypes:
    - Fire
    Target: Range
    Modifiers:
    - Name: Ability Modifier Damage
    - Movement:
      - Amount: STR
        Name: Shift
      Name: Skirmish Movement
    - Cost:
        Fixed: 0.5
        Multiplier: 1
      Defense: Reflex
      Amount: +2
      Target: nearest ally
      Name: +2 to Defense
    - Cost:
        Fixed: 0.5
        Multiplier: 1
      Defense: Fortitude
      Name: Non-Armor Defense
- Template: Skirmish
  Attacks:
  - WeaponDice: 4
    DamageTypes:
    - Weapon
    Target: Range
    Modifiers:
    - Name: Ability Modifier Damage
    - Movement:
      - Timing: Before
        Amount: +2
        Name: Shift
      Name: Skirmish Movement
- Template: Accurate
  Attacks:
  - WeaponDice: 3
    Ability: Dexterity
    DamageTypes:
    - Weapon
    Target: Range
    Modifiers:
    - Name: Ability Modifier Damage
    - Cost:
        Fixed: 0.5
        Multiplier: 1
      Defense: Fortitude
      Name: Non-Armor Defense
    - Cost:
        Fixed: 1
        Multiplier: 1
      Name: Prone
- Template: Interrupt Penalty
  Attacks:
  - WeaponDice: 2
    Ability: Dexterity
    DamageTypes:
    - Fire
    Target: Range
    Modifiers:
    - Cost:
        Fixed: 2
        Multiplier: 1
      Name: OpportunityAction
    - Name: Ability Modifier Damage
    - Cost:
        Fixed: 0.5
        Multiplier: 1
      Defense: Fortitude
      Amount: +2
      Target: nearest ally
      Name: +2 to Defense
Daily29:
- Template: Multiattack
  Attacks:
  - WeaponDice: 7
    Ability: Dexterity
    DamageTypes:
    - Weapon
    Target: Range
    Modifiers:
    - Name: Ability Modifier Damage
    - Cost:
        Fixed: 1
        Multiplier: 1
      Target: nearest ally
      Name: Healing Surge
    - Cost:
        Fixed: 1
        Multiplier: 1
      Target: nearest ally
      Name: Extra Saving Throw
    - Conditions:
      - Defense: ArmorClass
        Name: Defense Penalty
      Name: Condition
    - Cost:
        Fixed: 0.5
        Multiplier: 1
      Defense: Fortitude
      Name: Non-Armor Defense
- Template: Accurate
  Attacks:
  - WeaponDice: 6
    DamageTypes:
    - Weapon
    Target: Range
    Modifiers:
    - Name: Ability Modifier Damage
    - Cost:
        Fixed: 0.5
        Multiplier: 1
      Defense: Fortitude
      Name: Non-Armor Defense
    - Cost:
        Fixed: 0.5
        Multiplier: 1
      Amount: DEX
      Condition: the target
      Target: self
      Name: To-Hit Bonus
    - Cost:
        Fixed: 2
        Multiplier: 1
      Amount: +10
      Target: self
      Duration: EndOfEncounter
      Name: Regeneration
    - Cost:
        Fixed: 1
        Multiplier: 1
      Target: nearest ally
      Name: Extra Saving Throw
- Template: Skirmish
  Attacks:
  - WeaponDice: 9
    DamageTypes:
    - Fire
    Target: Range
    Modifiers:
    - Name: Ability Modifier Damage
    - Movement:
      - Timing: Before
        Amount: +2
        Name: Shift
      Name: Skirmish Movement
    - Conditions:
      - Name: Slowed
      Name: Condition
- Template: Multiattack
  Attacks:
  - WeaponDice: 7
    Ability: Dexterity
    DamageTypes:
    - Fire
    Target: Range
    Modifiers:
    - Name: Ability Modifier Damage
    - Cost:
        Fixed: 1
        Multiplier: 1
      Name: Prone
    - Cost:
        Fixed: 1
        Multiplier: 1
      Target: self
      Name: Extra Saving Throw
    - Cost:
        Fixed: 0.5
        Multiplier: 1
      Amount: +2
      Name: To-Hit Bonus to Current Attack
    - Cost:
        Fixed: 0.5
        Multiplier: 1
      Defense: Fortitude
      Name: Non-Armor Defense
