- PowerInfo:
    Usage: Daily
    ToolType: Weapon
    ToolRange: Melee
    Level: 19
    Abilities:
    - Strength
    - Dexterity
  PowerProfile:
    Attacks:
    - Target:
        Name: UpToThreeTargets
      Ability: Strength
      Effects:
      - Target:
          Name: See Other
        EffectType: Harmful
        Modifiers:
        - Name: Condition
          Conditions:
          - Name: Ongoing
            Amount: 5
          - Name: Simple
            ConditionName: Blinded
          - Name: Simple
            ConditionName: Dazed
        - Name: Damage
          Damage: 1[W] + STR + DEX
          DamageTypes: []
      Modifiers: []
    Modifiers:
    - Name: Duration
      Duration: SaveEnds
    - Name: Power Source
      PowerSource: Martial
    Effects: []
- Name: Unknown
  TypeInfo: Weapon Attack 19
  FlavorText: ''
  PowerUsage: Daily
  Keywords:
  - Martial
  - Weapon
  ActionType: Standard Action
  AttackType: Melee
  AttackTypeDetails: weapon
  Target: One, two, or three creatures
  Attack: STR vs. AC, one attack per target
  RulesText:
  - Label: Hit
    Text: 1[W] + STR + DEX damage, and the target takes ongoing 5 and is blinded and dazed (save ends).
- Fields:
    Flavor Text: ''
    Name: Unknown
