AtWill1:
- Template: Multiattack
  Tool: Weapon
  Attacks:
  - WeaponDice: 1
    Ability: Strength
    DamageTypes:
    - Weapon
    Target: Range
    Modifiers:
    - Name: TwoHits
  Modifiers: []
- Template: Conditions
  Tool: Weapon
  Attacks:
  - WeaponDice: 1
    Ability: Strength
    DamageTypes:
    - Weapon
    Target: Range
    Modifiers:
    - Abilities:
      - Strength
      Name: Ability Modifier Damage
    - Duration: EndOfUserNextTurn
      Conditions:
      - Name: Dazed
      Name: Condition
  Modifiers: []
- Template: Accurate
  Tool: Weapon
  Attacks:
  - WeaponDice: 1
    Ability: Strength
    DamageTypes:
    - Weapon
    Target: Range
    Modifiers:
    - Abilities:
      - Strength
      Name: Ability Modifier Damage
    - Defense: Fortitude
      Name: Non-Armor Defense
  Modifiers: []
- Template: Bonus
  Tool: Weapon
  Attacks:
  - WeaponDice: 1
    Ability: Strength
    DamageTypes:
    - Weapon
    Target: Range
    Modifiers:
    - Abilities:
      - Strength
      Name: Ability Modifier Damage
    - Duration: EndOfUserNextTurn
      SelfBoosts: []
      AllyBoosts:
      - Amount: +2
        Defense: ArmorClass
        Name: Defense
      AllyType: Single
      Name: Boost
  Modifiers: []
Encounter1:
- Template: Multiattack
  Tool: Weapon
  Attacks:
  - WeaponDice: 1
    Ability: Strength
    DamageTypes:
    - Fire
    Target: Range
    Modifiers:
    - Name: UpToThreeTargets
    - Abilities:
      - Strength
      Name: Ability Modifier Damage
  Modifiers: []
- Template: Skirmish
  Tool: Weapon
  Attacks:
  - WeaponDice: 1
    Ability: Strength
    DamageTypes:
    - Weapon
    Target: Range
    Modifiers:
    - Abilities:
      - Strength
      Name: Ability Modifier Damage
    - Movement:
      - Timing: After
        Amount: STR
        Name: Shift
      Name: Skirmish Movement
    - Duration: EndOfUserNextTurn
      Conditions:
      - Name: Dazed
      - Name: Slowed
      Name: Condition
  Modifiers: []
- Template: Conditions
  Tool: Weapon
  Attacks:
  - WeaponDice: 2
    Ability: Strength
    DamageTypes:
    - Fire
    Target: Range
    Modifiers:
    - Abilities:
      - Strength
      Name: Ability Modifier Damage
    - Duration: EndOfUserNextTurn
      SelfBoosts: []
      AllyBoosts:
      - Amount: +2
        Name: Temporary Hit Points
      AllyType: Single
      Name: Boost
  Modifiers: []
- Template: Multiattack
  Tool: Weapon
  Attacks:
  - WeaponDice: 2
    Ability: Dexterity
    DamageTypes:
    - Weapon
    Target: Range
    Modifiers:
    - Abilities:
      - Strength
      Name: Ability Modifier Damage
    - Movement:
      - Timing: After
        Amount: +2
        Name: Shift
      Name: Skirmish Movement
  Modifiers: []
Daily1:
- Template: Multiattack
  Tool: Weapon
  Attacks:
  - WeaponDice: 1.75
    Ability: Dexterity
    DamageTypes:
    - Fire
    Target: Range
    Modifiers:
    - Name: TwoHits
    - Abilities:
      - Strength
      Name: Ability Modifier Damage
  Modifiers: []
- Template: Multiattack
  Tool: Weapon
  Attacks:
  - WeaponDice: 2
    Ability: Strength
    DamageTypes:
    - Weapon
    Target: Range
    Modifiers:
    - Name: UpToThreeTargets
    - Abilities:
      - Strength
      Name: Ability Modifier Damage
    - Movement:
      - Timing: After
        Amount: STR
        Name: Shift
      Name: Skirmish Movement
  Modifiers: []
- Template: Conditions
  Tool: Weapon
  Attacks:
  - WeaponDice: 2
    Ability: Dexterity
    DamageTypes:
    - Fire
    Target: Range
    Modifiers:
    - Abilities:
      - Strength
      Name: Ability Modifier Damage
    - Defense: Fortitude
      Name: Non-Armor Defense
    - Duration: EndOfUserNextTurn
      Conditions:
      - Name: Weakened
      - Name: Slowed
      Name: Condition
  Modifiers: []
- Template: Interrupt Penalty
  Tool: Weapon
  Attacks:
  - WeaponDice: 2
    Ability: Strength
    DamageTypes:
    - Fire
    Target: Range
    Modifiers:
    - Abilities:
      - Strength
      Name: Ability Modifier Damage
    - Effects:
      - Mode: Slide
        Amount: +1
        Name: Slide Opponent
      Name: MovementControl
  Modifiers:
  - Name: OpportunityAction
Encounter3:
- Template: Multiattack
  Tool: Weapon
  Attacks:
  - WeaponDice: 2
    Ability: Strength
    DamageTypes:
    - Fire
    Target: Range
    Modifiers:
    - Abilities:
      - Strength
      Name: Ability Modifier Damage
    - Defense: Fortitude
      Name: Non-Armor Defense
  Modifiers: []
- Template: Skirmish
  Tool: Weapon
  Attacks:
  - WeaponDice: 2
    Ability: Strength
    DamageTypes:
    - Fire
    Target: Range
    Modifiers:
    - Abilities:
      - Strength
      Name: Ability Modifier Damage
    - Movement:
      - Timing: After
        Amount: +2
        Name: Shift
      Name: Skirmish Movement
  Modifiers: []
- Template: Multiattack
  Tool: Weapon
  Attacks:
  - WeaponDice: 1
    Ability: Dexterity
    DamageTypes:
    - Weapon
    Target: Range
    Modifiers:
    - Name: UpToThreeTargets
    - Abilities:
      - Strength
      Name: Ability Modifier Damage
  Modifiers: []
- Template: Interrupt Penalty
  Tool: Weapon
  Attacks:
  - WeaponDice: 1
    Ability: Strength
    DamageTypes:
    - Fire
    Target: Range
    Modifiers:
    - Abilities:
      - Strength
      Name: Ability Modifier Damage
    - Duration: EndOfUserNextTurn
      SelfBoosts:
      - Amount: STR
        Limit: Target
        Name: Attack
      AllyBoosts: []
      AllyType: Single
      Name: Boost
  Modifiers:
  - Name: OpportunityAction
Daily5:
- Template: Multiattack
  Tool: Weapon
  Attacks:
  - WeaponDice: 2.25
    Ability: Strength
    DamageTypes:
    - Fire
    Target: Range
    Modifiers:
    - Name: TwoHits
    - Abilities:
      - Strength
      Name: Ability Modifier Damage
  Modifiers: []
- Template: Multiattack
  Tool: Weapon
  Attacks:
  - WeaponDice: 3
    Ability: Dexterity
    DamageTypes:
    - Fire
    Target: Range
    Modifiers:
    - Name: UpToThreeTargets
    - Abilities:
      - Strength
      Name: Ability Modifier Damage
    - Duration: EndOfUserNextTurn
      SelfBoosts: []
      AllyBoosts:
      - Amount: STR
        Limit: NextAttack
        Name: Attack
      AllyType: Single
      Name: Boost
  Modifiers: []
- Template: Accurate
  Tool: Weapon
  Attacks:
  - WeaponDice: 3
    Ability: Strength
    DamageTypes:
    - Weapon
    Target: Range
    Modifiers:
    - Abilities:
      - Strength
      Name: Ability Modifier Damage
    - Defense: Fortitude
      Name: Non-Armor Defense
    - Effects:
      - Mode: Pull
        Amount: +2
        Name: Slide Opponent
      Name: MovementControl
    - Amount: +2
      Name: To-Hit Bonus to Current Attack
  Modifiers: []
- Template: Conditions
  Tool: Weapon
  Attacks:
  - WeaponDice: 4
    Ability: Dexterity
    DamageTypes:
    - Weapon
    Target: Range
    Modifiers:
    - Abilities:
      - Strength
      Name: Ability Modifier Damage
    - Duration: EndOfUserNextTurn
      Conditions:
      - Name: Immobilized
      Name: Condition
  Modifiers: []
Encounter7:
- Template: Multiattack
  Tool: Weapon
  Attacks:
  - WeaponDice: 1
    Ability: Dexterity
    DamageTypes:
    - Fire
    Target: Range
    Modifiers:
    - Name: UpToThreeTargets
    - Abilities:
      - Strength
      Name: Ability Modifier Damage
  Modifiers: []
- Template: Skirmish
  Tool: Weapon
  Attacks:
  - WeaponDice: 1
    Ability: Dexterity
    DamageTypes:
    - Fire
    Target: Range
    Modifiers:
    - Abilities:
      - Strength
      Name: Ability Modifier Damage
    - Movement:
      - Timing: After
        Amount: STR
        Name: Shift
      Name: Skirmish Movement
    - Amount: +4
      Name: To-Hit Bonus to Current Attack
  Modifiers: []
- Template: Conditions
  Tool: Weapon
  Attacks:
  - WeaponDice: 2
    Ability: Dexterity
    DamageTypes:
    - Weapon
    Target: Range
    Modifiers:
    - Abilities:
      - Strength
      Name: Ability Modifier Damage
    - Duration: EndOfUserNextTurn
      SelfBoosts:
      - Amount: +2
        Defense: Fortitude
        Name: Defense
      AllyBoosts: []
      AllyType: Single
      Name: Boost
  Modifiers: []
- Template: Interrupt Penalty
  Tool: Weapon
  Attacks:
  - WeaponDice: 2.5
    Ability: Strength
    DamageTypes:
    - Fire
    Target: Range
    Modifiers:
    - Abilities:
      - Strength
      Name: Ability Modifier Damage
  Modifiers:
  - Name: OpportunityAction
Daily9:
- Template: Multiattack
  Tool: Weapon
  Attacks:
  - WeaponDice: 2.75
    Ability: Strength
    DamageTypes:
    - Fire
    Target: Range
    Modifiers:
    - Name: TwoHits
    - Abilities:
      - Strength
      Name: Ability Modifier Damage
  Modifiers: []
- Template: Accurate
  Tool: Weapon
  Attacks:
  - WeaponDice: 3
    Ability: Dexterity
    DamageTypes:
    - Weapon
    Target: Range
    Modifiers:
    - Abilities:
      - Strength
      Name: Ability Modifier Damage
    - Duration: EndOfUserNextTurn
      SelfBoosts:
      - Amount: DEX
        Name: Temporary Hit Points
      AllyBoosts:
      - Amount: +2
        Defense: ArmorClass
        Name: Defense
      - Amount: DEX
        Name: Attack
      - Amount: DEX
        Name: Regeneration
      AllyType: Single
      Name: Boost
    - Amount: +2
      Name: To-Hit Bonus to Current Attack
  Modifiers: []
- Template: Multiattack
  Tool: Weapon
  Attacks:
  - WeaponDice: 3
    Ability: Dexterity
    DamageTypes:
    - Fire
    Target: Range
    Modifiers:
    - Name: UpToThreeTargets
    - Abilities:
      - Strength
      Name: Ability Modifier Damage
    - Duration: EndOfUserNextTurn
      SelfBoosts:
      - Amount: STR
        Limit: NextAttack
        Name: Attack
      AllyBoosts:
      - Amount: +2
        Defense: Fortitude
        Name: Defense
      AllyType: Single
      Name: Boost
    - Defense: Fortitude
      Name: Non-Armor Defense
  Modifiers: []
- Template: Interrupt Penalty
  Tool: Weapon
  Attacks:
  - WeaponDice: 1
    Ability: Strength
    DamageTypes:
    - Fire
    Target: Range
    Modifiers:
    - Abilities:
      - Strength
      Name: Ability Modifier Damage
    - Duration: EndOfUserNextTurn
      SelfBoosts:
      - Amount: DEX
        Limit: Target
        Name: Attack
      AllyBoosts:
      - Amount: +2
        Defense: Fortitude
        Name: Defense
      AllyType: Single
      Name: Boost
    - Effects:
      - Mode: Push
        Amount: +1
        Name: Slide Opponent
      Name: MovementControl
  Modifiers:
  - Name: OpportunityAction
Encounter11:
- Template: Multiattack
  Tool: Weapon
  Attacks:
  - WeaponDice: 3
    Ability: Strength
    DamageTypes:
    - Weapon
    Target: Range
    Modifiers:
    - Abilities:
      - Strength
      Name: Ability Modifier Damage
    - Defense: Fortitude
      Name: Non-Armor Defense
  Modifiers: []
- Template: Accurate
  Tool: Weapon
  Attacks:
  - WeaponDice: 3
    Ability: Dexterity
    DamageTypes:
    - Fire
    Target: Range
    Modifiers:
    - Abilities:
      - Strength
      Name: Ability Modifier Damage
    - Duration: EndOfUserNextTurn
      SelfBoosts:
      - Amount: STR
        Limit: NextAttack
        Name: Attack
      AllyBoosts: []
      AllyType: Single
      Name: Boost
  Modifiers: []
- Template: Skirmish
  Tool: Weapon
  Attacks:
  - WeaponDice: 3
    Ability: Strength
    DamageTypes:
    - Weapon
    Target: Range
    Modifiers:
    - Abilities:
      - Strength
      Name: Ability Modifier Damage
    - Defense: Fortitude
      Name: Non-Armor Defense
  Modifiers: []
- Template: Interrupt Penalty
  Tool: Weapon
  Attacks:
  - WeaponDice: 3.5
    Ability: Strength
    DamageTypes:
    - Fire
    Target: Range
    Modifiers:
    - Abilities:
      - Strength
      Name: Ability Modifier Damage
  Modifiers:
  - Name: OpportunityAction
Encounter13:
- Template: Multiattack
  Tool: Weapon
  Attacks:
  - WeaponDice: 1.5
    Ability: Strength
    DamageTypes:
    - Fire
    Target: Range
    Modifiers:
    - Name: TwoHits
    - Abilities:
      - Strength
      Name: Ability Modifier Damage
  Modifiers: []
- Template: Interrupt Penalty
  Tool: Weapon
  Attacks:
  - WeaponDice: 3.5
    Ability: Strength
    DamageTypes:
    - Weapon
    Target: Range
    Modifiers:
    - Abilities:
      - Strength
      Name: Ability Modifier Damage
  Modifiers:
  - Name: OpportunityAction
- Template: Multiattack
  Tool: Weapon
  Attacks:
  - WeaponDice: 3.5
    Ability: Strength
    DamageTypes:
    - Weapon
    Target: Range
    Modifiers:
    - Abilities:
      - Strength
      Name: Ability Modifier Damage
  Modifiers: []
- Template: Accurate
  Tool: Weapon
  Attacks:
  - WeaponDice: 1
    Ability: Dexterity
    DamageTypes:
    - Weapon
    Target: Range
    Modifiers:
    - Abilities:
      - Strength
      Name: Ability Modifier Damage
    - Duration: EndOfUserNextTurn
      Conditions:
      - Name: Dazed
      - Name: Weakened
      - Name: Immobilized
      Name: Condition
  Modifiers: []
Daily15:
- Template: Multiattack
  Tool: Weapon
  Attacks:
  - WeaponDice: 5.5
    Ability: Strength
    DamageTypes:
    - Fire
    Target: Range
    Modifiers:
    - Name: UpToThreeTargets
    - Abilities:
      - Strength
      Name: Ability Modifier Damage
  Modifiers: []
- Template: Accurate
  Tool: Weapon
  Attacks:
  - WeaponDice: 5.5
    Ability: Strength
    DamageTypes:
    - Fire
    Target: Range
    Modifiers:
    - Abilities:
      - Strength
      Name: Ability Modifier Damage
    - Defense: Fortitude
      Name: Non-Armor Defense
    - Amount: DEX + 2
      Name: To-Hit Bonus to Current Attack
  Modifiers: []
- Template: Conditions
  Tool: Weapon
  Attacks:
  - WeaponDice: 3
    Ability: Dexterity
    DamageTypes:
    - Weapon
    Target: Range
    Modifiers:
    - Abilities:
      - Strength
      Name: Ability Modifier Damage
    - Movement:
      - Timing: Before
        Amount: STR
        Name: Shift
      Name: Skirmish Movement
    - Duration: EndOfUserNextTurn
      Conditions:
      - Name: Weakened
      - Name: Immobilized
      - Name: Dazed
      Name: Condition
    - Effects:
      - Mode: Pull
        Amount: +2
        Name: Slide Opponent
      Name: MovementControl
  Modifiers: []
- Template: Close blast
  Tool: Weapon
  Attacks:
  - WeaponDice: 5
    Ability: Strength
    DamageTypes:
    - Fire
    Target: Range
    Modifiers:
    - Abilities:
      - Strength
      Name: Ability Modifier Damage
    - Duration: EndOfUserNextTurn
      SelfBoosts:
      - Amount: STR
        Limit: NextAttack
        Name: Attack
      AllyBoosts:
      - Amount: STR
        Name: Regeneration
      - Amount: STR
        Limit: NextAttack
        Name: Attack
      - Amount: STR
        Name: Temporary Hit Points
      AllyType: Single
      Name: Boost
  Modifiers: []
Encounter17:
- Template: Multiattack
  Tool: Weapon
  Attacks:
  - WeaponDice: 2
    Ability: Strength
    DamageTypes:
    - Fire
    Target: Range
    Modifiers:
    - Name: UpToThreeTargets
    - Abilities:
      - Strength
      Name: Ability Modifier Damage
  Modifiers: []
- Template: Skirmish
  Tool: Weapon
  Attacks:
  - WeaponDice: 3
    Ability: Dexterity
    DamageTypes:
    - Weapon
    Target: Range
    Modifiers:
    - Abilities:
      - Strength
      Name: Ability Modifier Damage
    - Movement:
      - Timing: Before
        Amount: +1
        Name: Shift
      - Timing: After
        Amount: +1
        Name: Shift
      Name: Skirmish Movement
  Modifiers: []
- Template: Multiattack
  Tool: Weapon
  Attacks:
  - WeaponDice: 2.5
    Ability: Strength
    DamageTypes:
    - Fire
    Target: Range
    Modifiers:
    - Abilities:
      - Strength
      Name: Ability Modifier Damage
  - WeaponDice: 1.5
    Ability: Strength
    DamageTypes:
    - Fire
    Target: Range
    Modifiers:
    - Name: SecondaryAttack
    - Abilities:
      - Strength
      Name: Ability Modifier Damage
  Modifiers: []
- Template: Accurate
  Tool: Weapon
  Attacks:
  - WeaponDice: 1
    Ability: Strength
    DamageTypes:
    - Fire
    Target: Range
    Modifiers:
    - Abilities:
      - Strength
      Name: Ability Modifier Damage
    - Defense: Fortitude
      Name: Non-Armor Defense
    - Duration: EndOfUserNextTurn
      SelfBoosts:
      - Amount: STR
        Name: Regeneration
      - Amount: +4
        Defense: Will
        Name: Defense
      AllyBoosts:
      - Amount: +2
        Limit: NextAttack
        Name: Attack
      AllyType: Single
      Name: Boost
  Modifiers: []
Daily19:
- Template: Multiattack
  Tool: Weapon
  Attacks:
  - WeaponDice: 5
    Ability: Dexterity
    DamageTypes:
    - Weapon
    Target: Range
    Modifiers:
    - Name: UpToThreeTargets
    - Abilities:
      - Strength
      Name: Ability Modifier Damage
    - Duration: EndOfUserNextTurn
      SelfBoosts:
      - Amount: STR
        Name: Temporary Hit Points
      - Amount: +2
        Defense: Will
        Name: Defense
      AllyBoosts:
      - Amount: +2
        Limit: NextAttack
        Name: Attack
      AllyType: Single
      Name: Boost
  Modifiers: []
- Template: Skirmish
  Tool: Weapon
  Attacks:
  - WeaponDice: 4
    Ability: Dexterity
    DamageTypes:
    - Fire
    Target: Range
    Modifiers:
    - Abilities:
      - Strength
      Name: Ability Modifier Damage
    - Duration: EndOfUserNextTurn
      SelfBoosts: []
      AllyBoosts:
      - Amount: +2
        Name: Defense
      - Amount: DEX
        Limit: Target
        Name: Attack
      AllyType: All
      Name: Boost
    - Amount: STR + 2
      Name: To-Hit Bonus to Current Attack
  Modifiers: []
- Template: Multiattack
  Tool: Weapon
  Attacks:
  - WeaponDice: 6
    Ability: Strength
    DamageTypes:
    - Weapon
    Target: Range
    Modifiers:
    - Name: UpToThreeTargets
    - Abilities:
      - Strength
      Name: Ability Modifier Damage
    - Amount: +2
      Name: To-Hit Bonus to Current Attack
  Modifiers: []
- Template: Accurate
  Tool: Weapon
  Attacks:
  - WeaponDice: 5
    Ability: Dexterity
    DamageTypes:
    - Fire
    Target: Range
    Modifiers:
    - Abilities:
      - Strength
      Name: Ability Modifier Damage
    - Duration: EndOfEncounter
      Conditions:
      - Name: Dazed
      Name: Condition
    - Amount: STR + 2
      Name: To-Hit Bonus to Current Attack
  Modifiers: []
Daily20:
- Template: Multiattack
  Tool: Weapon
  Attacks:
  - WeaponDice: 5
    Ability: Strength
    DamageTypes:
    - Weapon
    Target: Range
    Modifiers:
    - Name: UpToThreeTargets
    - Abilities:
      - Strength
      Name: Ability Modifier Damage
    - Duration: EndOfUserNextTurn
      SelfBoosts:
      - Amount: DEX
        Limit: Target
        Name: Attack
      AllyBoosts:
      - Amount: STR
        Name: Regeneration
      - Amount: STR
        Limit: NextAttack
        Name: Attack
      AllyType: Single
      Name: Boost
  Modifiers: []
- Template: Multiattack
  Tool: Weapon
  Attacks:
  - WeaponDice: 3
    Ability: Dexterity
    DamageTypes:
    - Weapon
    Target: Range
    Modifiers:
    - Name: UpToThreeTargets
    - Abilities:
      - Strength
      Name: Ability Modifier Damage
    - Effects:
      - Mode: Slide
        Amount: +2
        Name: Slide Opponent
      Name: MovementControl
    - Duration: EndOfUserNextTurn
      Conditions:
      - Name: Weakened
      - Name: Immobilized
      - Name: Dazed
      Name: Condition
  Modifiers: []
- Template: Skirmish
  Tool: Weapon
  Attacks:
  - WeaponDice: 6
    Ability: Dexterity
    DamageTypes:
    - Fire
    Target: Range
    Modifiers:
    - Abilities:
      - Strength
      Name: Ability Modifier Damage
    - Movement:
      - Timing: After
        Amount: STR + 2
        Name: Shift
      Name: Skirmish Movement
    - Amount: STR + 2
      Name: To-Hit Bonus to Current Attack
  Modifiers: []
- Template: Interrupt Penalty
  Tool: Weapon
  Attacks:
  - WeaponDice: 3
    Ability: Strength
    DamageTypes:
    - Weapon
    Target: Range
    Modifiers:
    - Abilities:
      - Strength
      Name: Ability Modifier Damage
    - Duration: EndOfUserNextTurn
      SelfBoosts: []
      AllyBoosts:
      - Amount: STR
        Limit: NextAttack
        Name: Attack
      AllyType: Single
      Name: Boost
  Modifiers:
  - Name: OpportunityAction
Encounter23:
- Template: Multiattack
  Tool: Weapon
  Attacks:
  - WeaponDice: 3
    Ability: Dexterity
    DamageTypes:
    - Weapon
    Target: Range
    Modifiers:
    - Name: UpToThreeTargets
    - Abilities:
      - Strength
      Name: Ability Modifier Damage
  Modifiers: []
- Template: Close blast
  Tool: Weapon
  Attacks:
  - WeaponDice: 3
    Ability: Strength
    DamageTypes:
    - Weapon
    Target: Range
    Modifiers:
    - Abilities:
      - Strength
      Name: Ability Modifier Damage
    - Movement:
      - Name: Non-Provoking Movement
      Name: Skirmish Movement
    - Size: 2
      Type: Blast
      Name: Multiple
  Modifiers: []
- Template: Skirmish
  Tool: Weapon
  Attacks:
  - WeaponDice: 1
    Ability: Dexterity
    DamageTypes:
    - Fire
    Target: Range
    Modifiers:
    - Abilities:
      - Strength
      Name: Ability Modifier Damage
    - Movement:
      - Timing: Before
        Amount: STR
        Name: Shift
      Name: Skirmish Movement
    - Size: 7
      Type: Area
      Name: Multiple
  Modifiers: []
- Template: Multiattack
  Tool: Weapon
  Attacks:
  - WeaponDice: 4
    Ability: Dexterity
    DamageTypes:
    - Fire
    Target: Range
    Modifiers:
    - Abilities:
      - Strength
      Name: Ability Modifier Damage
    - Movement:
      - Timing: After
        Amount: STR
        Name: Shift
      Name: Skirmish Movement
  Modifiers: []
Daily25:
- Template: Multiattack
  Tool: Weapon
  Attacks:
  - WeaponDice: 5
    Ability: Dexterity
    DamageTypes:
    - Fire
    Target: Range
    Modifiers:
    - Name: UpToThreeTargets
    - Abilities:
      - Strength
      Name: Ability Modifier Damage
    - Duration: EndOfUserNextTurn
      Conditions:
      - Name: Weakened
      - Name: Blinded
      - Name: Dazed
      Name: Condition
  Modifiers: []
- Template: Accurate
  Tool: Weapon
  Attacks:
  - WeaponDice: 2
    Ability: Strength
    DamageTypes:
    - Fire
    Target: Range
    Modifiers:
    - Abilities:
      - Strength
      Name: Ability Modifier Damage
    - Effects:
      - Name: Prone
      - Mode: Pull
        Amount: STR + 2
        Name: Slide Opponent
      Name: MovementControl
    - Amount: +8
      Name: To-Hit Bonus to Current Attack
    - Movement:
      - Timing: Anytime
        Amount: +8
        Name: Shift
      Name: Skirmish Movement
  Modifiers: []
- Template: Conditions
  Tool: Weapon
  Attacks:
  - WeaponDice: 6
    Ability: Strength
    DamageTypes:
    - Fire
    Target: Range
    Modifiers:
    - Abilities:
      - Strength
      Name: Ability Modifier Damage
    - Duration: EndOfUserNextTurn
      Conditions:
      - Name: Slowed
      Name: Condition
    - Duration: EndOfUserNextTurn
      SelfBoosts:
      - Amount: +2
        Limit: NextAttack
        Name: Attack
      - Name: Healing Surge
      AllyBoosts:
      - Amount: +2
        Name: Defense
      AllyType: Single
      Name: Boost
  Modifiers: []
- Template: Interrupt Penalty
  Tool: Weapon
  Attacks:
  - WeaponDice: 7.5
    Ability: Dexterity
    DamageTypes:
    - Weapon
    Target: Range
    Modifiers:
    - Abilities:
      - Strength
      Name: Ability Modifier Damage
    - Movement:
      - Timing: After
        Amount: STR
        Name: Shift
      Name: Skirmish Movement
    - Amount: STR + 2
      Name: To-Hit Bonus to Current Attack
  Modifiers: []
Encounter27:
- Template: Multiattack
  Tool: Weapon
  Attacks:
  - WeaponDice: 3
    Ability: Strength
    DamageTypes:
    - Weapon
    Target: Range
    Modifiers:
    - Name: UpToThreeTargets
    - Abilities:
      - Strength
      Name: Ability Modifier Damage
  Modifiers: []
- Template: Accurate
  Tool: Weapon
  Attacks:
  - WeaponDice: 3
    Ability: Strength
    DamageTypes:
    - Fire
    Target: Range
    Modifiers:
    - Abilities:
      - Strength
      Name: Ability Modifier Damage
    - Defense: Fortitude
      Name: Non-Armor Defense
    - Amount: DEX + 2
      Name: To-Hit Bonus to Current Attack
  Modifiers: []
- Template: Interrupt Penalty
  Tool: Weapon
  Attacks:
  - WeaponDice: 4.5
    Ability: Dexterity
    DamageTypes:
    - Weapon
    Target: Range
    Modifiers:
    - Abilities:
      - Strength
      Name: Ability Modifier Damage
  Modifiers:
  - Name: OpportunityAction
- Template: Skirmish
  Tool: Weapon
  Attacks:
  - WeaponDice: 3
    Ability: Dexterity
    DamageTypes:
    - Weapon
    Target: Range
    Modifiers:
    - Abilities:
      - Strength
      Name: Ability Modifier Damage
    - Defense: Fortitude
      Name: Non-Armor Defense
    - Movement:
      - Timing: Anytime
        Amount: STR + 2
        Name: Shift
      Name: Skirmish Movement
  Modifiers: []
Daily29:
- Template: Multiattack
  Tool: Weapon
  Attacks:
  - WeaponDice: 8.5
    Ability: Strength
    DamageTypes:
    - Fire
    Target: Range
    Modifiers:
    - Name: UpToThreeTargets
    - Abilities:
      - Strength
      Name: Ability Modifier Damage
  Modifiers: []
- Template: Multiattack
  Tool: Weapon
  Attacks:
  - WeaponDice: 7
    Ability: Strength
    DamageTypes:
    - Weapon
    Target: Range
    Modifiers:
    - Name: UpToThreeTargets
    - Abilities:
      - Strength
      Name: Ability Modifier Damage
    - Duration: EndOfUserNextTurn
      SelfBoosts:
      - Amount: DEX
        Name: Regeneration
      AllyBoosts:
      - Amount: STR
        Limit: Target
        Name: Attack
      - Amount: DEX
        Name: Temporary Hit Points
      AllyType: Single
      Name: Boost
  Modifiers: []
- Template: Close blast
  Tool: Weapon
  Attacks:
  - WeaponDice: 6.4000000000000004
    Ability: Dexterity
    DamageTypes:
    - Fire
    Target: Range
    Modifiers:
    - Abilities:
      - Strength
      Name: Ability Modifier Damage
    - Movement:
      - Timing: Anytime
        Amount: STR
        Name: Shift
      Name: Skirmish Movement
    - Size: 2
      Type: Blast
      Name: Multiple
    - Effects:
      - Name: Prone
      Name: MovementControl
  Modifiers: []
- Template: Accurate
  Tool: Weapon
  Attacks:
  - WeaponDice: 7.5
    Ability: Strength
    DamageTypes:
    - Fire
    Target: Range
    Modifiers:
    - Abilities:
      - Strength
      Name: Ability Modifier Damage
    - Defense: Fortitude
      Name: Non-Armor Defense
    - Movement:
      - Timing: Anytime
        Amount: DEX + 2
        Name: Shift
      Name: Skirmish Movement
    - Amount: DEX + 2
      Name: To-Hit Bonus to Current Attack
  Modifiers: []
