- Template: Close burst
  Tool: Implement
  Attacks:
  - WeaponDice: 0.66666666666666652
    Ability: Strength
    DamageTypes:
    - Radiant
    Target: Range
    Modifiers:
    - Defense: Fortitude
      Name: Non-Armor Defense
    - Abilities:
      - Strength
      Name: Ability Modifier Damage
    - Size: 3
      Type: Burst
      Name: Multiple
  Modifiers: []
- Name: Generated
  Frequency: AtWill
  ActionType: Standard
  Keywords:
  - Implement
  Level: 1
  Effects:
  - Target:
      Effect:
        Attack:
          Kind: Strength
          Bonus: +0
          Defense: Fortitude
          Hit:
            Damage:
            - Amount: d6 + STR
              Types:
              - Radiant
      Type: Creature
      YouChoose: false
      Burst: 3
      Ranged: {}
