Attacks:
- Target:
    Name: Basic Target
    Target: Enemy, Self, Ally
  Ability: Strength
  Effects:
  - Target:
      Name: See Other
    EffectType: Harmful
    Modifiers:
    - Name: Damage
      Damage: 1[W] + STR
      DamageTypes: []
  Modifiers: []
Modifiers:
- Name: Power Source
  PowerSource: Martial
Effects:
- Target:
    Name: Basic Target
    Target: Ally
  EffectType: Beneficial
  Modifiers:
  - Name: Boost
    Boosts:
    - Name: Attack
      Amount: +2
      Limit: NextAttack
