- Level: 1
  PowerProfile:
    Usage: Daily
    Tool: Weapon
    ToolRange: Melee
    Attacks:
    - WeaponDice: 1
      Ability: Strength
      DamageTypes:
      - Normal
      Effects:
      - Target: Enemy
        Modifiers:
        - Effects:
          - Name: Prone
          - Mode: Pull
            Amount: +4
            Name: Slide Opponent
          Name: MovementControl
      Modifiers:
      - Abilities:
        - Strength
        Name: Ability Modifier Damage
    Modifiers:
    - PowerSource: Martial
      Name: Power Source
    Effects: []
- Name: Unknown
  TypeInfo: Weapon Attack 1
  PowerUsage: Daily
  Keywords:
  - Martial
  - Weapon
  ActionType: Standard Action
  AttackType: Melee
  AttackTypeDetails: weapon
  Target: One creature
  Attack: STR vs. AC
  RulesText:
  - Label: Hit
    Text: 1[W] + STR damage and the target is knocked prone and is pulled +4 squares.
