Template: Accurate
Tool: Implement
Attacks:
- WeaponDice: 1
  Ability: Strength
  DamageTypes:
  - Radiant
  Target: Range
  Modifiers:
  - Defense: Fortitude
    Name: Non-Armor Defense
  - Abilities:
    - Strength
    Name: Ability Modifier Damage
  - Defense: Fortitude
    Name: Non-Armor Defense
Modifiers: []
