Template: Conditions
Tool: Implement
Attacks:
- WeaponDice: 1
  DamageTypes:
  - Radiant
  Target: Range
  Modifiers:
  - Modifier: Non-Armor Defense
    Cost:
      Multiplier: 1
    Options:
      Defense: Fortitude
  - Modifier: Ability Modifier Damage
    Cost:
      Fixed: 0.5
      Multiplier: 1
    Options:
      Ability: Strength
  - Modifier: Slowed
    Cost:
      Fixed: 0.5
      Multiplier: 1
    Options:
      Duration: EndOfUserNextTurn
