- Level: 1
  PowerProfile:
    Usage: AtWill
    Tool: Implement
    ToolRange: Range
    Attacks:
    - Ability: Strength
      Effects:
      - Target:
          Target: Enemy, Self, Ally
          Size: 3
          Type: Burst
          Name: Multiple
        EffectType: Harmful
        Modifiers:
        - Damage: d4 + STR
          DamageTypes:
          - Radiant
          Name: Damage
      Modifiers:
      - Defense: Fortitude
        Name: Non-Armor Defense
    Modifiers:
    - PowerSource: Arcane
      Name: Power Source
    Effects: []
- Name: Unknown
  TypeInfo: Implement Attack 1
  PowerUsage: At-Will
  Keywords:
  - Arcane
  - Implement
  ActionType: Standard Action
  AttackType: Close
  AttackTypeDetails: burst 1
  Target: Each creature
  Attack: STR vs. Fortitude
  RulesText:
  - Label: Hit
    Text: d4 + STR radiant damage.
