AtWill1:
- Template: Multiattack
  Attacks:
  - WeaponDice: 1
    DamageTypes:
    - Weapon
    Target: Range
    Modifiers: []
  - WeaponDice: 1
    DamageTypes:
    - Weapon
    Target: Range
    Modifiers: []
- Template: Bonus
  Attacks:
  - WeaponDice: 1
    DamageTypes:
    - Weapon
    Target: Range
    Modifiers:
    - Name: Ability Modifier Damage
    - Target: AllyWithin5
      Boosts:
      - Amount: STR
        Name: Regeneration
      Name: Boost
- Template: Accurate
  Attacks:
  - WeaponDice: 1
    DamageTypes:
    - Weapon
    Target: Range
    Modifiers:
    - Name: Ability Modifier Damage
    - Cost:
        Fixed: 0.5
        Multiplier: 1
      Defense: Fortitude
      Name: Non-Armor Defense
- Template: Skirmish
  Attacks:
  - WeaponDice: 1
    DamageTypes:
    - Weapon
    Target: Range
    Modifiers:
    - Name: Ability Modifier Damage
    - Movement:
      - Timing: Before
        Amount: +1
        Name: Shift
      - Timing: After
        Amount: +1
        Name: Shift
      Name: Skirmish Movement
Encounter1:
- Template: Multiattack
  Attacks:
  - WeaponDice: 1
    Ability: Dexterity
    DamageTypes:
    - Weapon
    Target: Range
    Modifiers: []
  - WeaponDice: 1
    Ability: Dexterity
    DamageTypes:
    - Weapon
    Target: Range
    Modifiers:
    - Name: Ability Modifier Damage
    - Target: AllyWithin5
      Boosts:
      - Amount: STR
        Name: Regeneration
      Name: Boost
- Template: Multiattack
  Attacks:
  - WeaponDice: 2
    DamageTypes:
    - Weapon
    Target: Range
    Modifiers:
    - Name: Ability Modifier Damage
    - Cost:
        Fixed: 0.5
        Multiplier: 1
      Amount: +2
      Name: To-Hit Bonus to Current Attack
- Template: Accurate
  Attacks:
  - WeaponDice: 2
    DamageTypes:
    - Fire
    Target: Range
    Modifiers:
    - Name: Ability Modifier Damage
    - Cost:
        Fixed: 0.5
        Multiplier: 1
      Amount: DEX
      Name: To-Hit Bonus to Current Attack
- Template: Conditions
  Attacks:
  - WeaponDice: 1
    Ability: Dexterity
    DamageTypes:
    - Weapon
    Target: Range
    Modifiers:
    - Name: Ability Modifier Damage
    - Conditions:
      - Name: Slowed
      Name: Condition
    - Cost:
        Fixed: 0.5
        Multiplier: 1
      Amount: +2
      Name: To-Hit Bonus to Current Attack
    - Cost:
        Fixed: 0.5
        Multiplier: 1
      Defense: Fortitude
      Name: Non-Armor Defense
Daily1:
- Template: Multiattack
  Attacks:
  - WeaponDice: 1
    DamageTypes:
    - Fire
    Target: Range
    Modifiers:
    - Name: Ability Modifier Damage
    - Cost:
        Fixed: 0.5
        Multiplier: 1
      Amount: DEX
      Name: To-Hit Bonus to Current Attack
  - WeaponDice: 1
    DamageTypes:
    - Fire
    Target: Range
    Modifiers:
    - Name: Ability Modifier Damage
    - Cost:
        Fixed: 0.5
        Multiplier: 1
      Amount: +2
      Name: To-Hit Bonus to Current Attack
    - Movement:
      - Timing: Before
        Amount: STR
        Name: Shift
      Name: Skirmish Movement
- Template: Conditions
  Attacks:
  - WeaponDice: 1.5
    Ability: Dexterity
    DamageTypes:
    - Weapon
    Target: Range
    Modifiers:
    - Name: Ability Modifier Damage
    - Conditions:
      - Defense: ArmorClass
        Name: Defense Penalty
      Name: Condition
    - Cost:
        Fixed: 1
        Multiplier: 1
      Name: Prone
    - Cost:
        Fixed: 0.5
        Multiplier: 1
      Amount: +2
      Name: To-Hit Bonus to Current Attack
    - Cost:
        Fixed: 0.5
        Multiplier: 1
      Defense: Fortitude
      Name: Non-Armor Defense
- Template: Skirmish
  Attacks:
  - WeaponDice: 2
    DamageTypes:
    - Weapon
    Target: Range
    Modifiers:
    - Name: Ability Modifier Damage
    - Movement:
      - Timing: After
        Amount: +2
        Name: Shift
      Name: Skirmish Movement
    - Cost:
        Fixed: 0.5
        Multiplier: 1
      Amount: +2
      Name: To-Hit Bonus to Current Attack
    - Target: AllyWithin5
      Boosts:
      - Amount: STR
        Limit: Target
        Name: Attack
      Name: Boost
    - Cost:
        Fixed: 0.5
        Multiplier: 1
      Defense: Fortitude
      Name: Non-Armor Defense
- Template: Interrupt Penalty
  Attacks:
  - WeaponDice: 1
    DamageTypes:
    - Fire
    Target: Range
    Modifiers:
    - Cost:
        Fixed: 1.5
        Multiplier: 1
      Name: OpportunityAction
    - Name: Ability Modifier Damage
    - Duration: SaveEnds
      Conditions:
      - Defense: Fortitude
        Name: Defense Penalty
      Name: Condition
    - Cost:
        Fixed: 0.5
        Multiplier: 1
      Amount: +2
      Name: To-Hit Bonus to Current Attack
Encounter3:
- Template: Multiattack
  Attacks:
  - WeaponDice: 1
    Ability: Dexterity
    DamageTypes:
    - Weapon
    Target: Range
    Modifiers:
    - Name: Ability Modifier Damage
  - WeaponDice: 1
    Ability: Dexterity
    DamageTypes:
    - Weapon
    Target: Range
    Modifiers:
    - Name: Ability Modifier Damage
- Template: Close blast
  Attacks:
  - WeaponDice: 1.5
    Ability: Dexterity
    DamageTypes:
    - Weapon
    Target: Range
    Modifiers:
    - Cost:
        Multiplier: 0.66666666666666663
      Size: 3x3
      Type: Blast
      Name: Multiple
    - Name: Ability Modifier Damage
- Template: Skirmish
  Attacks:
  - WeaponDice: 2
    DamageTypes:
    - Fire
    Target: Range
    Modifiers:
    - Name: Ability Modifier Damage
    - Movement:
      - Timing: Before
        Amount: +2
        Name: Shift
      Name: Skirmish Movement
- Template: Accurate
  Attacks:
  - WeaponDice: 2
    Ability: Dexterity
    DamageTypes:
    - Weapon
    Target: Range
    Modifiers:
    - Name: Ability Modifier Damage
    - Cost:
        Fixed: 0.5
        Multiplier: 1
      Defense: Fortitude
      Name: Non-Armor Defense
Daily5:
- Template: Multiattack
  Attacks:
  - WeaponDice: 3
    DamageTypes:
    - Fire
    Target: Range
    Modifiers:
    - Name: Ability Modifier Damage
    - Movement:
      - Timing: After
        Amount: STR
        Name: Shift
      Name: Skirmish Movement
    - Cost:
        Fixed: 0.5
        Multiplier: 1
      Amount: +2
      Name: To-Hit Bonus to Current Attack
    - Cost:
        Fixed: 1
        Multiplier: 1
      Name: Prone
- Template: Interrupt Penalty
  Attacks:
  - WeaponDice: 2
    Ability: Dexterity
    DamageTypes:
    - Weapon
    Target: Range
    Modifiers:
    - Cost:
        Fixed: 2.5
        Multiplier: 1
      Name: OpportunityAction
    - Name: Ability Modifier Damage
    - Movement:
      - Timing: Before
        Amount: STR
        Name: Shift
      Name: Skirmish Movement
- Template: Multiattack
  Attacks:
  - WeaponDice: 4
    DamageTypes:
    - Fire
    Target: Range
    Modifiers:
    - Name: Ability Modifier Damage
    - Cost:
        Fixed: 1
        Multiplier: 1
      Name: Prone
- Template: Skirmish
  Attacks:
  - WeaponDice: 3
    Ability: Dexterity
    DamageTypes:
    - Weapon
    Target: Range
    Modifiers:
    - Name: Ability Modifier Damage
    - Movement:
      - Amount: +2
        Name: Shift
      Name: Skirmish Movement
    - Target: AdjacentAlly
      Boosts:
      - Amount: +2
        Defense: ArmorClass
        Name: Defense
      Name: Boost
    - Cost:
        Fixed: 0.5
        Multiplier: 1
      Amount: STR
      Name: To-Hit Bonus to Current Attack
    - Cost:
        Fixed: 0.5
        Multiplier: 1
      Defense: Fortitude
      Name: Non-Armor Defense
Encounter7:
- Template: Multiattack
  Attacks:
  - WeaponDice: 1
    DamageTypes:
    - Weapon
    Target: Range
    Modifiers:
    - Name: Ability Modifier Damage
  - WeaponDice: 1
    DamageTypes:
    - Weapon
    Target: Range
    Modifiers:
    - Name: Ability Modifier Damage
- Template: Multiattack
  Attacks:
  - WeaponDice: 1
    Ability: Dexterity
    DamageTypes:
    - Fire
    Target: Range
    Modifiers:
    - Name: Ability Modifier Damage
  - WeaponDice: 1
    Ability: Dexterity
    DamageTypes:
    - Fire
    Target: Range
    Modifiers:
    - Name: Ability Modifier Damage
- Template: Skirmish
  Attacks:
  - WeaponDice: 1
    Ability: Dexterity
    DamageTypes:
    - Fire
    Target: Range
    Modifiers:
    - Name: Ability Modifier Damage
    - Movement:
      - Name: Non-Provoking Movement
      Name: Skirmish Movement
    - Cost:
        Fixed: 0.5
        Multiplier: 1
      Amount: +2
      Name: To-Hit Bonus to Current Attack
    - Cost:
        Fixed: 0.5
        Multiplier: 1
      Defense: Fortitude
      Name: Non-Armor Defense
- Template: Conditions
  Attacks:
  - WeaponDice: 1
    Ability: Dexterity
    DamageTypes:
    - Fire
    Target: Range
    Modifiers:
    - Name: Ability Modifier Damage
    - Conditions:
      - Name: Slowed
      Name: Condition
    - Boosts:
      - Amount: +2
        Defense: Fortitude
        Name: Defense
      Name: Boost
    - Cost:
        Fixed: 0.5
        Multiplier: 1
      Defense: Will
      Name: Non-Armor Defense
Daily9:
- Template: Multiattack
  Attacks:
  - WeaponDice: 4
    DamageTypes:
    - Fire
    Target: Range
    Modifiers:
    - Name: Ability Modifier Damage
    - Cost:
        Fixed: 1
        Multiplier: 1
      Name: Prone
    - Cost:
        Fixed: 0.5
        Multiplier: 1
      Amount: +2
      Name: To-Hit Bonus to Current Attack
    - Conditions:
      - Defense: ArmorClass
        Name: Defense Penalty
      Name: Condition
- Template: Multiattack
  Attacks:
  - WeaponDice: 2.5
    Ability: Dexterity
    DamageTypes:
    - Weapon
    Target: Range
    Modifiers:
    - Name: Ability Modifier Damage
  - WeaponDice: 3
    Ability: Dexterity
    DamageTypes:
    - Weapon
    Target: Range
    Modifiers:
    - Name: Ability Modifier Damage
- Template: Skirmish
  Attacks:
  - WeaponDice: 2
    DamageTypes:
    - Weapon
    Target: Range
    Modifiers:
    - Name: Ability Modifier Damage
    - Movement:
      - Timing: Before
        Amount: +2
        Name: Shift
      Name: Skirmish Movement
    - Duration: SaveEnds
      Conditions:
      - Defense: Fortitude
        Name: Defense Penalty
      Name: Condition
  - WeaponDice: 2
    DamageTypes:
    - Weapon
    Target: Range
    Modifiers:
    - Name: Ability Modifier Damage
- Template: Interrupt Penalty
  Attacks:
  - WeaponDice: 4
    Ability: Dexterity
    DamageTypes:
    - Weapon
    Target: Range
    Modifiers:
    - Name: Ability Modifier Damage
    - Duration: EndOfEncounter
      Target: AllyWithin5
      Boosts:
      - Amount: +2
        Defense: Reflex
        Name: Defense
      Name: Boost
Encounter11:
- Template: Multiattack
  Attacks:
  - WeaponDice: 1.5
    DamageTypes:
    - Weapon
    Target: Range
    Modifiers:
    - Name: Ability Modifier Damage
  - WeaponDice: 1.5
    DamageTypes:
    - Weapon
    Target: Range
    Modifiers:
    - Name: Ability Modifier Damage
- Template: Multiattack
  Attacks:
  - WeaponDice: 1
    Ability: Dexterity
    DamageTypes:
    - Fire
    Target: Range
    Modifiers:
    - Name: Ability Modifier Damage
    - Cost:
        Fixed: 0.5
        Multiplier: 1
      Defense: Reflex
      Name: Non-Armor Defense
  - WeaponDice: 1
    Ability: Dexterity
    DamageTypes:
    - Fire
    Target: Range
    Modifiers: []
  - WeaponDice: 1
    Ability: Dexterity
    DamageTypes:
    - Fire
    Target: Range
    Modifiers: []
- Template: Accurate
  Attacks:
  - WeaponDice: 3
    Ability: Dexterity
    DamageTypes:
    - Weapon
    Target: Range
    Modifiers:
    - Name: Ability Modifier Damage
    - Cost:
        Fixed: 0.5
        Multiplier: 1
      Defense: Fortitude
      Name: Non-Armor Defense
- Template: Conditions
  Attacks:
  - WeaponDice: 3
    DamageTypes:
    - Weapon
    Target: Range
    Modifiers:
    - Name: Ability Modifier Damage
    - Conditions:
      - Defense: Will
        Name: Defense Penalty
      Name: Condition
Encounter13:
- Template: Multiattack
  Attacks:
  - WeaponDice: 1
    Ability: Dexterity
    DamageTypes:
    - Weapon
    Target: Range
    Modifiers:
    - Name: Ability Modifier Damage
    - Movement:
      - Timing: Before
        Amount: STR
        Name: Shift
      Name: Skirmish Movement
  - WeaponDice: 1
    Ability: Dexterity
    DamageTypes:
    - Weapon
    Target: Range
    Modifiers:
    - Name: Ability Modifier Damage
    - Conditions:
      - Name: Slowed
      Name: Condition
- Template: Bonus
  Attacks:
  - WeaponDice: 3
    Ability: Dexterity
    DamageTypes:
    - Fire
    Target: Range
    Modifiers:
    - Name: Ability Modifier Damage
    - Target: AllyWithin5
      Boosts:
      - Amount: STR
        Name: Temporary Hit Points
      Name: Boost
- Template: Multiattack
  Attacks:
  - WeaponDice: 3
    DamageTypes:
    - Fire
    Target: Range
    Modifiers:
    - Name: Ability Modifier Damage
    - Cost:
        Fixed: 0.5
        Multiplier: 1
      Amount: +2
      Name: To-Hit Bonus to Current Attack
- Template: Skirmish
  Attacks:
  - WeaponDice: 1.1666666666666665
    Ability: Dexterity
    DamageTypes:
    - Fire
    Target: Range
    Modifiers:
    - Name: Ability Modifier Damage
    - Movement:
      - Timing: After
        Amount: +2
        Name: Shift
      Name: Skirmish Movement
    - Cost:
        Multiplier: 0.66666666666666663
      Size: 3x3
      Type: Blast
      Name: Multiple
    - Cost:
        Fixed: 0.5
        Multiplier: 1
      Defense: Reflex
      Name: Non-Armor Defense
Daily15:
- Template: Multiattack
  Attacks:
  - WeaponDice: 4.5
    DamageTypes:
    - Weapon
    Target: Range
    Modifiers:
    - Name: Ability Modifier Damage
    - Cost:
        Fixed: 0.5
        Multiplier: 1
      Amount: DEX
      Name: To-Hit Bonus to Current Attack
    - Cost:
        Fixed: 1
        Multiplier: 1
      Name: Prone
    - Target: AdjacentAlly
      Boosts:
      - Amount: +2
        Defense: ArmorClass
        Name: Defense
      Name: Boost
    - Cost:
        Fixed: 0.5
        Multiplier: 1
      Defense: Reflex
      Name: Non-Armor Defense
- Template: Conditions
  Attacks:
  - WeaponDice: 5
    Ability: Dexterity
    DamageTypes:
    - Weapon
    Target: Range
    Modifiers:
    - Name: Ability Modifier Damage
    - Conditions:
      - Name: Slowed
      Name: Condition
    - Cost:
        Fixed: 0.5
        Multiplier: 1
      Amount: +2
      Name: To-Hit Bonus to Current Attack
    - Boosts:
      - Amount: STR
        Name: Temporary Hit Points
      Name: Boost
    - Cost:
        Fixed: 0.5
        Multiplier: 1
      Defense: Fortitude
      Name: Non-Armor Defense
- Template: Multiattack
  Attacks:
  - WeaponDice: 5
    Ability: Dexterity
    DamageTypes:
    - Fire
    Target: Range
    Modifiers:
    - Name: Ability Modifier Damage
    - Cost:
        Fixed: 0.5
        Multiplier: 1
      Amount: +2
      Name: To-Hit Bonus to Current Attack
    - Duration: SaveEnds
      Conditions:
      - Name: Slowed
      Name: Condition
    - Movement:
      - Amount: +2
        Name: Shift
      Name: Skirmish Movement
- Template: Accurate
  Attacks:
  - WeaponDice: 5
    Ability: Dexterity
    DamageTypes:
    - Weapon
    Target: Range
    Modifiers:
    - Name: Ability Modifier Damage
    - Cost:
        Fixed: 0.5
        Multiplier: 1
      Defense: Fortitude
      Name: Non-Armor Defense
    - Target: AllyWithin5
      Boosts:
      - Amount: DEX
        Limit: Target
        Name: Attack
      Name: Boost
    - Conditions:
      - Name: Dazed
      Name: Condition
    - Movement:
      - Amount: STR
        Name: Shift
      Name: Skirmish Movement
Encounter17:
- Template: Multiattack
  Attacks:
  - WeaponDice: 3
    DamageTypes:
    - Fire
    Target: Range
    Modifiers:
    - Name: Ability Modifier Damage
    - Conditions:
      - Name: Slowed
      Name: Condition
- Template: Multiattack
  Attacks:
  - WeaponDice: 3
    DamageTypes:
    - Weapon
    Target: Range
    Modifiers:
    - Name: Ability Modifier Damage
    - Cost:
        Fixed: 0.5
        Multiplier: 1
      Amount: +2
      Name: To-Hit Bonus to Current Attack
- Template: Accurate
  Attacks:
  - WeaponDice: 1.5
    DamageTypes:
    - Weapon
    Target: Range
    Modifiers:
    - Name: Ability Modifier Damage
    - Cost:
        Fixed: 0.5
        Multiplier: 1
      Amount: +2
      Name: To-Hit Bonus to Current Attack
    - Duration: SaveEnds
      Conditions:
      - Name: Dazed
      Name: Condition
    - Cost:
        Fixed: 0.5
        Multiplier: 1
      Defense: Fortitude
      Name: Non-Armor Defense
- Template: Skirmish
  Attacks:
  - WeaponDice: 2
    DamageTypes:
    - Weapon
    Target: Range
    Modifiers:
    - Name: Ability Modifier Damage
    - Movement:
      - Amount: +2
        Name: Shift
      Name: Skirmish Movement
    - Cost:
        Fixed: 0.5
        Multiplier: 1
      Amount: +2
      Name: To-Hit Bonus to Current Attack
    - Cost:
        Fixed: 0.5
        Multiplier: 1
      Defense: Fortitude
      Name: Non-Armor Defense
Daily19:
- Template: Multiattack
  Attacks:
  - WeaponDice: 3
    Ability: Dexterity
    DamageTypes:
    - Fire
    Target: Range
    Modifiers:
    - Name: Ability Modifier Damage
    - Cost:
        Multiplier: 0.66666666666666663
      Size: 3x3
      Type: Blast
      Name: Multiple
    - Cost:
        Fixed: 0.5
        Multiplier: 1
      Defense: Fortitude
      Name: Non-Armor Defense
  - WeaponDice: 2
    Ability: Dexterity
    DamageTypes:
    - Fire
    Target: Range
    Modifiers:
    - Name: SecondaryAttack
    - Name: Ability Modifier Damage
    - Movement:
      - Timing: After
        Amount: STR
        Name: Shift
      Name: Skirmish Movement
  - WeaponDice: 1.5
    Ability: Dexterity
    DamageTypes:
    - Fire
    Target: Range
    Modifiers:
    - Name: Ability Modifier Damage
- Template: Multiattack
  Attacks:
  - WeaponDice: 6
    Ability: Dexterity
    DamageTypes:
    - Weapon
    Target: Range
    Modifiers:
    - Name: Ability Modifier Damage
    - Cost:
        Fixed: 0.5
        Multiplier: 1
      Amount: +2
      Name: To-Hit Bonus to Current Attack
    - Cost:
        Fixed: 1
        Multiplier: 1
      Name: Prone
    - Conditions:
      - Name: Slowed
      Name: Condition
- Template: Accurate
  Attacks:
  - WeaponDice: 5
    DamageTypes:
    - Weapon
    Target: Range
    Modifiers:
    - Name: Ability Modifier Damage
    - Cost:
        Fixed: 0.5
        Multiplier: 1
      Defense: Fortitude
      Name: Non-Armor Defense
    - Cost:
        Fixed: 1
        Multiplier: 1
      Name: Prone
    - Movement:
      - Timing: Before
        Amount: +2
        Name: Shift
      Name: Skirmish Movement
    - Duration: SaveEnds
      Conditions:
      - Amount: 5
        Name: Ongoing
      Name: Condition
- Template: Skirmish
  Attacks:
  - WeaponDice: 6
    Ability: Dexterity
    DamageTypes:
    - Weapon
    Target: Range
    Modifiers:
    - Name: Ability Modifier Damage
    - Movement:
      - Timing: Before
        Amount: +2
        Name: Shift
      Name: Skirmish Movement
    - Cost:
        Fixed: 0.5
        Multiplier: 1
      Amount: +2
      Name: To-Hit Bonus to Current Attack
    - Target: AllyWithin5
      Boosts:
      - Amount: STR
        Limit: NextAttack
        Name: Attack
      Name: Boost
    - Cost:
        Fixed: 0.5
        Multiplier: 1
      Defense: Will
      Name: Non-Armor Defense
Daily20:
- Template: Multiattack
  Attacks:
  - WeaponDice: 3
    DamageTypes:
    - Fire
    Target: Range
    Modifiers:
    - Name: Ability Modifier Damage
    - Boosts:
      - Amount: DEX
        Limit: Target
        Name: Attack
      Name: Boost
  - WeaponDice: 3
    DamageTypes:
    - Fire
    Target: Range
    Modifiers:
    - Name: Ability Modifier Damage
    - Cost:
        Fixed: 1
        Multiplier: 1
      Name: Prone
- Template: Conditions
  Attacks:
  - WeaponDice: 3
    Ability: Dexterity
    DamageTypes:
    - Weapon
    Target: Range
    Modifiers:
    - Name: Ability Modifier Damage
    - Conditions:
      - Name: Blinded
      Name: Condition
    - Movement:
      - Timing: Before
        Amount: STR
        Name: Shift
      Name: Skirmish Movement
  - WeaponDice: 3
    Ability: Dexterity
    DamageTypes:
    - Weapon
    Target: Range
    Modifiers:
    - Name: Ability Modifier Damage
- Template: Close blast
  Attacks:
  - WeaponDice: 7
    Ability: Dexterity
    DamageTypes:
    - Fire
    Target: Range
    Modifiers:
    - Name: Ability Modifier Damage
    - Cost:
        Fixed: 1
        Multiplier: 1
      Name: Prone
- Template: Accurate
  Attacks:
  - WeaponDice: 5.5
    Ability: Dexterity
    DamageTypes:
    - Weapon
    Target: Range
    Modifiers:
    - Name: Ability Modifier Damage
    - Cost:
        Fixed: 0.5
        Multiplier: 1
      Defense: Fortitude
      Name: Non-Armor Defense
    - Conditions:
      - Name: Blinded
      Name: Condition
    - Movement:
      - Timing: Before
        Amount: STR
        Name: Shift
      Name: Skirmish Movement
    - Cost:
        Fixed: 0.5
        Multiplier: 1
      Amount: +2
      Name: To-Hit Bonus to Current Attack
Encounter23:
- Template: Multiattack
  Attacks:
  - WeaponDice: 4
    Ability: Dexterity
    DamageTypes:
    - Weapon
    Target: Range
    Modifiers:
    - Name: Ability Modifier Damage
    - Target: AdjacentAlly
      Boosts:
      - Amount: +2
        Name: Regeneration
      Name: Boost
- Template: Multiattack
  Attacks:
  - WeaponDice: 3
    DamageTypes:
    - Fire
    Target: Range
    Modifiers:
    - Name: Ability Modifier Damage
    - Conditions:
      - Name: Immobilized
      Name: Condition
    - Target: AdjacentAlly
      Boosts:
      - Amount: +2
        Limit: NextAttack
        Name: Attack
      Name: Boost
- Template: Conditions
  Attacks:
  - WeaponDice: 3
    DamageTypes:
    - Fire
    Target: Range
    Modifiers:
    - Name: Ability Modifier Damage
    - Duration: SaveEnds
      Conditions:
      - Name: Dazed
      Name: Condition
    - Cost:
        Fixed: 0.5
        Multiplier: 1
      Amount: +2
      Name: To-Hit Bonus to Current Attack
- Template: Interrupt Penalty
  Attacks:
  - WeaponDice: 1
    Ability: Dexterity
    DamageTypes:
    - Weapon
    Target: Range
    Modifiers:
    - Cost:
        Fixed: 2
        Multiplier: 1
      Name: OpportunityAction
    - Name: Ability Modifier Damage
    - Cost:
        Fixed: 1
        Multiplier: 1
      Name: Prone
    - Movement:
      - Name: Non-Provoking Movement
      Name: Skirmish Movement
Daily25:
- Template: Multiattack
  Attacks:
  - WeaponDice: 8
    Ability: Dexterity
    DamageTypes:
    - Fire
    Target: Range
    Modifiers:
    - Name: Ability Modifier Damage
    - Cost:
        Fixed: 1
        Multiplier: 1
      Name: Prone
- Template: Close blast
  Attacks:
  - WeaponDice: 8
    Ability: Dexterity
    DamageTypes:
    - Fire
    Target: Range
    Modifiers:
    - Name: Ability Modifier Damage
    - Cost:
        Fixed: 0.5
        Multiplier: 1
      Amount: +2
      Name: To-Hit Bonus to Current Attack
    - Target: AllyWithin5
      Boosts:
      - Amount: STR
        Name: Temporary Hit Points
      Name: Boost
- Template: Accurate
  Attacks:
  - WeaponDice: 3.833333333333333
    DamageTypes:
    - Fire
    Target: Range
    Modifiers:
    - Name: Ability Modifier Damage
    - Cost:
        Fixed: 0.5
        Multiplier: 1
      Amount: +2
      Name: To-Hit Bonus to Current Attack
    - Cost:
        Fixed: 1
        Multiplier: 1
      Name: Prone
    - Cost:
        Multiplier: 0.66666666666666663
      Size: 3x3
      Type: Blast
      Name: Multiple
    - Cost:
        Fixed: 0.5
        Multiplier: 1
      Defense: Fortitude
      Name: Non-Armor Defense
- Template: Skirmish
  Attacks:
  - WeaponDice: 6.5
    Ability: Dexterity
    DamageTypes:
    - Fire
    Target: Range
    Modifiers:
    - Name: Ability Modifier Damage
    - Movement:
      - Timing: After
        Amount: STR
        Name: Shift
      Name: Skirmish Movement
    - Cost:
        Fixed: 1
        Multiplier: 1
      Name: Prone
    - Cost:
        Fixed: 0.5
        Multiplier: 1
      Amount: +2
      Name: To-Hit Bonus to Current Attack
    - Cost:
        Fixed: 0.5
        Multiplier: 1
      Defense: Fortitude
      Name: Non-Armor Defense
Encounter27:
- Template: Multiattack
  Attacks:
  - WeaponDice: 3
    Ability: Dexterity
    DamageTypes:
    - Weapon
    Target: Range
    Modifiers:
    - Name: Ability Modifier Damage
    - Movement:
      - Timing: Before
        Amount: +1
        Name: Shift
      - Timing: After
        Amount: +1
        Name: Shift
      Name: Skirmish Movement
    - Conditions:
      - Name: Slowed
      Name: Condition
    - Cost:
        Fixed: 0.5
        Multiplier: 1
      Defense: Fortitude
      Name: Non-Armor Defense
- Template: Skirmish
  Attacks:
  - WeaponDice: 2
    DamageTypes:
    - Fire
    Target: Range
    Modifiers:
    - Name: Ability Modifier Damage
    - Movement:
      - Timing: Before
        Amount: +1
        Name: Shift
      - Timing: After
        Amount: +1
        Name: Shift
      Name: Skirmish Movement
    - Duration: SaveEnds
      Conditions:
      - Name: Grants Combat Advantage
      Name: Condition
- Template: Accurate
  Attacks:
  - WeaponDice: 3
    DamageTypes:
    - Weapon
    Target: Range
    Modifiers:
    - Name: Ability Modifier Damage
    - Cost:
        Fixed: 0.5
        Multiplier: 1
      Defense: Fortitude
      Name: Non-Armor Defense
    - Cost:
        Fixed: 0.5
        Multiplier: 1
      Amount: DEX
      Name: To-Hit Bonus to Current Attack
    - Movement:
      - Timing: Before
        Amount: STR
        Name: Shift
      Name: Skirmish Movement
- Template: Conditions
  Attacks:
  - WeaponDice: 2
    Ability: Dexterity
    DamageTypes:
    - Weapon
    Target: Range
    Modifiers:
    - Name: Ability Modifier Damage
    - Conditions:
      - Name: Grants Combat Advantage
      Name: Condition
    - Cost:
        Fixed: 1
        Multiplier: 1
      Name: Prone
    - Cost:
        Fixed: 0.5
        Multiplier: 1
      Defense: Fortitude
      Name: Non-Armor Defense
Daily29:
- Template: Multiattack
  Attacks:
  - WeaponDice: 4.5
    DamageTypes:
    - Fire
    Target: Range
    Modifiers:
    - Name: Ability Modifier Damage
  - WeaponDice: 5
    DamageTypes:
    - Fire
    Target: Range
    Modifiers:
    - Name: Ability Modifier Damage
- Template: Skirmish
  Attacks:
  - WeaponDice: 7.5
    DamageTypes:
    - Weapon
    Target: Range
    Modifiers:
    - Name: Ability Modifier Damage
    - Movement:
      - Name: Non-Provoking Movement
      Name: Skirmish Movement
    - Conditions:
      - Name: Blinded
      Name: Condition
    - Cost:
        Fixed: 0.5
        Multiplier: 1
      Amount: +2
      Name: To-Hit Bonus to Current Attack
    - Cost:
        Fixed: 0.5
        Multiplier: 1
      Defense: Fortitude
      Name: Non-Armor Defense
- Template: Conditions
  Attacks:
  - WeaponDice: 7
    DamageTypes:
    - Weapon
    Target: Range
    Modifiers:
    - Name: Ability Modifier Damage
    - Conditions:
      - Name: Weakened
      Name: Condition
    - Duration: EndOfEncounter
      Target: AllyWithin5
      Boosts:
      - Amount: +2
        Defense: Will
        Name: Defense
      Name: Boost
- Template: Accurate
  Attacks:
  - WeaponDice: 4
    DamageTypes:
    - Fire
    Target: Range
    Modifiers:
    - Name: Ability Modifier Damage
    - Cost:
        Fixed: 0.5
        Multiplier: 1
      Defense: Fortitude
      Name: Non-Armor Defense
    - Movement:
      - Timing: Before
        Amount: +2
        Name: Shift
      Name: Skirmish Movement
  - WeaponDice: 4
    DamageTypes:
    - Fire
    Target: Range
    Modifiers:
    - Name: Ability Modifier Damage
    - Cost:
        Fixed: 0.5
        Multiplier: 1
      Amount: +2
      Name: To-Hit Bonus to Current Attack
