Usage: Encounter
Tool: Weapon
ToolRange: Range
Attacks:
- WeaponDice: 1
  Ability: Strength
  DamageTypes:
  - Normal
  Effects: []
  Modifiers:
  - Abilities:
    - Strength
    Name: Ability Modifier Damage
  - Size: 5
    Type: Blast
    Name: Multiple
Modifiers:
- PowerSource: Martial
  Name: Power Source
Effects: []
